- Fetching latest skills
ai-career-planner  v1.0.0  7m ago  AI时代职业规划助手。基于用户当前职业画像，评估AI自动化风险，分析技能差距， 推荐AI时代新职业…
music-craft-minimax  v1.4.1  9m ago  Advanced music generation for OpenClaw, using the…
music-craft  v1.4.1  9m ago  Generate music through a disciplined OpenClaw-nat…
read-later-pro  v1.0.0  11m ago  Read Later Pro - Save, organize, and read web art…
supply-chain-optimizer  v1.0.0  11m ago  智能供应链优化与物流管理技能。覆盖需求预测、库存优化、路径规划、供应商评估四大模块，支持多级供应链…
pet-care-advisor  v1.0.0  11m ago  全生命周期宠物健康管理与养护指导技能。覆盖犬猫常见品种识别、营养方案定制、行为问题分析、疾病早期筛…
mental-wellness-companion  v1.0.1  12m ago  AI驱动的心理健康辅助技能。提供情绪识别、认知行为疗法指导、正念冥想引导、压力评估与干预建议。覆盖…
agrifood-intelligence  v1.0.0  12m ago  农业科技与食品安全智能分析技能。覆盖农作物病虫害识别、土壤分析建议、市场价格预测、食品安全合规、农…
query-papers  v2.1.1  12m ago  从你的专属Gitea知识库中检索相关论文内容，提供有依据且带链接的详细回答和文献分析。
zsxq-post-fetch  v1.0.1  13m ago  知识星球帖子抓取助手 — 自动抓取指定星球的最新帖子，支持全部/仅精华两种筛选模式，支持通过帖子链…
esg-sustainability-analyst  v1.0.0  13m ago  企业ESG报告生成与可持续发展评估技能。覆盖GRI/ISSB/SASB多标准框架，自动收集碳排放数…
ingest-paper  v2.1.1  14m ago  自动解析用户提供的 arxiv 论文或 PDF，生成结构化摘要、更新知识库中的概念和资源页，并同步…
init-user  v2.1.1  16m ago  自动检测飞书用户注册状态，未注册引导完成注册并创建专属Gitea知识库仓库和飞书多维表格。
retirement-guide-skill  v1.0.0  21m ago  提供中国养老规划全流程指导，包括财务缺口计算、分龄行动方案、医疗保障、长护险政策及适老化居住建议。
taiwan-property-valuation  v1.0.0  21m ago  Professional property valuation for Taiwan real e…
aotrust-pdr-notarization  v3.0.1  26m ago  Notarize AI agent work output. Use when proving t…
divorce-guide  v1.0.0  30m ago  绂诲搴旇瘔鎸囧崡AI鍔╂墜銆傚綋鐢ㄦ埛琚捣璇夌濠氶渶瑕佸簲璇夊府鍔╂椂锛屾彁渚涘叏娴佺▼鎸囧…
worldcup-predictor  v1.0.0  33m ago  Predict World Cup 2026 match outcomes using Elo r…
cinematic-scroll  v2.3.3  39m ago  Build cinematic scroll-driven, 3D-tilt, parallax,…
chat-memory-archiver  v1.0.0  40m ago  Extract decisions, todos, knowledge, preferences,…
prompt-defender  v1.0.0  40m ago  Scan AI prompts for injection, jailbreak, and sen…
wechat-digest  v1.0.0  41m ago  Extract, summarize, and synthesize WeChat public …
codebase-radar  v1.0.0  42m ago  Scan codebase for dependency graph, tech debt hot…
trip-planner  v1.0.0  45m ago  Plan trips and build day-by-day travel itinerarie…
btcvision-oracle  v1.0.8  45m ago  Provides live Bitcoin price, AI-driven prediction…
