- Fetching latest skills
woocommerce  v1.0.0  just now  WooCommerce REST API integration with managed OAu…
desktop-control  v1.0.0  just now  Advanced desktop automation with mouse, keyboard,…
nudge-marketplace  v1.0.0  just now
groupon-skill  v1.0.1  just now
moltium  v1.3.1  just now  OpenClaw-first integration with the Moltium backe…
elicitation  v1.0.4  just now  Psychological profiling through natural conversat…
google-slides  v1.0.0  just now  Google Slides API integration with managed OAuth.…
nanopdf  v1.0.0  just now  Edit PDFs with natural-language instructions usin…
summarlze  v1.0.0  just now  Summarize URLs or files with the summarize CLI (w…
agent-autonomy-kit  v1.0.0  just now  Stop waiting for prompts. Keep working.
agent-memory-kit  v2.1.0  just now
proactive-agent-1-2-4  v1.0.0  just now  Transform AI agents from task-followers into proa…
workspace-manager  v1.0.0  just now  Workspace setup and organization assistant for Cl…
dhmz-weather  v1.0.0  just now  Get Croatian weather data, forecasts, and alerts …
workspace-review  v1.0.1  just now  Audit workspace structure and memory files agains…
tubescribe  v1.0.8  just now  YouTube video summarizer with speaker detection, …
ddg  v1.0.0  just now  Use ddgr (DuckDuckGo from the terminal) to perfor…
exa-search  v1.0.0  just now  Use Exa (exa.ai) Search API to search the web and…
kameo-free  v1.0.0  just now  Generate expressive talking-head videos from stat…
whatsapp-telegram-calendar-alert  v1.1.1  just now  Monitor WhatsApp with Telegram alerts and auto-ad…
baidu-baike  v1.0.1  just now  The Baidu Baike Component is a knowledge service …
