- Fetching latest skills
amazon-review-advisor  v1.0.2  just now  帮助亚马逊卖家分类评论情绪，提供差评合规应对方案，优化好评邀请，提炼产品改进和运营策略。
golang-spf13-viper  v1.0.0  just now  Golang configuration library using spf13/viper — …
paytm-integration-skill  v1.0.1  just now  Expert guide for integrating Paytm Payment Gatewa…
web-publisher  v0.7.0  1m ago  输入文章 URL **或本地文档（PDF/DOCX/PPTX/XLSX/EPUB/图片/音频/..…
miaoji-video-script  v1.0.0  1m ago  基于爆款视频结构和产品信息，快速生成适配不同平台的高转化带货视频脚本与分镜方案。
huo15-openclaw-enhance  v5.7.25  2m ago  火一五·克劳德·龙虾增强插件 v5.7.8 — 全面适配 openclaw 2026.4.24：p…
liuyao-divination-power  v1.0.1  3m ago  精准解读传入六爻卦象，逐步分析用神、旺衰、动变、伏神、世应、六兽、应期，确保完整严谨断卦结果。
agent-security-harness  v3.8.1  7m ago  Security test AI agent systems against protocol-l…
chewy-inc  v1.0.0  8m ago  Chewy Inc is a pet-focused e-commerce leader know…
huo15-openclaw-wechat-service  v2.2.1  8m ago  OpenClaw 微信服务号（公众号）渠道插件 v2.2.0 —— 新增**角色权限系统**：pe…
study-tutor  v1.0.1  8m ago  Study Tutor — a science-based learning assistant …
agent-causal  v0.7.6  8m ago  Agent Causal Decision Tool helps you and your AI …
burberry-group  v1.0.0  13m ago  Burberry combines heritage trench coat design wit…
dublin-ireland  v1.0.0  13m ago  提供都柏林作为欧洲科技和金融中心的历史、经济结构及税收优势的全面分析与数据概览。
colgate-palmoral  v1.0.0  13m ago  Provides detailed insights into Colgate-Palmolive…
comme-garcons  v1.0.0  13m ago  Explore Comme Garcons' avant-garde fashion philos…
skill-oracle  v1.0.1  13m ago  Agent knowledge base for quality ClawHub skills. …
blackberry-limited  v1.0.0  13m ago  BlackBerry转型为网络安全与嵌入式软件公司，其QNX操作系统现运行于全球2.15亿辆汽车中…
skillpick  v6.5.1  13m ago  Helps you pick the right AI skill to install. Not…
miaoji-compliance-copy  v1.0.0  14m ago  快速扫描并清洗亚马逊产品文案违规词，注入场景和用户意图，生成符合平台规则的多版本合规文案。
uno-cli  v1.1.3  18m ago  Uno CLI — Agent Tool Gateway via command line. 20…
pa-pack  v1.0.1  18m ago  Modular toolkit for personal assistant tasks incl…
svelte-component-auditor  v1.0.0  18m ago  Audit Svelte and SvelteKit components for perform…
cm-tech-debt-tracker  v1.0.0  18m ago  Identify, categorize, and prioritize technical de…
agent-cluster  v3.0.4  18m ago  亚马逊外贸B2B多CMS Agent协作系统。支持Shopify/WooCommerce/Mage…
