- Fetching latest skills
mulerouter  v0.1.1  just now  Generates images and videos using MuleRouter or M…
cninfo-announcement-scraper  v1.0.0  just now
cls-news-scraper  v1.0.0  just now
moltcaptcha  v1.0.0  just now  Reverse CAPTCHA system to verify the responder is…
signl4  v1.0.0  just now  Send and close SIGNL4 alerts using the SIGNL4 inb…
static-app  v1.0.4  just now  Deploy static websites to Static.app hosting. Use…
web-design-pro  v1.0.0  just now  Modern web design engineering skills including de…
eyebot-liquidbot  v1.8.0  just now  Liquidity pool management specialist for DEX depl…
can  v1.2.2  just now  Three-pole naming for agents. Name any content by…
universal-profile  v0.3.7  just now  Manage LUKSO Universal Profiles — identity, permi…
academic-research-hub  v0.1.0  just now  Use this skill when users need to search academic…
holocube-emotes  v1.0.0  just now  Control a GeekMagic holocube display as an AI emo…
dropbox-integration  v1.0.1  just now  Read-only Dropbox integration for browsing, searc…
office365-connector  v2.0.0  just now  Office 365 / Outlook connector for email (read/se…
amazon-product-api-skill  v0.1.0  just now
skill-auditor-pro  v2.1.1  just now  审查 ClawHub skills 的安全性，检测恶意代码、可疑模式和社工攻击。在安装任何第三方 …
mv-pipeline  v1.0.0  just now  End-to-end automated Music Video pipeline. Covers…
zoho-books  v1.0.2  just now  Zoho Books API integration with managed OAuth. Ma…
exchange2010  v1.0.0  just now
uniclaw  v0.1.12  just now  Trade on UniClaw prediction markets. Browse marke…
decision-support  v1.0.0  just now  Provide data-driven decision support for construc…
unit-price-database-manager  v1.0.0  just now  Manage construction unit price databases: update …
