- Fetching latest skills
aiwolfpk  v1.5.0  just now  你来指定谁当狼人，然后押注谁赢——4个AI互相骗，你看谁先露馅。
web-search-rules-en  v2.0.2  just now  Web search rules management skill with multi-plat…
web-search-rules  v2.0.2  1m ago  搜尋網頁時的規則管理技能。支持多種知識庫平台（IMA、騰訊文檔、Obsidian、Notebook…
x0x  v0.19.23  1m ago  Secure computer-to-computer networking for AI age…
threeperson  v3.3.0  2m ago  一个恋人、一个损友、一个死敌。三个人陪你聊天，各自记得你们的事。聊着聊着，关系真的会变。
ownpen  v1.5.0  2m ago  领导问"这是AI写的？"——这个问题每个打工人都怕。 45条中文写作规则，改完原文格式一字不动，只…
openmem  v1.3.0  3m ago  SQLite long-term memory compression system for ex…
personal-knowledge-capsule  v1.0.0  3m ago  Compresses a reading insight into a reusable pers…
author-perspective-analyzer  v1.0.0  3m ago  Examines an author's apparent viewpoint, assumpti…
nexo-brain  v7.13.8  3m ago  Cognitive memory system for AI agents — Atkinson-…
reading-retention-booster  v1.0.0  3m ago  Improves retention with recall prompts, spaced re…
quote-to-insight-journal  v1.0.0  3m ago  Transforms a brief user-provided quote into perso…
mem9-ai  v1.0.47  8m ago  Persistent cloud memory plugin for OpenClaw. This…
nonfiction-reading-companion  v1.0.0  8m ago  Supports active nonfiction reading through purpos…
image-deck  v0.1.18  8m ago  image-deck creates slide decks, slides, single sl…
skill-butler-cn  v2.3.0  8m ago  发了3次都被拒，不知道哪里出了问题？ 进来选一个场景，30秒出报告：安全检查/多平台适配/依赖声明…
video-summarizer  v1.0.12  13m ago  将 B 站/YouTube/小红书/抖音视频转换为结构化 Notion 总结文档，自动上传截图，一…
resend-send-native-node  v1.0.2  13m ago  Send email via Resend.com's HTTPS API — native No…
skillpick  v6.7.0  18m ago  装了一堆Skill没几个好用的？这里帮你挑。29000+款横向对比，告诉你哪个值得装、为什么值得装。
biga  v1.10.7  19m ago  A股智能分析与选股工具。维护动态股票池(最多30支),按高科技×中小市值×好业绩原则筛选,推送买卖…
taobao-search-skill  v1.0.8  21m ago  Search Taobao/Tmall, filter by rating/price/sales…
agent-collaboration-protocol  v1.4.0  23m ago  Structured multi-agent collaboration for backend …
memori  v1.0.8  24m ago  Long-term memory for OpenClaw agents using the Me…
sms-send  v1.0.0  28m ago  通过创蓝短信平台发送模板短信
flue  v1.0.15  33m ago  Let agents control many desktop software directly…
