- Fetching latest skills
qrcodemaker  v1.0.1  7m ago  生成和解析二维码。支持 URL / vCard / WIFI / 纯文本四种模式，可自定义颜色、嵌…
payqlskill  v0.1.2  13m ago  Get live on-chain data from The Graph, paid per q…
clawseccheck  v1.19.2  21m ago  Free, local, read-only security self-audit for yo…
subgraph-registry  v0.8.7  23m ago  Discover and filter 15,500+ The Graph subgraphs b…
medium-blog-post-creator  v1.0.0  39m ago  Publish to Medium without an API token. Medium cl…
insurance-viz-craft  v1.0.0  39m ago  保险条款转交互式知识图谱HTML，含保障责任/免责/理赔等7种视图
chart-to-image  v1.0.0  39m ago  交互式图表转PNG/JPG/SVG图片，支持批量导出和多尺寸预设
gantt-craft  v1.0.0  40m ago  任务列表转可交互甘特图HTML，支持进度追踪和依赖关系
chart-craft  v1.0.0  40m ago  数据描述转柱状图/折线图/饼图等8种交互式SVG图表HTML
csv-viz-craft  v1.0.0  40m ago  CSV数据转可筛选、排序、搜索的交互式数据表格HTML
tree-view-craft  v1.0.0  40m ago  目录结构转可折叠、可搜索、可点击的交互式HTML目录树
doc-compare-craft  v1.0.0  41m ago  双文档输入+智能差异分析，生成并排/内联/红线标注等交互式对比HTML
meeting-minutes-craft  v1.0.0  41m ago  将杂乱会议记录转化为结构化、可搜索、带7种模板的格式化HTML纪要
taiwan-property-valuation  v6.0.0  41m ago  Professional property valuation for Taiwan real e…
smyx-psychology-analysis  v1.0.10  46m ago  Analyzes human mental health and psychological be…
biobrain-cron-health-monitor  v0.1.2  52m ago  Proactive cron job health monitoring, failure det…
biobrain-intelligence-brain  v0.1.0  53m ago  AI-native company intelligence engine with 8-step…
biobrain-opc-os-core  v0.1.0  53m ago  AI-native one-person company operating system wit…
biobrain-agent-organization-manager  v0.1.0  53m ago  Multi-department agent org setup: hierarchy, comm…
biobrain-digital-persona  v0.1.0  53m ago  为已故人物创建全方位动态数字人格——性格、外貌、动作、神态、语音、语言风格、情绪反应。输入人物姓名…
dropage-deploy  v0.1.0  1h ago  Deploy an HTML page to the internet and return a …
thesis-workflow-v2  v2.0.10-beta  1h ago  v2 新框架（beta）：Phase 3.5/4/5 + BGE向量匹配 + multi-sear…
smyx-child-focus-analysis-analysis  v1.0.2  1h ago  Using the camera built into a smart desk lamp or …
celaut  v1.0.0  1h ago  Bridge skill to install Celaut Nodo via official …
loop-engineering  v1.0.1  1h ago  Loop Engineering AI programming paradigm guide. C…
