- Fetching latest skills
who-wins  v1.0.0  just now  Query the PinchBench AI agent leaderboard with re…
x-hourly-brief-skill  v1.0.0  just now  X Hourly Brief (Premium) — charge-first brief gen…
zeelin-auto-ppt  v4.0.0  just now  自动生成精美 PPT 演示文稿 — 通过 Google NotebookLM 生成图文并茂、设计感…
vvvv-patching  v1.0.0  just now  Explains vvvv gamma visual programming patterns —…
feishu-probe-optimize  v1.0.0  just now  优化飞书扩展的 probe 缓存配置，将健康检查缓存延长至成功24小时、失败1小时，显著降低API…
doc-process  v2.3.0  1m ago  Multi-purpose document intelligence skill: catego…
vvvv-node-libraries  v1.0.0  1m ago  Helps set up C# library projects that provide nod…
vvvv-shaders  v1.0.0  1m ago  Helps write SDSL shaders for Stride and vvvv gamm…
vvvv-fundamentals  v1.0.0  1m ago  Explains vvvv gamma core concepts — data types, f…
vvvv-fileformat  v1.0.0  2m ago  Describes the .vl XML file format used by vvvv ga…
web3-investor  v0.4.0  3m ago  AI-friendly Web3 investment infrastructure for au…
novel-workshop  v2.0.0  3m ago  多模型命题小说创作工坊。用户给出写作命题，自动完成：AI 写初稿 → 三路并行审阅（逻辑/文学/锐…
article-extract  v1.0.0  4m ago  提取微信公众号、博客、新闻等网页的正文内容，绕过反爬机制，纯文本输出。
software-copyright-cn  v0.1.1  4m ago  中国计算机软件著作权登记申请材料生成器。用于生成软著申请所需的全部材料，包括软件基本信息表单填写、…
nextcloud-aio-oc  v1.1.0  4m ago  Reliable Nextcloud integration for Notes, Tasks, …
browser-setup  v1.0.0  4m ago  Install and configure headless Chrome for OpenCla…
product-manager-skills  v0.1.1  5m ago  AI-native PM agent — PRD, user stories, roadmaps,…
fluid-memory  v1.0.8  5m ago  基于流体认知架构的记忆系统。特点：会遗忘、需强化、懂语义。支持Hook自动同步。
opencode-acp-control-v2  v2.2.1  5m ago  Control OpenCode directly via the Agent Client Pr…
dream-of-clawra  v1.0.5  5m ago  Haocun is a famous dancer, actress with greate ar…
yield-shark  v1.0.2  10m ago  🦈 YieldShark - DeFi stablecoin yield monitor wit…
eodhd-api  v1.0.0  14m ago  Provides tools and workflows to interact with the…
polymarket-elon-tweets  v1.1.0  14m ago  Trade Polymarket "Elon Musk # tweets" markets usi…
github-monitor  v1.0.0  20m ago  Monitor one or more GitHub repositories and send …
