- Fetching latest skills
startup-agent  v0.7.12  3m ago  AI-powered startup companion for Korean founders.…
baz  v1.0.0  3m ago  Create professional motion graphics and videos fr…
zero-to-one-startup  v0.7.12  3m ago  AI-powered startup companion for Korean founders.…
startup-0to1  v0.7.12  4m ago  AI-powered startup companion for Korean founders.…
virtuoso-support-agent  v1.0.0  4m ago  Technical support and database management for Ope…
mlops-automation-cn  v1.0.0  4m ago  Task automation, containerization, CI/CD, and exp…
mlops-industrialization-cn  v1.0.0  4m ago  Transform prototypes into distributable Python pa…
calendar  v1.0.0  4m ago  Calendar management and scheduling. Create events…
home-assistant-control  v0.1.1  4m ago  Control and inspect Home Assistant via REST API f…
md-to-pdf  v1.0.0  4m ago  MarkdownからPDFを生成する。md-to-pdf（Puppeteer）を使用。GitHub…
discogs-claw  v1.0.1  4m ago  Search for vinyl record prices on Discogs using c…
scrask-bot  v1.0.1  4m ago  When the user sends a screenshot via Telegram, pa…
summarizerx64  v1.0.3  4m ago  Summarize URLs or files with the summarize CLI (x…
snaprender  v1.3.0  4m ago  Give your agent eyes on the web — screenshot any …
ddg-1-0-0  v1.0.0  4m ago  Use ddgr (DuckDuckGo from the terminal) to perfor…
lead-scoring  v1.1.0  4m ago  Set up and automate lead scoring for HubSpot and …
hi  v1.0.0  4m ago  Use the ClawdHub CLI to search, install, update, …
gmail-to-outlook  v1.1.0  4m ago  Migrate email, contacts, and calendars from Googl…
web-form-automation  v1.0.0  4m ago  Automate web form interactions including login, f…
file-organizer-cn  v1.0.0  4m ago  智能文件整理 | Smart File Organizer. 自动整理文件和文件夹 | Auto …
sentry-observability  v1.1.0  4m ago  Add observability to your OpenClaw instance — err…
spaces-group-assistant  v0.1.2  4m ago  Предоставляет расширенный доступ к внутренним дан…
