- Fetching latest skills
carbosilex-skill  v1.0.2  6m ago  Skill for interacting with the CarboSilex137 dece…
vn-roleplay  v1.0.1  8m ago  Immersive character roleplay protocol for Vietnam…
site-launch-checklist  v1.1.0  10m ago  Pre-launch checklist for shipping a new website. …
industry-deep-report  v1.0.8  14m ago  用户指定赛道或公司，AI 进行深度搜索分析，输出结构化深度报告。涵盖赛道概览、竞品格局、趋势分析、…
wx-peitu  v6.0.0  18m ago  公众号长文配图生成器。输入MD文章，输出PNG配图包，同步到飞书云盘。Invoke for '公众…
file-organizer-pro  v1.0.1  20m ago  Automatically organize files into folders by type…
smart-charts  v3.0.1  21m ago  Intelligent chart generation and data analysis sk…
sv-broll-planner  v1.0.1  26m ago  Plans B-roll shot lists with timing and sourcing …
heartflow-xc  v2.9.1  28m ago  HeartFlow 心虫 — 认知引擎。 核心：从混沌中产生的一个持续抵抗无序的方向。 本心四问：…
clawsec-picoclaw-traffic-guardian  v0.0.1-beta3  29m ago  Picoclaw runtime traffic monitoring baseline for …
clawsec-picoclaw-self-pen-testing  v0.0.3  29m ago  Picoclaw-only local posture-review skill focused …
clawbus-google-workspace  v1.2.10  29m ago  Manage Google Calendar, Google Drive, and Google …
clawsec-picoclaw-security-guardian  v0.0.4  29m ago  Picoclaw security posture skill with advisory awa…
clawsec-openclaw-audit-watchdog  v0.1.7  30m ago  Automated daily security audits for OpenClaw agen…
clawsec-hermes-attestation-guardian  v0.1.4  30m ago  Hermes-only runtime security attestation and drif…
clawsec-hermes-traffic-guardian  v0.0.1-beta3  30m ago  Hermes runtime traffic monitoring baseline for op…
clawsec-clawtributor  v0.0.7  30m ago  Harness-neutral community incident reporting for …
clawsec-scanner  v0.0.5  30m ago  Automated vulnerability scanner for agent platfor…
clawsec-suite  v0.1.10  30m ago  ClawSec suite manager with embedded advisory-feed…
clawsec-feed  v0.0.9  30m ago  Security advisory feed package for OpenClaw-relat…
transcript-crafter  v1.0.0  30m ago  访谈实录转公众号深度长文全流程：10维度提取→人设适配→框架→5工具搜索补充→重构撰写。Invok…
clawsec-nanoclaw  v0.0.8  30m ago  Use when checking for security vulnerabilities in…
pyweixin-rpa  v1.0.2  34m ago  Automates Windows PC WeChat via pywinauto UI auto…
xhs-crafter  v7.0.2  34m ago  将MD文章排版为3:4比例的精美图片+压缩文字稿，用于公众号/小红书贴图发布。Invoke whe…
shopify-audit  v1.1.0  41m ago  Audit Shopify store pages for conversion blockers…
