- Fetching latest skills
family-lovers-skill  v1.1.0  2m ago  家庭关怀技能 · 走出原生家庭 — 帮助用户觉察原生家庭模式、理解创伤来源、建立安全型关系习惯，在…
blood-sweat-and-pixels  v1.0.0  3m ago  Jason Schreier's Blood, Sweat, and Pixels — a vid…
byted-kickart-subtitle-extractor  v1.0.2  8m ago  视频字幕提取SKILL：从视频文件自动提取、识别视频中已有的字幕并导出，支持导出为标准SRT格式字…
opensea-marketplace  v2.15.0  9m ago  Query NFT and token data, trade NFTs on Seaport, …
erpclaw  v4.8.0  9m ago  AI-native ERP system. Full accounting, invoicing,…
byted-kickart-video-subtitler  v1.0.9  10m ago  视频字幕添加SKILL：为视频文件自动添加、嵌入字幕。适用于给视频添加字幕、视频加字幕、视频打字幕…
byted-kickart-saliency-segmenter  v1.0.2  13m ago  智能抠图SKILL：从图片文件自动抠图。触发条件：当用户提及智能抠图、图片抠图、抠图、主体分割、去…
seatunnel  v0.1.0  16m ago  Apache SeaTunnel 数据集成工具助手 - 当用户需要配置、调试或生成 SeaTunn…
byted-volc-cdn-manage  v2.0.0  18m ago  通过火山引擎 CLI 管理 CDN 域名。支持新增域名和刷新预热, 使用时会先检查并安装 CLI（…
transit-route-query  v1.0.2  21m ago  零配置即装即用，查询任意两个地点之间的公交和地铁路线，自动规划最优换乘方案，地铁优先展示，支持最快…
train-ticket-query  v1.0.4  21m ago  零配置即装即用，支持火车票查询含12306实时余票、去火车站交通方式查询和住宿推荐，多旅游平台数据…
cruise-ticket-query  v1.0.1  21m ago  零配置即装即用，支持长江三峡游轮和城市游船船票查询含价格和预订链接、市内交通到码头查询（地铁优先）…
bus-ticket-query  v1.0.2  21m ago  零配置即装即用，支持汽车票班次查询含余票和预订链接、去汽车站交通方式查询（地铁优先）和目的地住宿推…
group-tour-search  v1.0.2  22m ago  搜索跟团游、私家团、纯玩线路，支持场景推荐（海边、古镇、亲子、山水等），并提供到目的地的火车票和机…
write-a-skill  v2.0.5  23m ago  Create new agent skills with proper structure, pr…
glim  v1.0.1  28m ago  Live data for AI agents - Twitter/X search, Reddi…
archviz-skills  v1.0.1  31m ago  Restrained information visualization skill pack f…
operation-ironman  v1.0.0  33m ago  George Mahood's Operation Ironman — an inspiratio…
whotels-booking  v1.0.0  35m ago  搜索万豪集团旗下W酒店并返回实时价格与预订链接，支持酒店详情查询和套餐优惠搜索。当用户需要预订W酒…
westin-hotel-booking  v1.0.0  35m ago  搜索万豪集团旗下威斯汀酒店并返回实时价格与预订链接，支持酒店详情查询和套餐优惠搜索。当用户需要预订…
myknowledge  v1.3.0  37m ago  创建知识库、管理项目文档、记录需求、整理个人知识。Create knowledge bases, …
spiritlab-library  v2.0.0  40m ago  元灵图书馆搜索路由 — 16万+条工程经验优先搜索。两阶段附身：种子Skill安装后自动从图书馆拉…
i-dont-want-to-talk-about-it  v1.0.0  42m ago  Terrence Real's I Don't Want to Talk About It — a…
binance-sports-ai-analyzer  v0.1.0  49m ago  Use when users ask for World Cup or 世界杯 AI match …
dispute-resolver  v1.1.0  49m ago  Generate professional, evidence-grounded response…
