- Fetching latest skills
live-product-lineup  v1.1.0  4m ago  Plan the optimal product reveal order for TikTok …
yaohx-expense-tracker  v1.0.2  6m ago  个人记账助手。当用户发送账单/消费信息（文本或支付截图），自动识别并记录到消费数据库；每月最后一天…
dnd-dm-skill  v1.1.3  9m ago  城主（Dungeon Master）机器人系统——三层架构（dnd-engine + dnd-ap…
trust-signals  v1.1.0  32m ago  Audit product pages for missing or weak trust sig…
calibre-ebooks  v1.0.0  32m ago  Manage and query the local Calibre library throug…
schoolfit  v1.1.8  44m ago  Use for Hong Kong school admissions, school selec…
simple-ledger  v1.7.3  44m ago  Personal ledger for expense tracking, budgeting &…
code-to-images  v1.0.0  45m ago  Convert code files to A4-ratio PNG/SVG images wit…
listing-optimizer  v1.1.0  45m ago  Rewrite and optimize ecommerce product listings f…
fec-doc-sync  v2.6.0  50m ago  Use when synchronizing frontend project documenta…
fec-web-workers  v2.6.0  52m ago  Use when moving expensive browser work off the ma…
fec-storybook-component-doc  v2.6.0  54m ago  Use when setting up or reviewing Storybook compon…
fec-security-review  v2.6.0  55m ago  Use when reviewing frontend security risks such a…
subgraph-registry  v0.6.5  56m ago  Discover and filter 15,500+ The Graph subgraphs b…
worldcup-analyzer  v1.0.3  57m ago  Predict international football match outcomes bet…
fec-e2e-testing  v2.6.0  57m ago  Use when creating, maintaining, debugging, or rev…
fec-alchemy  v2.6.0  58m ago  Use when absorbing ideas, capabilities, workflows…
fec-pwa-implementation  v2.6.0  1h ago  Use when adding or reviewing Progressive Web App …
fec-performance-optimization  v2.6.0  1h ago  Use when diagnosing or improving frontend perform…
generate-ideas  v1.1.0  1h ago  Use when generating research ideas on the human-f…
mine-problems  v1.1.0  1h ago  Use when mining scientific or technical research …
fec-refactor-clean  v2.6.0  1h ago  Use when safely removing dead frontend code, unus…
fec-validation-fix  v2.6.0  1h ago  Use when running existing project validation comm…
fec-debug-framework  v2.5.1  1h ago  Use when diagnosing frontend build failures, runt…
fec-data-fetching  v2.5.1  1h ago  Manage server-state fetching with TanStack Query …
