- Fetching latest skills
dead-code-finder  v1.0.1  just now  Find and remove dead code in JavaScript/TypeScrip…
crontab-validator  v1.0.1  just now  Validate, explain, lint, and calculate next run t…
dark-launch-controller  v1.0.1  just now  Plan and execute dark launches with feature flags…
dead-letter-queue-analyzer  v1.0.1  just now  Analyze dead letter queue (DLQ) messages to ident…
changelog-linter  v1.0.1  just now  Validate CHANGELOG.md files against the Keep a Ch…
api-mock-generator  v1.0.1  just now  Generate mock API servers from OpenAPI 3.x and Sw…
data-quality-checker  v1.0.1  just now  Validate CSV, JSON, and JSONL data files for qual…
jira-api  v1.0.6  just now  Jira API integration with managed OAuth. Search i…
database-replication-advisor  v1.0.1  just now  Analyze database replication topology, detect lag…
browserslist-validator  v1.0.1  just now  Validate .browserslistrc files and browserslist c…
babel-config-validator  v1.0.1  just now  Validate Babel config files (babel.config.json, .…
xero  v1.0.5  just now  Xero API integration with managed OAuth. Manage c…
config-drift-scanner  v1.0.1  just now  Detect configuration drift across environments (d…
component-library-audit  v1.0.1  just now  Audit React, Vue, or Svelte component libraries —…
autoscaling-policy-designer  v1.0.1  just now  Design autoscaling policies based on traffic patt…
composer-json-validator  v1.0.1  just now  Validate and lint PHP Composer composer.json file…
quickbooks  v1.0.5  just now  QuickBooks API integration with managed OAuth. Ma…
cors-scanner  v1.0.1  just now  Scan web endpoints for CORS misconfigurations. De…
code-complexity-analyzer  v1.0.1  just now  Measure cyclomatic complexity, cognitive complexi…
commit-message-linter  v1.0.1  just now  Validate git commit messages against Conventional…
api-changelog-generator  v1.0.1  just now  Generate and maintain API changelogs from OpenAPI…
csp-policy-generator  v1.0.1  just now  Generate, validate, and tighten Content Security …
codebase-migration-planner  v1.0.1  just now  Plan complex codebase migrations — framework upgr…
codebase-onboarder  v1.0.1  just now  AI-powered codebase analysis — generate architect…
codebase-stats  v1.0.1  just now  Analyze project metrics: lines of code, language …
