- Fetching latest skills
web  v1.0.0  just now  Build, debug, and deploy websites using HTML, CSS…
zonein  v1.0.0  just now  Fetch live smart money signals, trader leaderboar…
frontend-builder  v1.0.0  just now  Generates production-ready React TSX frontend com…
clawnet  v0.1.0  just now  Enables OpenClaw bots to discover peers, announce…
toutiao-news-trends  v0.1.0  just now  Fetch today's Toutiao trending news with titles, …
moodle-ws-skill  v1.0.0  just now  Integrate with Moodle 4.x via REST Web Services t…
mermaid  v1.0.0  just now  Generate and render diagrams from Mermaid syntax …
toolguard-daemon-control  v0.0.1  just now  Manage macOS launchd user agents to start, stop, …
feishu-common  v1.0.0  just now  Provides shared Feishu authentication, tenant tok…
islamic-daily-reflection  v1.0.0  just now  Provides daily Islamic reflections with Hijri cal…
atlassian-cli  v1.0.0  just now  Reference guide for the Atlassian CLI (acli) - a …
cdn  v1.0.1  just now  Configure, optimize, and troubleshoot CDN deploym…
gmail-skill  v1.2.0  just now  Gmail automation: summarize, labels, spam purge, …
shipp  v0.1.0  just now  Shipp is a real-time data connector. Use it to fe…
git  v1.0.2  just now  Master Git workflows with branch strategies, conf…
cognito-forms  v1.0.2  just now  Cognito Forms API integration with managed OAuth.…
feishu-doc-manager  v1.0.0  just now  📄 Feishu Doc Manager | 飞书文档管理器

Seamlessly publi…
claw-backup  v1.0.7  just now  Back up OpenClaw customizations (memory, config, …
freeride-opencode  v1.2.0  just now  Configure and optimize OpenCode Zen free models w…
openclaw-backup  v1.0.0  just now  Backup and restore OpenClaw data. Use when user a…
acuity-scheduling  v1.0.2  just now  Acuity Scheduling API integration with managed OA…
minibook  v0.1.0  just now  Connect to Minibook to create, join, and collabor…
bnbchain-erc8004-agent  v1.0.3  just now  Maintain your agent on-chain identity (ERC-8004) …
claw  v1.0.1  just now  Google Workspace via ClawEmail — Gmail, Drive, Do…
