[2026-02-01 09:52:54] === ClawdHub Skills 追踪脚本启动 ===
[2026-02-01 09:52:54] 开始检查 ClawdHub skills 表现...
[2026-02-01 09:52:54] 获取 clawdhub explore 数据...
[2026-02-01 09:52:56] 正在检查 4 个 skills...
[2026-02-01 09:52:56] ✓ 找到 ai-music-prompts (位置 #, 2m ago AI music prompt templates and best practices for … )
[2026-02-01 09:52:56] ✓ 找到 game-character-gen (位置 #, 2m ago Generate professional game character designs via … )
[2026-02-01 09:52:56] ✓ 找到 ai-video-gen-tools (位置 #, 2m ago End-to-end AI video generation - create videos fr… )
[2026-02-01 09:52:56] ✓ 找到 brand-creative-suite (位置 #, 1m ago )
[2026-02-01 09:52:56] 报告已生成: /root/clawd/scripts/../memory/clawdhub-tracking/daily-report-20260201.txt
[2026-02-01 09:52:56] 发送报告到 Slack...
[2026-02-01 09:52:56] 报告内容已准备好，等待发送...
[2026-02-01 09:52:56] === 追踪脚本完成 ===
[2026-02-01 23:30:23] === ClawdHub Skills 追踪脚本启动 ===
[2026-02-01 23:30:23] 开始检查 ClawdHub skills 表现...
[2026-02-01 23:30:23] 获取 clawdhub explore 数据...
[2026-02-01 23:30:25] 正在检查 4 个 skills...
[2026-02-01 23:30:25] ✗ 未找到 ai-music-prompts
[2026-02-01 23:30:25] ✗ 未找到 ai-video-gen-tools
[2026-02-01 23:30:25] ✗ 未找到 brand-creative-suite
[2026-02-01 23:30:25] ✗ 未找到 game-character-gen
[2026-02-01 23:30:25] 报告已生成: /root/clawd/scripts/../memory/clawdhub-tracking/daily-report-20260201.txt
[2026-02-01 23:30:25] 发送报告到 Slack...
[2026-02-01 23:30:25] 报告内容已准备好，等待发送...
[2026-02-01 23:30:25] === 追踪脚本完成 ===
[2026-02-02 23:30:55] === ClawdHub Skills 追踪脚本启动 ===
[2026-02-02 23:30:55] 开始检查 ClawdHub skills 表现...
[2026-02-02 23:30:55] 获取 clawdhub explore 数据...
[2026-02-02 23:30:58] 正在检查 4 个 skills...
[2026-02-02 23:30:58] ✗ 未找到 ai-music-prompts
[2026-02-02 23:30:58] ✗ 未找到 ai-video-gen-tools
[2026-02-02 23:30:58] ✗ 未找到 brand-creative-suite
[2026-02-02 23:30:58] ✗ 未找到 game-character-gen
[2026-02-02 23:30:58] 报告已生成: /root/clawd/scripts/../memory/clawdhub-tracking/daily-report-20260202.txt
[2026-02-02 23:30:58] 发送报告到 Slack...
[2026-02-02 23:30:58] 报告内容已准备好，等待发送...
[2026-02-02 23:30:58] === 追踪脚本完成 ===
[2026-02-03 23:30:36] === ClawdHub Skills 追踪脚本启动 ===
[2026-02-03 23:30:36] 开始检查 ClawdHub skills 表现...
[2026-02-03 23:30:36] 获取 clawdhub explore 数据...
[2026-02-03 23:30:38] 正在检查 4 个 skills...
[2026-02-03 23:30:38] ✗ 未找到 ai-music-prompts
[2026-02-03 23:30:38] ✗ 未找到 ai-video-gen-tools
[2026-02-03 23:30:38] ✗ 未找到 brand-creative-suite
[2026-02-03 23:30:38] ✗ 未找到 game-character-gen
[2026-02-03 23:30:38] 报告已生成: /root/clawd/scripts/../memory/clawdhub-tracking/daily-report-20260203.txt
[2026-02-03 23:30:38] 发送报告到 Slack...
[2026-02-03 23:30:38] 报告内容已准备好，等待发送...
[2026-02-03 23:30:38] === 追踪脚本完成 ===
[2026-02-04 23:30:15] === ClawdHub Skills 追踪脚本启动 ===
[2026-02-04 23:30:15] 开始检查 ClawdHub skills 表现...
[2026-02-04 23:30:15] 获取 clawdhub explore 数据...
[2026-02-04 23:30:17] 正在检查 4 个 skills...
[2026-02-04 23:30:17] ✗ 未找到 ai-music-prompts
[2026-02-04 23:30:17] ✗ 未找到 ai-video-gen-tools
[2026-02-04 23:30:17] ✗ 未找到 brand-creative-suite
[2026-02-04 23:30:17] ✗ 未找到 game-character-gen
[2026-02-04 23:30:17] 报告已生成: /root/clawd/scripts/../memory/clawdhub-tracking/daily-report-20260204.txt
[2026-02-04 23:30:17] 发送报告到 Slack...
[2026-02-04 23:30:17] 报告内容已准备好，等待发送...
[2026-02-04 23:30:17] === 追踪脚本完成 ===
[2026-02-05 23:30:50] === ClawdHub Skills 追踪脚本启动 ===
[2026-02-05 23:30:50] 开始检查 ClawdHub skills 表现...
[2026-02-05 23:30:50] 获取 clawdhub explore 数据...
[2026-02-05 23:30:52] 正在检查 4 个 skills...
[2026-02-05 23:30:52] ✗ 未找到 ai-music-prompts
[2026-02-05 23:30:52] ✗ 未找到 ai-video-gen-tools
[2026-02-05 23:30:52] ✗ 未找到 brand-creative-suite
[2026-02-05 23:30:52] ✗ 未找到 game-character-gen
[2026-02-05 23:30:52] 报告已生成: /root/clawd/scripts/../memory/clawdhub-tracking/daily-report-20260205.txt
[2026-02-05 23:30:52] 发送报告到 Slack...
[2026-02-05 23:30:52] 报告内容已准备好，等待发送...
[2026-02-05 23:30:52] === 追踪脚本完成 ===
[2026-02-06 00:30:47] === ClawdHub Skills 追踪脚本启动 ===
[2026-02-06 00:30:47] 开始检查 ClawdHub skills 表现...
[2026-02-06 00:30:47] 获取 clawdhub explore 数据...
[2026-02-06 00:30:51] 正在检查 4 个 skills...
[2026-02-06 00:30:51] ✗ 未找到 ai-music-prompts
[2026-02-06 00:30:51] ✗ 未找到 ai-video-gen-tools
[2026-02-06 00:30:51] ✗ 未找到 brand-creative-suite
[2026-02-06 00:30:51] ✗ 未找到 game-character-gen
[2026-02-06 00:30:51] 报告已生成: /root/clawd/scripts/../memory/clawdhub-tracking/daily-report-20260206.txt
[2026-02-06 00:30:51] 发送报告到 Slack...
[2026-02-06 00:30:51] 报告内容已准备好，等待发送...
[2026-02-06 00:30:51] === 追踪脚本完成 ===
[2026-02-06 23:31:06] === ClawdHub Skills 追踪脚本启动 ===
[2026-02-06 23:31:06] 开始检查 ClawdHub skills 表现...
[2026-02-06 23:31:06] 获取 clawdhub explore 数据...
[2026-02-06 23:31:09] 正在检查 4 个 skills...
[2026-02-06 23:31:09] ✗ 未找到 ai-music-prompts
[2026-02-06 23:31:09] ✗ 未找到 ai-video-gen-tools
[2026-02-06 23:31:09] ✗ 未找到 brand-creative-suite
[2026-02-06 23:31:09] ✗ 未找到 game-character-gen
[2026-02-06 23:31:09] 报告已生成: /root/clawd/scripts/../memory/clawdhub-tracking/daily-report-20260206.txt
[2026-02-06 23:31:09] 发送报告到 Slack...
[2026-02-06 23:31:09] 报告内容已准备好，等待发送...
[2026-02-06 23:31:09] === 追踪脚本完成 ===
[2026-02-07 23:30:34] === ClawdHub Skills 追踪脚本启动 ===
[2026-02-07 23:30:34] 开始检查 ClawdHub skills 表现...
[2026-02-07 23:30:34] 获取 clawdhub explore 数据...
[2026-02-07 23:30:36] 正在检查 4 个 skills...
[2026-02-07 23:30:36] ✗ 未找到 ai-music-prompts
[2026-02-07 23:30:36] ✗ 未找到 ai-video-gen-tools
[2026-02-07 23:30:36] ✗ 未找到 brand-creative-suite
[2026-02-07 23:30:36] ✗ 未找到 game-character-gen
[2026-02-07 23:30:36] 报告已生成: /root/clawd/scripts/../memory/clawdhub-tracking/daily-report-20260207.txt
[2026-02-07 23:30:36] 发送报告到 Slack...
[2026-02-07 23:30:36] 报告内容已准备好，等待发送...
[2026-02-07 23:30:36] === 追踪脚本完成 ===
[2026-02-08 23:30:34] === ClawdHub Skills 追踪脚本启动 ===
[2026-02-08 23:30:34] 开始检查 ClawdHub skills 表现...
[2026-02-08 23:30:34] 获取 clawdhub explore 数据...
[2026-02-08 23:30:36] 正在检查 4 个 skills...
[2026-02-08 23:30:36] ✗ 未找到 ai-music-prompts
[2026-02-08 23:30:36] ✗ 未找到 ai-video-gen-tools
[2026-02-08 23:30:36] ✗ 未找到 brand-creative-suite
[2026-02-08 23:30:36] ✗ 未找到 game-character-gen
[2026-02-08 23:30:36] 报告已生成: /root/clawd/scripts/../memory/clawdhub-tracking/daily-report-20260208.txt
[2026-02-08 23:30:36] 发送报告到 Slack...
[2026-02-08 23:30:36] 报告内容已准备好，等待发送...
[2026-02-08 23:30:36] === 追踪脚本完成 ===
[2026-02-09 23:30:44] === ClawdHub Skills 追踪脚本启动 ===
[2026-02-09 23:30:44] 开始检查 ClawdHub skills 表现...
[2026-02-09 23:30:44] 获取 clawdhub explore 数据...
[2026-02-09 23:30:48] 正在检查 4 个 skills...
[2026-02-09 23:30:48] ✗ 未找到 ai-music-prompts
[2026-02-09 23:30:48] ✗ 未找到 ai-video-gen-tools
[2026-02-09 23:30:48] ✗ 未找到 brand-creative-suite
[2026-02-09 23:30:48] ✗ 未找到 game-character-gen
[2026-02-09 23:30:48] 报告已生成: /root/clawd/scripts/../memory/clawdhub-tracking/daily-report-20260209.txt
[2026-02-09 23:30:48] 发送报告到 Slack...
[2026-02-09 23:30:48] 报告内容已准备好，等待发送...
[2026-02-09 23:30:48] === 追踪脚本完成 ===
[2026-02-10 23:30:41] === ClawdHub Skills 追踪脚本启动 ===
[2026-02-10 23:30:41] 开始检查 ClawdHub skills 表现...
[2026-02-10 23:30:41] 获取 clawdhub explore 数据...
[2026-02-10 23:30:46] 正在检查 4 个 skills...
[2026-02-10 23:30:46] ✗ 未找到 ai-music-prompts
[2026-02-10 23:30:46] ✗ 未找到 ai-video-gen-tools
[2026-02-10 23:30:46] ✗ 未找到 brand-creative-suite
[2026-02-10 23:30:46] ✗ 未找到 game-character-gen
[2026-02-10 23:30:46] 报告已生成: /root/clawd/scripts/../memory/clawdhub-tracking/daily-report-20260210.txt
[2026-02-10 23:30:46] 发送报告到 Slack...
[2026-02-10 23:30:46] 报告内容已准备好，等待发送...
[2026-02-10 23:30:46] === 追踪脚本完成 ===
[2026-02-11 23:30:18] === ClawdHub Skills 追踪脚本启动 ===
[2026-02-11 23:30:18] 开始检查 ClawdHub skills 表现...
[2026-02-11 23:30:18] 获取 clawdhub explore 数据...
[2026-02-11 23:30:20] 正在检查 4 个 skills...
[2026-02-11 23:30:20] ✗ 未找到 ai-music-prompts
[2026-02-11 23:30:20] ✗ 未找到 ai-video-gen-tools
[2026-02-11 23:30:20] ✗ 未找到 brand-creative-suite
[2026-02-11 23:30:20] ✗ 未找到 game-character-gen
[2026-02-11 23:30:20] 报告已生成: /root/clawd/scripts/../memory/clawdhub-tracking/daily-report-20260211.txt
[2026-02-11 23:30:20] 发送报告到 Slack...
[2026-02-11 23:30:20] 报告内容已准备好，等待发送...
[2026-02-11 23:30:20] === 追踪脚本完成 ===
[2026-02-12 23:30:50] === ClawdHub Skills 追踪脚本启动 ===
[2026-02-12 23:30:50] 开始检查 ClawdHub skills 表现...
[2026-02-12 23:30:50] 获取 clawdhub explore 数据...
[2026-02-12 23:30:56] 正在检查 4 个 skills...
[2026-02-12 23:30:56] ✗ 未找到 ai-music-prompts
[2026-02-12 23:30:56] ✗ 未找到 ai-video-gen-tools
[2026-02-12 23:30:56] ✗ 未找到 brand-creative-suite
[2026-02-12 23:30:56] ✗ 未找到 game-character-gen
[2026-02-12 23:30:57] 报告已生成: /root/clawd/scripts/../memory/clawdhub-tracking/daily-report-20260212.txt
[2026-02-12 23:30:57] 发送报告到 Slack...
[2026-02-12 23:30:57] 报告内容已准备好，等待发送...
[2026-02-12 23:30:57] === 追踪脚本完成 ===
[2026-02-13 23:30:26] === ClawdHub Skills 追踪脚本启动 ===
[2026-02-13 23:30:26] 开始检查 ClawdHub skills 表现...
[2026-02-13 23:30:26] 获取 clawdhub explore 数据...
[2026-02-13 23:30:33] 正在检查 4 个 skills...
[2026-02-13 23:30:33] ✗ 未找到 ai-music-prompts
[2026-02-13 23:30:33] ✗ 未找到 ai-video-gen-tools
[2026-02-13 23:30:33] ✗ 未找到 brand-creative-suite
[2026-02-13 23:30:33] ✗ 未找到 game-character-gen
[2026-02-13 23:30:33] 报告已生成: /root/clawd/scripts/../memory/clawdhub-tracking/daily-report-20260213.txt
[2026-02-13 23:30:33] 发送报告到 Slack...
[2026-02-13 23:30:33] 报告内容已准备好，等待发送...
[2026-02-13 23:30:33] === 追踪脚本完成 ===
[2026-02-14 23:31:27] === ClawdHub Skills 追踪脚本启动 ===
[2026-02-14 23:31:27] 开始检查 ClawdHub skills 表现...
[2026-02-14 23:31:27] 获取 clawdhub explore 数据...
[2026-02-14 23:31:29] 正在检查 4 个 skills...
[2026-02-14 23:31:29] ✗ 未找到 ai-music-prompts
[2026-02-14 23:31:29] ✗ 未找到 ai-video-gen-tools
[2026-02-14 23:31:29] ✗ 未找到 brand-creative-suite
[2026-02-14 23:31:29] ✗ 未找到 game-character-gen
[2026-02-14 23:31:29] 报告已生成: /root/clawd/scripts/../memory/clawdhub-tracking/daily-report-20260214.txt
[2026-02-14 23:31:29] 发送报告到 Slack...
[2026-02-14 23:31:29] 报告内容已准备好，等待发送...
[2026-02-14 23:31:29] === 追踪脚本完成 ===
[2026-02-15 23:30:55] === ClawdHub Skills 追踪脚本启动 ===
[2026-02-15 23:30:55] 开始检查 ClawdHub skills 表现...
[2026-02-15 23:30:55] 获取 clawdhub explore 数据...
[2026-02-15 23:30:57] 正在检查 4 个 skills...
[2026-02-15 23:30:57] ✗ 未找到 ai-music-prompts
[2026-02-15 23:30:57] ✗ 未找到 ai-video-gen-tools
[2026-02-15 23:30:57] ✗ 未找到 brand-creative-suite
[2026-02-15 23:30:57] ✗ 未找到 game-character-gen
[2026-02-15 23:30:58] 报告已生成: /root/clawd/scripts/../memory/clawdhub-tracking/daily-report-20260215.txt
[2026-02-15 23:30:58] 发送报告到 Slack...
[2026-02-15 23:30:58] 报告内容已准备好，等待发送...
[2026-02-15 23:30:58] === 追踪脚本完成 ===
[2026-02-16 23:30:19] === ClawdHub Skills 追踪脚本启动 ===
[2026-02-16 23:30:19] 开始检查 ClawdHub skills 表现...
[2026-02-16 23:30:19] 获取 clawdhub explore 数据...
[2026-02-16 23:30:21] 正在检查 4 个 skills...
[2026-02-16 23:30:21] ✗ 未找到 ai-music-prompts
[2026-02-16 23:30:21] ✗ 未找到 ai-video-gen-tools
[2026-02-16 23:30:21] ✗ 未找到 brand-creative-suite
[2026-02-16 23:30:21] ✗ 未找到 game-character-gen
[2026-02-16 23:30:21] 报告已生成: /root/clawd/scripts/../memory/clawdhub-tracking/daily-report-20260216.txt
[2026-02-16 23:30:21] 发送报告到 Slack...
[2026-02-16 23:30:21] 报告内容已准备好，等待发送...
[2026-02-16 23:30:21] === 追踪脚本完成 ===
[2026-02-17 23:31:01] === ClawdHub Skills 追踪脚本启动 ===
[2026-02-17 23:31:01] 开始检查 ClawdHub skills 表现...
[2026-02-17 23:31:01] 获取 clawdhub explore 数据...
[2026-02-17 23:31:04] 正在检查 4 个 skills...
[2026-02-17 23:31:04] ✗ 未找到 ai-music-prompts
[2026-02-17 23:31:04] ✗ 未找到 ai-video-gen-tools
[2026-02-17 23:31:04] ✗ 未找到 brand-creative-suite
[2026-02-17 23:31:04] ✗ 未找到 game-character-gen
[2026-02-17 23:31:04] 报告已生成: /root/clawd/scripts/../memory/clawdhub-tracking/daily-report-20260217.txt
[2026-02-17 23:31:04] 发送报告到 Slack...
[2026-02-17 23:31:04] 报告内容已准备好，等待发送...
[2026-02-17 23:31:04] === 追踪脚本完成 ===
[2026-02-18 23:30:17] === ClawdHub Skills 追踪脚本启动 ===
[2026-02-18 23:30:17] 开始检查 ClawdHub skills 表现...
[2026-02-18 23:30:17] 获取 clawdhub explore 数据...
[2026-02-18 23:30:19] 正在检查 4 个 skills...
[2026-02-18 23:30:19] ✗ 未找到 ai-music-prompts
[2026-02-18 23:30:19] ✗ 未找到 ai-video-gen-tools
[2026-02-18 23:30:19] ✗ 未找到 brand-creative-suite
[2026-02-18 23:30:19] ✗ 未找到 game-character-gen
[2026-02-18 23:30:19] 报告已生成: /root/clawd/scripts/../memory/clawdhub-tracking/daily-report-20260218.txt
[2026-02-18 23:30:19] 发送报告到 Slack...
[2026-02-18 23:30:19] 报告内容已准备好，等待发送...
[2026-02-18 23:30:19] === 追踪脚本完成 ===
[2026-02-19 23:31:05] === ClawdHub Skills 追踪脚本启动 ===
[2026-02-19 23:31:05] 开始检查 ClawdHub skills 表现...
[2026-02-19 23:31:05] 获取 clawdhub explore 数据...
[2026-02-19 23:31:08] 正在检查 4 个 skills...
[2026-02-19 23:31:08] ✗ 未找到 ai-music-prompts
[2026-02-19 23:31:08] ✗ 未找到 ai-video-gen-tools
[2026-02-19 23:31:08] ✗ 未找到 brand-creative-suite
[2026-02-19 23:31:08] ✗ 未找到 game-character-gen
[2026-02-19 23:31:08] 报告已生成: /root/clawd/scripts/../memory/clawdhub-tracking/daily-report-20260219.txt
[2026-02-19 23:31:08] 发送报告到 Slack...
[2026-02-19 23:31:08] 报告内容已准备好，等待发送...
[2026-02-19 23:31:08] === 追踪脚本完成 ===
[2026-02-20 23:31:08] === ClawdHub Skills 追踪脚本启动 ===
[2026-02-20 23:31:08] 开始检查 ClawdHub skills 表现...
[2026-02-20 23:31:08] 获取 clawdhub explore 数据...
[2026-02-20 23:31:10] 正在检查 4 个 skills...
[2026-02-20 23:31:11] ✗ 未找到 ai-music-prompts
[2026-02-20 23:31:11] ✗ 未找到 ai-video-gen-tools
[2026-02-20 23:31:11] ✗ 未找到 brand-creative-suite
[2026-02-20 23:31:11] ✗ 未找到 game-character-gen
[2026-02-20 23:31:11] 报告已生成: /root/clawd/scripts/../memory/clawdhub-tracking/daily-report-20260220.txt
[2026-02-20 23:31:11] 发送报告到 Slack...
[2026-02-20 23:31:11] 报告内容已准备好，等待发送...
[2026-02-20 23:31:11] === 追踪脚本完成 ===
[2026-02-21 23:31:26] === ClawdHub Skills 追踪脚本启动 ===
[2026-02-21 23:31:26] 开始检查 ClawdHub skills 表现...
[2026-02-21 23:31:26] 获取 clawdhub explore 数据...
[2026-02-21 23:31:28] 正在检查 4 个 skills...
[2026-02-21 23:31:28] ✗ 未找到 ai-music-prompts
[2026-02-21 23:31:28] ✗ 未找到 ai-video-gen-tools
[2026-02-21 23:31:28] ✗ 未找到 brand-creative-suite
[2026-02-21 23:31:28] ✗ 未找到 game-character-gen
[2026-02-21 23:31:28] 报告已生成: /root/clawd/scripts/../memory/clawdhub-tracking/daily-report-20260221.txt
[2026-02-21 23:31:28] 发送报告到 Slack...
[2026-02-21 23:31:28] 报告内容已准备好，等待发送...
[2026-02-21 23:31:28] === 追踪脚本完成 ===
[2026-02-22 23:37:49] === ClawdHub Skills 追踪脚本启动 ===
[2026-02-22 23:37:49] 开始检查 ClawdHub skills 表现...
[2026-02-22 23:37:49] 获取 clawdhub explore 数据...
[2026-02-22 23:37:51] 正在检查 4 个 skills...
[2026-02-22 23:37:51] ✗ 未找到 ai-music-prompts
[2026-02-22 23:37:51] ✗ 未找到 ai-video-gen-tools
[2026-02-22 23:37:51] ✗ 未找到 brand-creative-suite
[2026-02-22 23:37:51] ✗ 未找到 game-character-gen
[2026-02-22 23:37:51] 报告已生成: /root/clawd/scripts/../memory/clawdhub-tracking/daily-report-20260222.txt
[2026-02-22 23:37:51] 发送报告到 Slack...
[2026-02-22 23:37:51] 报告内容已准备好，等待发送...
[2026-02-22 23:37:51] === 追踪脚本完成 ===
[2026-02-23 23:31:16] === ClawdHub Skills 追踪脚本启动 ===
[2026-02-23 23:31:16] 开始检查 ClawdHub skills 表现...
[2026-02-23 23:31:16] 获取 clawdhub explore 数据...
[2026-02-23 23:31:18] 正在检查 4 个 skills...
[2026-02-23 23:31:18] ✗ 未找到 ai-music-prompts
[2026-02-23 23:31:18] ✗ 未找到 ai-video-gen-tools
[2026-02-23 23:31:18] ✗ 未找到 brand-creative-suite
[2026-02-23 23:31:18] ✗ 未找到 game-character-gen
[2026-02-23 23:31:18] 报告已生成: /root/clawd/scripts/../memory/clawdhub-tracking/daily-report-20260223.txt
[2026-02-23 23:31:18] 发送报告到 Slack...
[2026-02-23 23:31:18] 报告内容已准备好，等待发送...
[2026-02-23 23:31:18] === 追踪脚本完成 ===
[2026-02-25 23:30:28] === ClawdHub Skills 追踪脚本启动 ===
[2026-02-25 23:30:28] 开始检查 ClawdHub skills 表现...
[2026-02-25 23:30:28] 获取 clawdhub explore 数据...
[2026-02-25 23:30:31] 正在检查 4 个 skills...
[2026-02-25 23:30:31] ✗ 未找到 ai-music-prompts
[2026-02-25 23:30:31] ✗ 未找到 ai-video-gen-tools
[2026-02-25 23:30:31] ✗ 未找到 brand-creative-suite
[2026-02-25 23:30:31] ✗ 未找到 game-character-gen
[2026-02-25 23:30:31] 报告已生成: /root/clawd/scripts/../memory/clawdhub-tracking/daily-report-20260225.txt
[2026-02-25 23:30:31] 发送报告到 Slack...
[2026-02-25 23:30:31] 报告内容已准备好，等待发送...
[2026-02-25 23:30:31] === 追踪脚本完成 ===
[2026-02-26 23:31:56] === ClawdHub Skills 追踪脚本启动 ===
[2026-02-26 23:31:56] 开始检查 ClawdHub skills 表现...
[2026-02-26 23:31:56] 获取 clawdhub explore 数据...
[2026-02-26 23:32:03] 正在检查 4 个 skills...
[2026-02-26 23:32:03] ✗ 未找到 ai-music-prompts
[2026-02-26 23:32:03] ✗ 未找到 ai-video-gen-tools
[2026-02-26 23:32:03] ✗ 未找到 brand-creative-suite
[2026-02-26 23:32:03] ✗ 未找到 game-character-gen
[2026-02-26 23:32:03] 报告已生成: /root/clawd/scripts/../memory/clawdhub-tracking/daily-report-20260226.txt
[2026-02-26 23:32:03] 发送报告到 Slack...
[2026-02-26 23:32:03] 报告内容已准备好，等待发送...
[2026-02-26 23:32:03] === 追踪脚本完成 ===
[2026-02-27 23:33:49] === ClawdHub Skills 追踪脚本启动 ===
[2026-02-27 23:33:49] 开始检查 ClawdHub skills 表现...
[2026-02-27 23:33:49] 获取 clawdhub explore 数据...
[2026-02-27 23:34:02] 正在检查 4 个 skills...
[2026-02-27 23:34:02] ✗ 未找到 ai-music-prompts
[2026-02-27 23:34:02] ✗ 未找到 ai-video-gen-tools
[2026-02-27 23:34:02] ✗ 未找到 brand-creative-suite
[2026-02-27 23:34:02] ✗ 未找到 game-character-gen
[2026-02-27 23:34:02] 报告已生成: /root/clawd/scripts/../memory/clawdhub-tracking/daily-report-20260227.txt
[2026-02-27 23:34:02] 发送报告到 Slack...
[2026-02-27 23:34:02] 报告内容已准备好，等待发送...
[2026-02-27 23:34:02] === 追踪脚本完成 ===
[2026-02-28 23:42:22] === ClawdHub Skills 追踪脚本启动 ===
[2026-02-28 23:42:22] 开始检查 ClawdHub skills 表现...
[2026-02-28 23:42:22] 获取 clawdhub explore 数据...
[2026-02-28 23:42:24] 正在检查 4 个 skills...
[2026-02-28 23:42:24] ✗ 未找到 ai-music-prompts
[2026-02-28 23:42:24] ✗ 未找到 ai-video-gen-tools
[2026-02-28 23:42:24] ✗ 未找到 brand-creative-suite
[2026-02-28 23:42:24] ✗ 未找到 game-character-gen
[2026-02-28 23:42:25] 报告已生成: /root/clawd/scripts/../memory/clawdhub-tracking/daily-report-20260228.txt
[2026-02-28 23:42:25] 发送报告到 Slack...
[2026-02-28 23:42:25] 报告内容已准备好，等待发送...
[2026-02-28 23:42:25] === 追踪脚本完成 ===
[2026-03-01 23:33:54] === ClawdHub Skills 追踪脚本启动 ===
[2026-03-01 23:33:54] 开始检查 ClawdHub skills 表现...
[2026-03-01 23:33:54] 获取 clawdhub explore 数据...
[2026-03-01 23:33:55] 正在检查 4 个 skills...
[2026-03-01 23:33:55] ✗ 未找到 ai-music-prompts
[2026-03-01 23:33:55] ✗ 未找到 ai-video-gen-tools
[2026-03-01 23:33:55] ✗ 未找到 brand-creative-suite
[2026-03-01 23:33:55] ✗ 未找到 game-character-gen
[2026-03-01 23:33:56] 报告已生成: /root/clawd/scripts/../memory/clawdhub-tracking/daily-report-20260301.txt
[2026-03-01 23:33:56] 发送报告到 Slack...
[2026-03-01 23:33:56] 报告内容已准备好，等待发送...
[2026-03-01 23:33:56] === 追踪脚本完成 ===
[2026-03-02 23:30:24] === ClawdHub Skills 追踪脚本启动 ===
[2026-03-02 23:30:24] 开始检查 ClawdHub skills 表现...
[2026-03-02 23:30:24] 获取 clawdhub explore 数据...
[2026-03-02 23:30:26] 正在检查 4 个 skills...
[2026-03-02 23:30:26] ✗ 未找到 ai-music-prompts
[2026-03-02 23:30:26] ✗ 未找到 ai-video-gen-tools
[2026-03-02 23:30:26] ✗ 未找到 brand-creative-suite
[2026-03-02 23:30:26] ✗ 未找到 game-character-gen
[2026-03-02 23:30:26] 报告已生成: /root/clawd/scripts/../memory/clawdhub-tracking/daily-report-20260302.txt
[2026-03-02 23:30:26] 发送报告到 Slack...
[2026-03-02 23:30:26] 报告内容已准备好，等待发送...
[2026-03-02 23:30:26] === 追踪脚本完成 ===
[2026-03-03 23:36:06] === ClawdHub Skills 追踪脚本启动 ===
[2026-03-03 23:36:06] 开始检查 ClawdHub skills 表现...
[2026-03-03 23:36:06] 获取 clawdhub explore 数据...
[2026-03-03 23:36:08] 正在检查 4 个 skills...
[2026-03-03 23:36:08] ✗ 未找到 ai-music-prompts
[2026-03-03 23:36:08] ✗ 未找到 ai-video-gen-tools
[2026-03-03 23:36:08] ✗ 未找到 brand-creative-suite
[2026-03-03 23:36:08] ✗ 未找到 game-character-gen
[2026-03-03 23:36:08] 报告已生成: /root/clawd/scripts/../memory/clawdhub-tracking/daily-report-20260303.txt
[2026-03-03 23:36:08] 发送报告到 Slack...
[2026-03-03 23:36:08] 报告内容已准备好，等待发送...
[2026-03-03 23:36:08] === 追踪脚本完成 ===
[2026-03-04 23:30:40] === ClawdHub Skills 追踪脚本启动 ===
[2026-03-04 23:30:40] 开始检查 ClawdHub skills 表现...
[2026-03-04 23:30:40] 获取 clawdhub explore 数据...
[2026-03-04 23:30:42] 正在检查 4 个 skills...
[2026-03-04 23:30:42] ✗ 未找到 ai-music-prompts
[2026-03-04 23:30:42] ✗ 未找到 ai-video-gen-tools
[2026-03-04 23:30:42] ✗ 未找到 brand-creative-suite
[2026-03-04 23:30:42] ✗ 未找到 game-character-gen
[2026-03-04 23:30:42] 报告已生成: /root/clawd/scripts/../memory/clawdhub-tracking/daily-report-20260304.txt
[2026-03-04 23:30:42] 发送报告到 Slack...
[2026-03-04 23:30:42] 报告内容已准备好，等待发送...
[2026-03-04 23:30:42] === 追踪脚本完成 ===
[2026-03-05 23:31:49] === ClawdHub Skills 追踪脚本启动 ===
[2026-03-05 23:31:49] 开始检查 ClawdHub skills 表现...
[2026-03-05 23:31:49] 获取 clawdhub explore 数据...
[2026-03-05 23:31:51] 正在检查 4 个 skills...
[2026-03-05 23:31:51] ✗ 未找到 ai-music-prompts
[2026-03-05 23:31:51] ✗ 未找到 ai-video-gen-tools
[2026-03-05 23:31:51] ✗ 未找到 brand-creative-suite
[2026-03-05 23:31:51] ✗ 未找到 game-character-gen
[2026-03-05 23:31:51] 报告已生成: /root/clawd/scripts/../memory/clawdhub-tracking/daily-report-20260305.txt
[2026-03-05 23:31:51] 发送报告到 Slack...
[2026-03-05 23:31:51] 报告内容已准备好，等待发送...
[2026-03-05 23:31:51] === 追踪脚本完成 ===
[2026-03-06 23:30:21] === ClawdHub Skills 追踪脚本启动 ===
[2026-03-06 23:30:21] 开始检查 ClawdHub skills 表现...
[2026-03-06 23:30:21] 获取 clawdhub explore 数据...
[2026-03-06 23:30:23] 正在检查 4 个 skills...
[2026-03-06 23:30:23] ✗ 未找到 ai-music-prompts
[2026-03-06 23:30:23] ✗ 未找到 ai-video-gen-tools
[2026-03-06 23:30:23] ✗ 未找到 brand-creative-suite
[2026-03-06 23:30:23] ✗ 未找到 game-character-gen
[2026-03-06 23:30:23] 报告已生成: /root/clawd/scripts/../memory/clawdhub-tracking/daily-report-20260306.txt
[2026-03-06 23:30:23] 发送报告到 Slack...
[2026-03-06 23:30:23] 报告内容已准备好，等待发送...
[2026-03-06 23:30:23] === 追踪脚本完成 ===
[2026-03-07 23:30:57] === ClawdHub Skills 追踪脚本启动 ===
[2026-03-07 23:30:57] 开始检查 ClawdHub skills 表现...
[2026-03-07 23:30:57] 获取 clawdhub explore 数据...
[2026-03-07 23:30:59] 正在检查 4 个 skills...
[2026-03-07 23:30:59] ✗ 未找到 ai-music-prompts
[2026-03-07 23:30:59] ✗ 未找到 ai-video-gen-tools
[2026-03-07 23:30:59] ✗ 未找到 brand-creative-suite
[2026-03-07 23:30:59] ✗ 未找到 game-character-gen
[2026-03-07 23:30:59] 报告已生成: /root/clawd/scripts/../memory/clawdhub-tracking/daily-report-20260307.txt
[2026-03-07 23:30:59] 发送报告到 Slack...
[2026-03-07 23:30:59] 报告内容已准备好，等待发送...
[2026-03-07 23:30:59] === 追踪脚本完成 ===
[2026-03-09 23:35:03] === ClawdHub Skills 追踪脚本启动 ===
[2026-03-09 23:35:03] 开始检查 ClawdHub skills 表现...
[2026-03-09 23:35:03] 获取 clawdhub explore 数据...
[2026-03-09 23:35:05] 正在检查 4 个 skills...
[2026-03-09 23:35:05] ✗ 未找到 ai-music-prompts
[2026-03-09 23:35:05] ✗ 未找到 ai-video-gen-tools
[2026-03-09 23:35:05] ✗ 未找到 brand-creative-suite
[2026-03-09 23:35:05] ✗ 未找到 game-character-gen
[2026-03-09 23:35:05] 报告已生成: /root/clawd/scripts/../memory/clawdhub-tracking/daily-report-20260309.txt
[2026-03-09 23:35:05] 发送报告到 Slack...
[2026-03-09 23:35:05] 报告内容已准备好，等待发送...
[2026-03-09 23:35:05] === 追踪脚本完成 ===
[2026-03-22 00:30:59] === ClawdHub Skills 追踪脚本启动 ===
[2026-03-22 00:30:59] 开始检查 ClawdHub skills 表现...
[2026-03-22 00:30:59] 获取 clawdhub explore 数据...
[2026-03-22 00:31:05] 正在检查 4 个 skills...
[2026-03-22 00:31:05] ✗ 未找到 ai-music-prompts
[2026-03-22 00:31:05] ✗ 未找到 ai-video-gen-tools
[2026-03-22 00:31:05] ✗ 未找到 brand-creative-suite
[2026-03-22 00:31:05] ✗ 未找到 game-character-gen
[2026-03-22 00:31:05] 报告已生成: /root/clawd/scripts/../memory/clawdhub-tracking/daily-report-20260322.txt
[2026-03-22 00:31:05] 发送报告到 Slack...
[2026-03-22 00:31:05] 报告内容已准备好，等待发送...
[2026-03-22 00:31:05] === 追踪脚本完成 ===
[2026-04-01 23:30:10] === ClawdHub Skills 追踪脚本启动 ===
[2026-04-01 23:30:10] 开始检查 ClawdHub skills 表现...
[2026-04-01 23:30:10] 获取 clawdhub explore 数据...
[2026-04-01 23:30:12] 正在检查 4 个 skills...
[2026-04-01 23:30:12] ✗ 未找到 ai-music-prompts
[2026-04-01 23:30:12] ✗ 未找到 ai-video-gen-tools
[2026-04-01 23:30:12] ✗ 未找到 brand-creative-suite
[2026-04-01 23:30:12] ✗ 未找到 game-character-gen
[2026-04-01 23:30:12] 报告已生成: /root/clawd/scripts/../memory/clawdhub-tracking/daily-report-20260401.txt
[2026-04-01 23:30:12] 发送报告到 Slack...
[2026-04-01 23:30:12] 报告内容已准备好，等待发送...
[2026-04-01 23:30:12] === 追踪脚本完成 ===
[2026-04-02 23:30:13] === ClawdHub Skills 追踪脚本启动 ===
[2026-04-02 23:30:13] 开始检查 ClawdHub skills 表现...
[2026-04-02 23:30:13] 获取 clawdhub explore 数据...
[2026-04-02 23:30:15] 正在检查 4 个 skills...
[2026-04-02 23:30:15] ✗ 未找到 ai-music-prompts
[2026-04-02 23:30:15] ✗ 未找到 ai-video-gen-tools
[2026-04-02 23:30:15] ✗ 未找到 brand-creative-suite
[2026-04-02 23:30:15] ✗ 未找到 game-character-gen
[2026-04-02 23:30:15] 报告已生成: /root/clawd/scripts/../memory/clawdhub-tracking/daily-report-20260402.txt
[2026-04-02 23:30:15] 发送报告到 Slack...
[2026-04-02 23:30:15] 报告内容已准备好，等待发送...
[2026-04-02 23:30:15] === 追踪脚本完成 ===
[2026-04-03 23:30:08] === ClawdHub Skills 追踪脚本启动 ===
[2026-04-03 23:30:08] 开始检查 ClawdHub skills 表现...
[2026-04-03 23:30:08] 获取 clawdhub explore 数据...
[2026-04-03 23:30:10] 正在检查 4 个 skills...
[2026-04-03 23:30:10] ✗ 未找到 ai-music-prompts
[2026-04-03 23:30:10] ✗ 未找到 ai-video-gen-tools
[2026-04-03 23:30:10] ✗ 未找到 brand-creative-suite
[2026-04-03 23:30:10] ✗ 未找到 game-character-gen
[2026-04-03 23:30:10] 报告已生成: /root/clawd/scripts/../memory/clawdhub-tracking/daily-report-20260403.txt
[2026-04-03 23:30:10] 发送报告到 Slack...
[2026-04-03 23:30:10] 报告内容已准备好，等待发送...
[2026-04-03 23:30:10] === 追踪脚本完成 ===
[2026-04-04 23:30:08] === ClawdHub Skills 追踪脚本启动 ===
[2026-04-04 23:30:08] 开始检查 ClawdHub skills 表现...
[2026-04-04 23:30:08] 获取 clawdhub explore 数据...
[2026-04-04 23:30:09] 正在检查 4 个 skills...
[2026-04-04 23:30:09] ✗ 未找到 ai-music-prompts
[2026-04-04 23:30:09] ✗ 未找到 ai-video-gen-tools
[2026-04-04 23:30:10] ✗ 未找到 brand-creative-suite
[2026-04-04 23:30:10] ✗ 未找到 game-character-gen
[2026-04-04 23:30:10] 报告已生成: /root/clawd/scripts/../memory/clawdhub-tracking/daily-report-20260404.txt
[2026-04-04 23:30:10] 发送报告到 Slack...
[2026-04-04 23:30:10] 报告内容已准备好，等待发送...
[2026-04-04 23:30:10] === 追踪脚本完成 ===
[2026-04-05 23:30:08] === ClawdHub Skills 追踪脚本启动 ===
[2026-04-05 23:30:08] 开始检查 ClawdHub skills 表现...
[2026-04-05 23:30:08] 获取 clawdhub explore 数据...
[2026-04-05 23:30:10] 正在检查 4 个 skills...
[2026-04-05 23:30:10] ✗ 未找到 ai-music-prompts
[2026-04-05 23:30:10] ✗ 未找到 ai-video-gen-tools
[2026-04-05 23:30:10] ✗ 未找到 brand-creative-suite
[2026-04-05 23:30:10] ✗ 未找到 game-character-gen
[2026-04-05 23:30:10] 报告已生成: /root/clawd/scripts/../memory/clawdhub-tracking/daily-report-20260405.txt
[2026-04-05 23:30:10] 发送报告到 Slack...
[2026-04-05 23:30:10] 报告内容已准备好，等待发送...
[2026-04-05 23:30:10] === 追踪脚本完成 ===
[2026-04-06 23:30:08] === ClawdHub Skills 追踪脚本启动 ===
[2026-04-06 23:30:08] 开始检查 ClawdHub skills 表现...
[2026-04-06 23:30:08] 获取 clawdhub explore 数据...
[2026-04-06 23:30:09] 正在检查 4 个 skills...
[2026-04-06 23:30:09] ✗ 未找到 ai-music-prompts
[2026-04-06 23:30:09] ✗ 未找到 ai-video-gen-tools
[2026-04-06 23:30:09] ✗ 未找到 brand-creative-suite
[2026-04-06 23:30:09] ✗ 未找到 game-character-gen
[2026-04-06 23:30:10] 报告已生成: /root/clawd/scripts/../memory/clawdhub-tracking/daily-report-20260406.txt
[2026-04-06 23:30:10] 发送报告到 Slack...
[2026-04-06 23:30:10] 报告内容已准备好，等待发送...
[2026-04-06 23:30:10] === 追踪脚本完成 ===
[2026-04-07 23:30:08] === ClawdHub Skills 追踪脚本启动 ===
[2026-04-07 23:30:08] 开始检查 ClawdHub skills 表现...
[2026-04-07 23:30:08] 获取 clawdhub explore 数据...
[2026-04-07 23:30:10] 正在检查 4 个 skills...
[2026-04-07 23:30:10] ✗ 未找到 ai-music-prompts
[2026-04-07 23:30:10] ✗ 未找到 ai-video-gen-tools
[2026-04-07 23:30:10] ✗ 未找到 brand-creative-suite
[2026-04-07 23:30:10] ✗ 未找到 game-character-gen
[2026-04-07 23:30:10] 报告已生成: /root/clawd/scripts/../memory/clawdhub-tracking/daily-report-20260407.txt
[2026-04-07 23:30:10] 发送报告到 Slack...
[2026-04-07 23:30:10] 报告内容已准备好，等待发送...
[2026-04-07 23:30:10] === 追踪脚本完成 ===
[2026-04-08 23:30:07] === ClawdHub Skills 追踪脚本启动 ===
[2026-04-08 23:30:07] 开始检查 ClawdHub skills 表现...
[2026-04-08 23:30:07] 获取 clawdhub explore 数据...
[2026-04-08 23:30:09] 正在检查 4 个 skills...
[2026-04-08 23:30:09] ✗ 未找到 ai-music-prompts
[2026-04-08 23:30:09] ✗ 未找到 ai-video-gen-tools
[2026-04-08 23:30:09] ✗ 未找到 brand-creative-suite
[2026-04-08 23:30:09] ✗ 未找到 game-character-gen
[2026-04-08 23:30:09] 报告已生成: /root/clawd/scripts/../memory/clawdhub-tracking/daily-report-20260408.txt
[2026-04-08 23:30:09] 发送报告到 Slack...
[2026-04-08 23:30:09] 报告内容已准备好，等待发送...
[2026-04-08 23:30:09] === 追踪脚本完成 ===
[2026-05-01 08:01:07] === ClawdHub Skills 追踪脚本启动 ===
[2026-05-01 08:01:07] 开始检查 ClawdHub skills 表现...
[2026-05-01 08:01:07] 获取 clawdhub explore 数据...
[2026-05-01 08:01:09] 正在检查 4 个 skills...
[2026-05-01 08:01:09] ✗ 未找到 ai-music-prompts
[2026-05-01 08:01:09] ✗ 未找到 ai-video-gen-tools
[2026-05-01 08:01:09] ✗ 未找到 brand-creative-suite
[2026-05-01 08:01:09] ✗ 未找到 game-character-gen
[2026-05-01 08:01:09] 报告已生成: /root/clawd/scripts/../memory/clawdhub-tracking/daily-report-20260501.txt
[2026-05-01 08:01:09] 发送报告到 Slack...
[2026-05-01 08:01:09] 报告内容已准备好，等待发送...
[2026-05-01 08:01:09] === 追踪脚本完成 ===
[2026-05-01 23:30:24] === ClawdHub Skills 追踪脚本启动 ===
[2026-05-01 23:30:24] 开始检查 ClawdHub skills 表现...
[2026-05-01 23:30:24] 获取 clawdhub explore 数据...
[2026-05-01 23:30:26] 正在检查 4 个 skills...
[2026-05-01 23:30:26] ✗ 未找到 ai-music-prompts
[2026-05-01 23:30:26] ✗ 未找到 ai-video-gen-tools
[2026-05-01 23:30:26] ✗ 未找到 brand-creative-suite
[2026-05-01 23:30:26] ✗ 未找到 game-character-gen
[2026-05-01 23:30:26] 报告已生成: /root/clawd/scripts/../memory/clawdhub-tracking/daily-report-20260501.txt
[2026-05-01 23:30:26] 发送报告到 Slack...
[2026-05-01 23:30:26] 报告内容已准备好，等待发送...
[2026-05-01 23:30:26] === 追踪脚本完成 ===
[2026-05-02 23:30:11] === ClawdHub Skills 追踪脚本启动 ===
[2026-05-02 23:30:11] 开始检查 ClawdHub skills 表现...
[2026-05-02 23:30:11] 获取 clawdhub explore 数据...
[2026-05-02 23:30:12] 正在检查 4 个 skills...
[2026-05-02 23:30:12] ✗ 未找到 ai-music-prompts
[2026-05-02 23:30:12] ✗ 未找到 ai-video-gen-tools
[2026-05-02 23:30:12] ✗ 未找到 brand-creative-suite
[2026-05-02 23:30:12] ✗ 未找到 game-character-gen
[2026-05-02 23:30:13] 报告已生成: /root/clawd/scripts/../memory/clawdhub-tracking/daily-report-20260502.txt
[2026-05-02 23:30:13] 发送报告到 Slack...
[2026-05-02 23:30:13] 报告内容已准备好，等待发送...
[2026-05-02 23:30:13] === 追踪脚本完成 ===
[2026-05-03 23:30:35] === ClawdHub Skills 追踪脚本启动 ===
[2026-05-03 23:30:35] 开始检查 ClawdHub skills 表现...
[2026-05-03 23:30:35] 获取 clawdhub explore 数据...
[2026-05-03 23:30:37] 正在检查 4 个 skills...
[2026-05-03 23:30:37] ✗ 未找到 ai-music-prompts
[2026-05-03 23:30:37] ✗ 未找到 ai-video-gen-tools
[2026-05-03 23:30:37] ✗ 未找到 brand-creative-suite
[2026-05-03 23:30:37] ✗ 未找到 game-character-gen
[2026-05-03 23:30:37] 报告已生成: /root/clawd/scripts/../memory/clawdhub-tracking/daily-report-20260503.txt
[2026-05-03 23:30:37] 发送报告到 Slack...
[2026-05-03 23:30:37] 报告内容已准备好，等待发送...
[2026-05-03 23:30:37] === 追踪脚本完成 ===
[2026-05-04 23:30:09] === ClawdHub Skills 追踪脚本启动 ===
[2026-05-04 23:30:09] 开始检查 ClawdHub skills 表现...
[2026-05-04 23:30:09] 获取 clawdhub explore 数据...
[2026-05-04 23:30:11] 正在检查 4 个 skills...
[2026-05-04 23:30:11] ✗ 未找到 ai-music-prompts
[2026-05-04 23:30:11] ✗ 未找到 ai-video-gen-tools
[2026-05-04 23:30:11] ✗ 未找到 brand-creative-suite
[2026-05-04 23:30:11] ✗ 未找到 game-character-gen
[2026-05-04 23:30:11] 报告已生成: /root/clawd/scripts/../memory/clawdhub-tracking/daily-report-20260504.txt
[2026-05-04 23:30:11] 发送报告到 Slack...
[2026-05-04 23:30:11] 报告内容已准备好，等待发送...
[2026-05-04 23:30:11] === 追踪脚本完成 ===
[2026-05-05 23:30:14] === ClawdHub Skills 追踪脚本启动 ===
[2026-05-05 23:30:14] 开始检查 ClawdHub skills 表现...
[2026-05-05 23:30:14] 获取 clawdhub explore 数据...
[2026-05-05 23:30:16] 正在检查 4 个 skills...
[2026-05-05 23:30:16] ✗ 未找到 ai-music-prompts
[2026-05-05 23:30:16] ✗ 未找到 ai-video-gen-tools
[2026-05-05 23:30:16] ✗ 未找到 brand-creative-suite
[2026-05-05 23:30:16] ✗ 未找到 game-character-gen
[2026-05-05 23:30:16] 报告已生成: /root/clawd/scripts/../memory/clawdhub-tracking/daily-report-20260505.txt
[2026-05-05 23:30:16] 发送报告到 Slack...
[2026-05-05 23:30:16] 报告内容已准备好，等待发送...
[2026-05-05 23:30:16] === 追踪脚本完成 ===
[2026-05-06 23:30:33] === ClawdHub Skills 追踪脚本启动 ===
[2026-05-06 23:30:33] 开始检查 ClawdHub skills 表现...
[2026-05-06 23:30:33] 获取 clawdhub explore 数据...
[2026-05-06 23:30:35] 正在检查 4 个 skills...
[2026-05-06 23:30:35] ✗ 未找到 ai-music-prompts
[2026-05-06 23:30:35] ✗ 未找到 ai-video-gen-tools
[2026-05-06 23:30:35] ✗ 未找到 brand-creative-suite
[2026-05-06 23:30:35] ✗ 未找到 game-character-gen
[2026-05-06 23:30:35] 报告已生成: /root/clawd/scripts/../memory/clawdhub-tracking/daily-report-20260506.txt
[2026-05-06 23:30:35] 发送报告到 Slack...
[2026-05-06 23:30:35] 报告内容已准备好，等待发送...
[2026-05-06 23:30:35] === 追踪脚本完成 ===
[2026-05-08 23:30:11] === ClawdHub Skills 追踪脚本启动 ===
[2026-05-08 23:30:11] 开始检查 ClawdHub skills 表现...
[2026-05-08 23:30:11] 获取 clawdhub explore 数据...
[2026-05-08 23:30:13] 正在检查 4 个 skills...
[2026-05-08 23:30:13] ✗ 未找到 ai-music-prompts
[2026-05-08 23:30:13] ✗ 未找到 ai-video-gen-tools
[2026-05-08 23:30:13] ✗ 未找到 brand-creative-suite
[2026-05-08 23:30:13] ✗ 未找到 game-character-gen
[2026-05-08 23:30:13] 报告已生成: /root/clawd/scripts/../memory/clawdhub-tracking/daily-report-20260508.txt
[2026-05-08 23:30:13] 发送报告到 Slack...
[2026-05-08 23:30:13] 报告内容已准备好，等待发送...
[2026-05-08 23:30:13] === 追踪脚本完成 ===
[2026-05-09 23:30:09] === ClawdHub Skills 追踪脚本启动 ===
[2026-05-09 23:30:09] 开始检查 ClawdHub skills 表现...
[2026-05-09 23:30:09] 获取 clawdhub explore 数据...
[2026-05-09 23:30:11] 正在检查 4 个 skills...
[2026-05-09 23:30:11] ✗ 未找到 ai-music-prompts
[2026-05-09 23:30:11] ✗ 未找到 ai-video-gen-tools
[2026-05-09 23:30:11] ✗ 未找到 brand-creative-suite
[2026-05-09 23:30:11] ✗ 未找到 game-character-gen
[2026-05-09 23:30:11] 报告已生成: /root/clawd/scripts/../memory/clawdhub-tracking/daily-report-20260509.txt
[2026-05-09 23:30:11] 发送报告到 Slack...
[2026-05-09 23:30:11] 报告内容已准备好，等待发送...
[2026-05-09 23:30:11] === 追踪脚本完成 ===
[2026-05-10 23:30:14] === ClawdHub Skills 追踪脚本启动 ===
[2026-05-10 23:30:14] 开始检查 ClawdHub skills 表现...
[2026-05-10 23:30:14] 获取 clawdhub explore 数据...
[2026-05-10 23:30:15] 正在检查 4 个 skills...
[2026-05-10 23:30:15] ✗ 未找到 ai-music-prompts
[2026-05-10 23:30:15] ✗ 未找到 ai-video-gen-tools
[2026-05-10 23:30:15] ✗ 未找到 brand-creative-suite
[2026-05-10 23:30:15] ✗ 未找到 game-character-gen
[2026-05-10 23:30:15] 报告已生成: /root/clawd/scripts/../memory/clawdhub-tracking/daily-report-20260510.txt
[2026-05-10 23:30:15] 发送报告到 Slack...
[2026-05-10 23:30:16] 报告内容已准备好，等待发送...
[2026-05-10 23:30:16] === 追踪脚本完成 ===
[2026-06-02 23:30:12] === ClawdHub Skills 追踪脚本启动 ===
[2026-06-02 23:30:12] 开始检查 ClawdHub skills 表现...
[2026-06-02 23:30:12] 获取 clawdhub explore 数据...
[2026-06-02 23:30:14] 正在检查 4 个 skills...
[2026-06-02 23:30:14] ✗ 未找到 ai-music-prompts
[2026-06-02 23:30:14] ✗ 未找到 ai-video-gen-tools
[2026-06-02 23:30:14] ✗ 未找到 brand-creative-suite
[2026-06-02 23:30:14] ✗ 未找到 game-character-gen
[2026-06-02 23:30:14] 报告已生成: /root/clawd/scripts/../memory/clawdhub-tracking/daily-report-20260602.txt
[2026-06-02 23:30:14] 发送报告到 Slack...
[2026-06-02 23:30:14] 报告内容已准备好，等待发送...
[2026-06-02 23:30:14] === 追踪脚本完成 ===
[2026-06-03 23:30:09] === ClawdHub Skills 追踪脚本启动 ===
[2026-06-03 23:30:09] 开始检查 ClawdHub skills 表现...
[2026-06-03 23:30:09] 获取 clawdhub explore 数据...
[2026-06-03 23:30:11] 正在检查 4 个 skills...
[2026-06-03 23:30:11] ✗ 未找到 ai-music-prompts
[2026-06-03 23:30:11] ✗ 未找到 ai-video-gen-tools
[2026-06-03 23:30:11] ✗ 未找到 brand-creative-suite
[2026-06-03 23:30:11] ✗ 未找到 game-character-gen
[2026-06-03 23:30:11] 报告已生成: /root/clawd/scripts/../memory/clawdhub-tracking/daily-report-20260603.txt
[2026-06-03 23:30:11] 发送报告到 Slack...
[2026-06-03 23:30:11] 报告内容已准备好，等待发送...
[2026-06-03 23:30:11] === 追踪脚本完成 ===
[2026-06-04 23:30:13] === ClawdHub Skills 追踪脚本启动 ===
[2026-06-04 23:30:13] 开始检查 ClawdHub skills 表现...
[2026-06-04 23:30:13] 获取 clawdhub explore 数据...
[2026-06-04 23:30:16] 正在检查 4 个 skills...
[2026-06-04 23:30:16] ✗ 未找到 ai-music-prompts
[2026-06-04 23:30:16] ✗ 未找到 ai-video-gen-tools
[2026-06-04 23:30:16] ✗ 未找到 brand-creative-suite
[2026-06-04 23:30:16] ✗ 未找到 game-character-gen
[2026-06-04 23:30:16] 报告已生成: /root/clawd/scripts/../memory/clawdhub-tracking/daily-report-20260604.txt
[2026-06-04 23:30:16] 发送报告到 Slack...
[2026-06-04 23:30:16] 报告内容已准备好，等待发送...
[2026-06-04 23:30:16] === 追踪脚本完成 ===
[2026-06-05 23:30:11] === ClawdHub Skills 追踪脚本启动 ===
[2026-06-05 23:30:11] 开始检查 ClawdHub skills 表现...
[2026-06-05 23:30:11] 获取 clawdhub explore 数据...
[2026-06-05 23:30:14] 正在检查 4 个 skills...
[2026-06-05 23:30:14] ✗ 未找到 ai-music-prompts
[2026-06-05 23:30:14] ✗ 未找到 ai-video-gen-tools
[2026-06-05 23:30:14] ✗ 未找到 brand-creative-suite
[2026-06-05 23:30:14] ✗ 未找到 game-character-gen
[2026-06-05 23:30:14] 报告已生成: /root/clawd/scripts/../memory/clawdhub-tracking/daily-report-20260605.txt
[2026-06-05 23:30:14] 发送报告到 Slack...
[2026-06-05 23:30:14] 报告内容已准备好，等待发送...
[2026-06-05 23:30:14] === 追踪脚本完成 ===
[2026-06-06 23:30:10] === ClawdHub Skills 追踪脚本启动 ===
[2026-06-06 23:30:10] 开始检查 ClawdHub skills 表现...
[2026-06-06 23:30:10] 获取 clawdhub explore 数据...
[2026-06-06 23:30:12] 正在检查 4 个 skills...
[2026-06-06 23:30:12] ✗ 未找到 ai-music-prompts
[2026-06-06 23:30:12] ✗ 未找到 ai-video-gen-tools
[2026-06-06 23:30:12] ✗ 未找到 brand-creative-suite
[2026-06-06 23:30:12] ✗ 未找到 game-character-gen
[2026-06-06 23:30:12] 报告已生成: /root/clawd/scripts/../memory/clawdhub-tracking/daily-report-20260606.txt
[2026-06-06 23:30:12] 发送报告到 Slack...
[2026-06-06 23:30:12] 报告内容已准备好，等待发送...
[2026-06-06 23:30:12] === 追踪脚本完成 ===
[2026-06-07 23:30:09] === ClawdHub Skills 追踪脚本启动 ===
[2026-06-07 23:30:09] 开始检查 ClawdHub skills 表现...
[2026-06-07 23:30:09] 获取 clawdhub explore 数据...
[2026-06-07 23:30:11] 正在检查 4 个 skills...
[2026-06-07 23:30:11] ✗ 未找到 ai-music-prompts
[2026-06-07 23:30:11] ✗ 未找到 ai-video-gen-tools
[2026-06-07 23:30:11] ✗ 未找到 brand-creative-suite
[2026-06-07 23:30:11] ✗ 未找到 game-character-gen
[2026-06-07 23:30:11] 报告已生成: /root/clawd/scripts/../memory/clawdhub-tracking/daily-report-20260607.txt
[2026-06-07 23:30:11] 发送报告到 Slack...
[2026-06-07 23:30:11] 报告内容已准备好，等待发送...
[2026-06-07 23:30:11] === 追踪脚本完成 ===
[2026-06-08 23:30:15] === ClawdHub Skills 追踪脚本启动 ===
[2026-06-08 23:30:15] 开始检查 ClawdHub skills 表现...
[2026-06-08 23:30:15] 获取 clawdhub explore 数据...
[2026-06-08 23:30:17] 正在检查 4 个 skills...
[2026-06-08 23:30:17] ✗ 未找到 ai-music-prompts
[2026-06-08 23:30:17] ✗ 未找到 ai-video-gen-tools
[2026-06-08 23:30:17] ✗ 未找到 brand-creative-suite
[2026-06-08 23:30:17] ✗ 未找到 game-character-gen
[2026-06-08 23:30:17] 报告已生成: /root/clawd/scripts/../memory/clawdhub-tracking/daily-report-20260608.txt
[2026-06-08 23:30:17] 发送报告到 Slack...
[2026-06-08 23:30:17] 报告内容已准备好，等待发送...
[2026-06-08 23:30:17] === 追踪脚本完成 ===
[2026-06-09 23:30:13] === ClawdHub Skills 追踪脚本启动 ===
[2026-06-09 23:30:13] 开始检查 ClawdHub skills 表现...
[2026-06-09 23:30:13] 获取 clawdhub explore 数据...
[2026-06-09 23:30:16] 正在检查 4 个 skills...
[2026-06-09 23:30:16] ✗ 未找到 ai-music-prompts
[2026-06-09 23:30:16] ✗ 未找到 ai-video-gen-tools
[2026-06-09 23:30:16] ✗ 未找到 brand-creative-suite
[2026-06-09 23:30:16] ✗ 未找到 game-character-gen
[2026-06-09 23:30:16] 报告已生成: /root/clawd/scripts/../memory/clawdhub-tracking/daily-report-20260609.txt
[2026-06-09 23:30:16] 发送报告到 Slack...
[2026-06-09 23:30:16] 报告内容已准备好，等待发送...
[2026-06-09 23:30:16] === 追踪脚本完成 ===
[2026-06-10 23:30:07] === ClawdHub Skills 追踪脚本启动 ===
[2026-06-10 23:30:07] 开始检查 ClawdHub skills 表现...
[2026-06-10 23:30:07] 获取 clawdhub explore 数据...
[2026-06-10 23:30:09] 正在检查 4 个 skills...
[2026-06-10 23:30:09] ✗ 未找到 ai-music-prompts
[2026-06-10 23:30:10] ✗ 未找到 ai-video-gen-tools
[2026-06-10 23:30:10] ✗ 未找到 brand-creative-suite
[2026-06-10 23:30:10] ✗ 未找到 game-character-gen
[2026-06-10 23:30:10] 报告已生成: /root/clawd/scripts/../memory/clawdhub-tracking/daily-report-20260610.txt
[2026-06-10 23:30:10] 发送报告到 Slack...
[2026-06-10 23:30:10] 报告内容已准备好，等待发送...
[2026-06-10 23:30:10] === 追踪脚本完成 ===
[2026-06-11 23:30:09] === ClawdHub Skills 追踪脚本启动 ===
[2026-06-11 23:30:09] 开始检查 ClawdHub skills 表现...
[2026-06-11 23:30:09] 获取 clawdhub explore 数据...
[2026-06-11 23:30:12] 正在检查 4 个 skills...
[2026-06-11 23:30:12] ✗ 未找到 ai-music-prompts
[2026-06-11 23:30:12] ✗ 未找到 ai-video-gen-tools
[2026-06-11 23:30:12] ✗ 未找到 brand-creative-suite
[2026-06-11 23:30:12] ✗ 未找到 game-character-gen
[2026-06-11 23:30:12] 报告已生成: /root/clawd/scripts/../memory/clawdhub-tracking/daily-report-20260611.txt
[2026-06-11 23:30:12] 发送报告到 Slack...
[2026-06-11 23:30:12] 报告内容已准备好，等待发送...
[2026-06-11 23:30:12] === 追踪脚本完成 ===
[2026-06-11 23:30:49] ClawdHub tracking completed - 0/4 skills found in explore list
Note: The4 tracked skills (ai-music-prompts, ai-video-gen-tools, brand-creative-suite, game-character-gen) are not in the recent explore list. This may indicate they are not yet published or use different slug names.
[2026-06-12 23:30:10] === ClawdHub Skills 追踪脚本启动 ===
[2026-06-12 23:30:10] 开始检查 ClawdHub skills 表现...
[2026-06-12 23:30:10] 获取 clawdhub explore 数据...
[2026-06-12 23:30:12] 正在检查 4 个 skills...
[2026-06-12 23:30:12] ✗ 未找到 ai-music-prompts
[2026-06-12 23:30:12] ✗ 未找到 ai-video-gen-tools
[2026-06-12 23:30:12] ✗ 未找到 brand-creative-suite
[2026-06-12 23:30:12] ✗ 未找到 game-character-gen
[2026-06-12 23:30:12] 报告已生成: /root/clawd/scripts/../memory/clawdhub-tracking/daily-report-20260612.txt
[2026-06-12 23:30:12] 发送报告到 Slack...
[2026-06-12 23:30:12] 报告内容已准备好，等待发送...
[2026-06-12 23:30:12] === 追踪脚本完成 ===
[2026-06-13 23:30:06] === ClawdHub Skills 追踪脚本启动 ===
[2026-06-13 23:30:06] 开始检查 ClawdHub skills 表现...
[2026-06-13 23:30:06] 获取 clawdhub explore 数据...
[2026-06-13 23:30:08] 正在检查 4 个 skills...
[2026-06-13 23:30:08] ✗ 未找到 ai-music-prompts
[2026-06-13 23:30:08] ✗ 未找到 ai-video-gen-tools
[2026-06-13 23:30:08] ✗ 未找到 brand-creative-suite
[2026-06-13 23:30:08] ✗ 未找到 game-character-gen
[2026-06-13 23:30:08] 报告已生成: /root/clawd/scripts/../memory/clawdhub-tracking/daily-report-20260613.txt
[2026-06-13 23:30:08] 发送报告到 Slack...
[2026-06-13 23:30:08] 报告内容已准备好，等待发送...
[2026-06-13 23:30:08] === 追踪脚本完成 ===
[2026-06-14 23:30:07] === ClawdHub Skills 追踪脚本启动 ===
[2026-06-14 23:30:07] 开始检查 ClawdHub skills 表现...
[2026-06-14 23:30:07] 获取 clawdhub explore 数据...
[2026-06-14 23:30:09] 正在检查 4 个 skills...
[2026-06-14 23:30:09] ✗ 未找到 ai-music-prompts
[2026-06-14 23:30:09] ✗ 未找到 ai-video-gen-tools
[2026-06-14 23:30:09] ✗ 未找到 brand-creative-suite
[2026-06-14 23:30:09] ✗ 未找到 game-character-gen
[2026-06-14 23:30:09] 报告已生成: /root/clawd/scripts/../memory/clawdhub-tracking/daily-report-20260614.txt
[2026-06-14 23:30:09] 发送报告到 Slack...
[2026-06-14 23:30:09] 报告内容已准备好，等待发送...
[2026-06-14 23:30:09] === 追踪脚本完成 ===
[2026-06-15 23:30:07] === ClawdHub Skills 追踪脚本启动 ===
[2026-06-15 23:30:07] 开始检查 ClawdHub skills 表现...
[2026-06-15 23:30:07] 获取 clawdhub explore 数据...
[2026-06-15 23:30:09] 正在检查 4 个 skills...
[2026-06-15 23:30:09] ✗ 未找到 ai-music-prompts
[2026-06-15 23:30:09] ✗ 未找到 ai-video-gen-tools
[2026-06-15 23:30:09] ✗ 未找到 brand-creative-suite
[2026-06-15 23:30:09] ✗ 未找到 game-character-gen
[2026-06-15 23:30:09] 报告已生成: /root/clawd/scripts/../memory/clawdhub-tracking/daily-report-20260615.txt
[2026-06-15 23:30:09] 发送报告到 Slack...
[2026-06-15 23:30:09] 报告内容已准备好，等待发送...
[2026-06-15 23:30:09] === 追踪脚本完成 ===
[2026-06-16 23:30:08] === ClawdHub Skills 追踪脚本启动 ===
[2026-06-16 23:30:08] 开始检查 ClawdHub skills 表现...
[2026-06-16 23:30:08] 获取 clawdhub explore 数据...
[2026-06-16 23:30:10] 正在检查 4 个 skills...
[2026-06-16 23:30:10] ✗ 未找到 ai-music-prompts
[2026-06-16 23:30:10] ✗ 未找到 ai-video-gen-tools
[2026-06-16 23:30:10] ✗ 未找到 brand-creative-suite
[2026-06-16 23:30:10] ✗ 未找到 game-character-gen
[2026-06-16 23:30:10] 报告已生成: /root/clawd/scripts/../memory/clawdhub-tracking/daily-report-20260616.txt
[2026-06-16 23:30:10] 发送报告到 Slack...
[2026-06-16 23:30:10] 报告内容已准备好，等待发送...
[2026-06-16 23:30:11] === 追踪脚本完成 ===
[2026-06-17 23:30:08] === ClawdHub Skills 追踪脚本启动 ===
[2026-06-17 23:30:08] 开始检查 ClawdHub skills 表现...
[2026-06-17 23:30:08] 获取 clawdhub explore 数据...
[2026-06-17 23:30:10] 正在检查 4 个 skills...
[2026-06-17 23:30:10] ✗ 未找到 ai-music-prompts
[2026-06-17 23:30:10] ✗ 未找到 ai-video-gen-tools
[2026-06-17 23:30:10] ✗ 未找到 brand-creative-suite
[2026-06-17 23:30:10] ✗ 未找到 game-character-gen
[2026-06-17 23:30:10] 报告已生成: /root/clawd/scripts/../memory/clawdhub-tracking/daily-report-20260617.txt
[2026-06-17 23:30:10] 发送报告到 Slack...
[2026-06-17 23:30:10] 报告内容已准备好，等待发送...
[2026-06-17 23:30:10] === 追踪脚本完成 ===
[2026-06-18 23:30:09] === ClawdHub Skills 追踪脚本启动 ===
[2026-06-18 23:30:09] 开始检查 ClawdHub skills 表现...
[2026-06-18 23:30:09] 获取 clawdhub explore 数据...
[2026-06-18 23:30:11] 正在检查 4 个 skills...
[2026-06-18 23:30:11] ✗ 未找到 ai-music-prompts
[2026-06-18 23:30:11] ✗ 未找到 ai-video-gen-tools
[2026-06-18 23:30:11] ✗ 未找到 brand-creative-suite
[2026-06-18 23:30:11] ✗ 未找到 game-character-gen
[2026-06-18 23:30:11] 报告已生成: /root/clawd/scripts/../memory/clawdhub-tracking/daily-report-20260618.txt
[2026-06-18 23:30:11] 发送报告到 Slack...
[2026-06-18 23:30:11] 报告内容已准备好，等待发送...
[2026-06-18 23:30:11] === 追踪脚本完成 ===
[2026-06-19 23:30:16] === ClawdHub Skills 追踪脚本启动 ===
[2026-06-19 23:30:16] 开始检查 ClawdHub skills 表现...
[2026-06-19 23:30:16] 获取 clawdhub explore 数据...
[2026-06-19 23:30:18] 正在检查 4 个 skills...
[2026-06-19 23:30:18] ✗ 未找到 ai-music-prompts
[2026-06-19 23:30:18] ✗ 未找到 ai-video-gen-tools
[2026-06-19 23:30:18] ✗ 未找到 brand-creative-suite
[2026-06-19 23:30:18] ✗ 未找到 game-character-gen
[2026-06-19 23:30:18] 报告已生成: /root/clawd/scripts/../memory/clawdhub-tracking/daily-report-20260619.txt
[2026-06-19 23:30:18] 发送报告到 Slack...
[2026-06-19 23:30:18] 报告内容已准备好，等待发送...
[2026-06-19 23:30:18] === 追踪脚本完成 ===
[2026-06-20 23:30:09] === ClawdHub Skills 追踪脚本启动 ===
[2026-06-20 23:30:09] 开始检查 ClawdHub skills 表现...
[2026-06-20 23:30:09] 获取 clawdhub explore 数据...
[2026-06-20 23:30:10] 正在检查 4 个 skills...
[2026-06-20 23:30:10] ✗ 未找到 ai-music-prompts
[2026-06-20 23:30:11] ✗ 未找到 ai-video-gen-tools
[2026-06-20 23:30:11] ✗ 未找到 brand-creative-suite
[2026-06-20 23:30:11] ✗ 未找到 game-character-gen
[2026-06-20 23:30:11] 报告已生成: /root/clawd/scripts/../memory/clawdhub-tracking/daily-report-20260620.txt
[2026-06-20 23:30:11] 发送报告到 Slack...
[2026-06-20 23:30:11] 报告内容已准备好，等待发送...
[2026-06-20 23:30:11] === 追踪脚本完成 ===
[2026-06-21 23:30:07] === ClawdHub Skills 追踪脚本启动 ===
[2026-06-21 23:30:07] 开始检查 ClawdHub skills 表现...
[2026-06-21 23:30:07] 获取 clawdhub explore 数据...
[2026-06-21 23:30:10] 正在检查 4 个 skills...
[2026-06-21 23:30:10] ✗ 未找到 ai-music-prompts
[2026-06-21 23:30:10] ✗ 未找到 ai-video-gen-tools
[2026-06-21 23:30:10] ✗ 未找到 brand-creative-suite
[2026-06-21 23:30:10] ✗ 未找到 game-character-gen
[2026-06-21 23:30:10] 报告已生成: /root/clawd/scripts/../memory/clawdhub-tracking/daily-report-20260621.txt
[2026-06-21 23:30:10] 发送报告到 Slack...
[2026-06-21 23:30:10] 报告内容已准备好，等待发送...
[2026-06-21 23:30:10] === 追踪脚本完成 ===
[2026-06-22 23:30:14] === ClawdHub Skills 追踪脚本启动 ===
[2026-06-22 23:30:14] 开始检查 ClawdHub skills 表现...
[2026-06-22 23:30:14] 获取 clawdhub explore 数据...
[2026-06-22 23:30:16] 正在检查 4 个 skills...
[2026-06-22 23:30:16] ✗ 未找到 ai-music-prompts
[2026-06-22 23:30:16] ✗ 未找到 ai-video-gen-tools
[2026-06-22 23:30:16] ✗ 未找到 brand-creative-suite
[2026-06-22 23:30:16] ✗ 未找到 game-character-gen
[2026-06-22 23:30:16] 报告已生成: /root/clawd/scripts/../memory/clawdhub-tracking/daily-report-20260622.txt
[2026-06-22 23:30:16] 发送报告到 Slack...
[2026-06-22 23:30:16] 报告内容已准备好，等待发送...
[2026-06-22 23:30:16] === 追踪脚本完成 ===
[2026-06-23 23:30:10] === ClawdHub Skills 追踪脚本启动 ===
[2026-06-23 23:30:10] 开始检查 ClawdHub skills 表现...
[2026-06-23 23:30:10] 获取 clawdhub explore 数据...
[2026-06-23 23:30:13] 正在检查 4 个 skills...
[2026-06-23 23:30:13] ✗ 未找到 ai-music-prompts
[2026-06-23 23:30:13] ✗ 未找到 ai-video-gen-tools
[2026-06-23 23:30:13] ✗ 未找到 brand-creative-suite
[2026-06-23 23:30:13] ✗ 未找到 game-character-gen
[2026-06-23 23:30:13] 报告已生成: /root/clawd/scripts/../memory/clawdhub-tracking/daily-report-20260623.txt
[2026-06-23 23:30:13] 发送报告到 Slack...
[2026-06-23 23:30:13] 报告内容已准备好，等待发送...
[2026-06-23 23:30:13] === 追踪脚本完成 ===
[2026-06-24 23:30:07] === ClawdHub Skills 追踪脚本启动 ===
[2026-06-24 23:30:07] 开始检查 ClawdHub skills 表现...
[2026-06-24 23:30:07] 获取 clawdhub explore 数据...
[2026-06-24 23:30:09] 正在检查 4 个 skills...
[2026-06-24 23:30:09] ✗ 未找到 ai-music-prompts
[2026-06-24 23:30:09] ✗ 未找到 ai-video-gen-tools
[2026-06-24 23:30:09] ✗ 未找到 brand-creative-suite
[2026-06-24 23:30:09] ✗ 未找到 game-character-gen
[2026-06-24 23:30:09] 报告已生成: /root/clawd/scripts/../memory/clawdhub-tracking/daily-report-20260624.txt
[2026-06-24 23:30:09] 发送报告到 Slack...
[2026-06-24 23:30:09] 报告内容已准备好，等待发送...
[2026-06-24 23:30:09] === 追踪脚本完成 ===
[2026-06-25 23:30:07] === ClawdHub Skills 追踪脚本启动 ===
[2026-06-25 23:30:07] 开始检查 ClawdHub skills 表现...
[2026-06-25 23:30:07] 获取 clawdhub explore 数据...
[2026-06-25 23:30:12] 正在检查 4 个 skills...
[2026-06-25 23:30:12] ✗ 未找到 ai-music-prompts
[2026-06-25 23:30:12] ✗ 未找到 ai-video-gen-tools
[2026-06-25 23:30:12] ✗ 未找到 brand-creative-suite
[2026-06-25 23:30:12] ✗ 未找到 game-character-gen
[2026-06-25 23:30:12] 报告已生成: /root/clawd/scripts/../memory/clawdhub-tracking/daily-report-20260625.txt
[2026-06-25 23:30:12] 发送报告到 Slack...
[2026-06-25 23:30:12] 报告内容已准备好，等待发送...
[2026-06-25 23:30:12] === 追踪脚本完成 ===
[2026-06-26 23:30:07] === ClawdHub Skills 追踪脚本启动 ===
[2026-06-26 23:30:07] 开始检查 ClawdHub skills 表现...
[2026-06-26 23:30:07] 获取 clawdhub explore 数据...
[2026-06-26 23:30:09] 正在检查 4 个 skills...
[2026-06-26 23:30:09] ✗ 未找到 ai-music-prompts
[2026-06-26 23:30:09] ✗ 未找到 ai-video-gen-tools
[2026-06-26 23:30:09] ✗ 未找到 brand-creative-suite
[2026-06-26 23:30:09] ✗ 未找到 game-character-gen
[2026-06-26 23:30:09] 报告已生成: /root/clawd/scripts/../memory/clawdhub-tracking/daily-report-20260626.txt
[2026-06-26 23:30:09] 发送报告到 Slack...
[2026-06-26 23:30:09] 报告内容已准备好，等待发送...
[2026-06-26 23:30:09] === 追踪脚本完成 ===
[2026-06-27 23:30:15] === ClawdHub Skills 追踪脚本启动 ===
[2026-06-27 23:30:15] 开始检查 ClawdHub skills 表现...
[2026-06-27 23:30:15] 获取 clawdhub explore 数据...
[2026-06-27 23:30:17] 正在检查 4 个 skills...
[2026-06-27 23:30:17] ✗ 未找到 ai-music-prompts
[2026-06-27 23:30:17] ✗ 未找到 ai-video-gen-tools
[2026-06-27 23:30:17] ✗ 未找到 brand-creative-suite
[2026-06-27 23:30:17] ✗ 未找到 game-character-gen
[2026-06-27 23:30:17] 报告已生成: /root/clawd/scripts/../memory/clawdhub-tracking/daily-report-20260627.txt
[2026-06-27 23:30:17] 发送报告到 Slack...
[2026-06-27 23:30:17] 报告内容已准备好，等待发送...
[2026-06-27 23:30:17] === 追踪脚本完成 ===
[2026-06-28 23:30:07] === ClawdHub Skills 追踪脚本启动 ===
[2026-06-28 23:30:07] 开始检查 ClawdHub skills 表现...
[2026-06-28 23:30:07] 获取 clawdhub explore 数据...
[2026-06-28 23:30:09] 正在检查 4 个 skills...
[2026-06-28 23:30:09] ✗ 未找到 ai-music-prompts
[2026-06-28 23:30:09] ✗ 未找到 ai-video-gen-tools
[2026-06-28 23:30:09] ✗ 未找到 brand-creative-suite
[2026-06-28 23:30:09] ✗ 未找到 game-character-gen
[2026-06-28 23:30:09] 报告已生成: /root/clawd/scripts/../memory/clawdhub-tracking/daily-report-20260628.txt
[2026-06-28 23:30:09] 发送报告到 Slack...
[2026-06-28 23:30:09] 报告内容已准备好，等待发送...
[2026-06-28 23:30:09] === 追踪脚本完成 ===
[2026-06-29 23:30:08] === ClawdHub Skills 追踪脚本启动 ===
[2026-06-29 23:30:08] 开始检查 ClawdHub skills 表现...
[2026-06-29 23:30:08] 获取 clawdhub explore 数据...
[2026-06-29 23:30:10] 正在检查 4 个 skills...
[2026-06-29 23:30:10] ✗ 未找到 ai-music-prompts
[2026-06-29 23:30:10] ✗ 未找到 ai-video-gen-tools
[2026-06-29 23:30:10] ✗ 未找到 brand-creative-suite
[2026-06-29 23:30:10] ✗ 未找到 game-character-gen
[2026-06-29 23:30:10] 报告已生成: /root/clawd/scripts/../memory/clawdhub-tracking/daily-report-20260629.txt
[2026-06-29 23:30:10] 发送报告到 Slack...
[2026-06-29 23:30:10] 报告内容已准备好，等待发送...
[2026-06-29 23:30:10] === 追踪脚本完成 ===
[2026-06-30 23:30:08] === ClawdHub Skills 追踪脚本启动 ===
[2026-06-30 23:30:08] 开始检查 ClawdHub skills 表现...
[2026-06-30 23:30:08] 获取 clawdhub explore 数据...
[2026-06-30 23:30:10] 正在检查 4 个 skills...
[2026-06-30 23:30:10] ✗ 未找到 ai-music-prompts
[2026-06-30 23:30:10] ✗ 未找到 ai-video-gen-tools
[2026-06-30 23:30:10] ✗ 未找到 brand-creative-suite
[2026-06-30 23:30:10] ✗ 未找到 game-character-gen
[2026-06-30 23:30:10] 报告已生成: /root/clawd/scripts/../memory/clawdhub-tracking/daily-report-20260630.txt
[2026-06-30 23:30:10] 发送报告到 Slack...
[2026-06-30 23:30:10] 报告内容已准备好，等待发送...
[2026-06-30 23:30:10] === 追踪脚本完成 ===
[2026-07-01 23:30:10] === ClawdHub Skills 追踪脚本启动 ===
[2026-07-01 23:30:10] 开始检查 ClawdHub skills 表现...
[2026-07-01 23:30:10] 获取 clawdhub explore 数据...
[2026-07-01 23:30:12] 正在检查 4 个 skills...
[2026-07-01 23:30:12] ✗ 未找到 ai-music-prompts
[2026-07-01 23:30:12] ✗ 未找到 ai-video-gen-tools
[2026-07-01 23:30:12] ✗ 未找到 brand-creative-suite
[2026-07-01 23:30:12] ✗ 未找到 game-character-gen
[2026-07-01 23:30:12] 报告已生成: /root/clawd/scripts/../memory/clawdhub-tracking/daily-report-20260701.txt
[2026-07-01 23:30:12] 发送报告到 Slack...
[2026-07-01 23:30:12] 报告内容已准备好，等待发送...
[2026-07-01 23:30:12] === 追踪脚本完成 ===
[2026-07-02 23:30:13] === ClawdHub Skills 追踪脚本启动 ===
[2026-07-02 23:30:13] 开始检查 ClawdHub skills 表现...
[2026-07-02 23:30:13] 获取 clawdhub explore 数据...
[2026-07-02 23:30:17] 正在检查 4 个 skills...
[2026-07-02 23:30:17] ✗ 未找到 ai-music-prompts
[2026-07-02 23:30:17] ✗ 未找到 ai-video-gen-tools
[2026-07-02 23:30:17] ✗ 未找到 brand-creative-suite
[2026-07-02 23:30:17] ✗ 未找到 game-character-gen
[2026-07-02 23:30:17] 报告已生成: /root/clawd/scripts/../memory/clawdhub-tracking/daily-report-20260702.txt
[2026-07-02 23:30:17] 发送报告到 Slack...
[2026-07-02 23:30:17] 报告内容已准备好，等待发送...
[2026-07-02 23:30:17] === 追踪脚本完成 ===
