=== ClawdHub 技能统计跟踪 ===
时间: Sun Feb  1 09:00:01 UTC 2026

正在获取 ClawdHub 技能数据...
✓ 成功获取技能数据

找到 61 个本地技能

{
  "timestamp": "2026-02-01T09:00:01.998202",
  "date": "2026-02-01",
  "localSkills": [
    {
      "slug": "prompts-workflow",
      "displayName": "Prompts Workflow",
      "summary": "Automated workflow for collecting, converting, and publishing AI prompts to ClawdHub. Collects from multiple sources (Reddit, GitHub, Hacker News, SearXNG), converts prompts into Clawdbot Skills, and publishes them automatically.",
      "downloads": 4,
      "stars": 0,
      "comments": 0,
      "versions": 1,
      "updatedAt": 1769935535983
    }
  ],
  "topByDownloads": [
    {
      "slug": "prompts-workflow",
      "displayName": "Prompts Workflow",
      "summary": "Automated workflow for collecting, converting, and publishing AI prompts to ClawdHub. Collects from multiple sources (Reddit, GitHub, Hacker News, SearXNG), converts prompts into Clawdbot Skills, and publishes them automatically.",
      "downloads": 4,
      "stars": 0,
      "comments": 0,
      "versions": 1,
      "updatedAt": 1769935535983
    }
  ],
  "topByStars": [
    {
      "slug": "prompts-workflow",
      "displayName": "Prompts Workflow",
      "summary": "Automated workflow for collecting, converting, and publishing AI prompts to ClawdHub. Collects from multiple sources (Reddit, GitHub, Hacker News, SearXNG), converts prompts into Clawdbot Skills, and publishes them automatically.",
      "downloads": 4,
      "stars": 0,
      "comments": 0,
      "versions": 1,
      "updatedAt": 1769935535983
    }
  ]
}

✓ 统计信息已保存到: /root/clawd/memory/clawdhub-stats/stats-2026-02-01.json

============================================================
本地技能统计报告
============================================================
时间: 2026-02-01T09:00:01.998202
总技能数: 1

📥 下载量 Top 5:
------------------------------------------------------------
1. Prompts Workflow (prompts-workflow)
   下载量: 4 | 星数: 0
   Automated workflow for collecting, converting, and publishing AI prompts to Claw...

⭐ 星数 Top 5:
------------------------------------------------------------
1. Prompts Workflow (prompts-workflow)
   星数: 0 | 下载量: 4
   Automated workflow for collecting, converting, and publishing AI prompts to Claw...

📊 所有本地技能:
------------------------------------------------------------
• Prompts Workflow: 4 下载, 0 星
============================================================
=== ClawdHub 技能统计跟踪 ===
时间: Mon Feb  2 09:00:01 UTC 2026

正在获取 ClawdHub 技能数据...
✓ 成功获取技能数据

找到 63 个本地技能

{
  "timestamp": "2026-02-02T09:00:03.051462",
  "date": "2026-02-02",
  "localSkills": [],
  "topByDownloads": [],
  "topByStars": []
}

✓ 统计信息已保存到: /root/clawd/memory/clawdhub-stats/stats-2026-02-02.json

============================================================
本地技能统计报告
============================================================
时间: 2026-02-02T09:00:03.051462
总技能数: 0

📥 下载量 Top 5:
------------------------------------------------------------
⭐ 星数 Top 5:
------------------------------------------------------------
📊 所有本地技能:
------------------------------------------------------------
============================================================
=== ClawdHub 技能统计跟踪 ===
时间: Tue Feb  3 09:00:01 UTC 2026

正在获取 ClawdHub 技能数据...
✓ 成功获取技能数据

找到 67 个本地技能

{
  "timestamp": "2026-02-03T09:00:02.717630",
  "date": "2026-02-03",
  "localSkills": [],
  "topByDownloads": [],
  "topByStars": []
}

✓ 统计信息已保存到: /root/clawd/memory/clawdhub-stats/stats-2026-02-03.json

============================================================
本地技能统计报告
============================================================
时间: 2026-02-03T09:00:02.717630
总技能数: 0

📥 下载量 Top 5:
------------------------------------------------------------
⭐ 星数 Top 5:
------------------------------------------------------------
📊 所有本地技能:
------------------------------------------------------------
============================================================
=== ClawdHub 技能统计跟踪 ===
时间: Wed Feb  4 09:00:01 UTC 2026

正在获取 ClawdHub 技能数据...
✓ 成功获取技能数据

找到 70 个本地技能

{
  "timestamp": "2026-02-04T09:00:02.858872",
  "date": "2026-02-04",
  "localSkills": [],
  "topByDownloads": [],
  "topByStars": []
}

✓ 统计信息已保存到: /root/clawd/memory/clawdhub-stats/stats-2026-02-04.json

============================================================
本地技能统计报告
============================================================
时间: 2026-02-04T09:00:02.858872
总技能数: 0

📥 下载量 Top 5:
------------------------------------------------------------
⭐ 星数 Top 5:
------------------------------------------------------------
📊 所有本地技能:
------------------------------------------------------------
============================================================
=== ClawdHub 技能统计跟踪 ===
时间: Thu Feb  5 09:00:01 UTC 2026

正在获取 ClawdHub 技能数据...
✓ 成功获取技能数据

找到 73 个本地技能

{
  "timestamp": "2026-02-05T09:00:01.985031",
  "date": "2026-02-05",
  "localSkills": [],
  "topByDownloads": [],
  "topByStars": []
}

✓ 统计信息已保存到: /root/clawd/memory/clawdhub-stats/stats-2026-02-05.json

============================================================
本地技能统计报告
============================================================
时间: 2026-02-05T09:00:01.985031
总技能数: 0

📥 下载量 Top 5:
------------------------------------------------------------
⭐ 星数 Top 5:
------------------------------------------------------------
📊 所有本地技能:
------------------------------------------------------------
============================================================
=== ClawdHub 技能统计跟踪 ===
时间: Fri Feb  6 09:00:01 UTC 2026

正在获取 ClawdHub 技能数据...
✓ 成功获取技能数据

找到 73 个本地技能

{
  "timestamp": "2026-02-06T09:00:01.909547",
  "date": "2026-02-06",
  "localSkills": [],
  "topByDownloads": [],
  "topByStars": []
}

✓ 统计信息已保存到: /root/clawd/memory/clawdhub-stats/stats-2026-02-06.json

============================================================
本地技能统计报告
============================================================
时间: 2026-02-06T09:00:01.909547
总技能数: 0

📥 下载量 Top 5:
------------------------------------------------------------
⭐ 星数 Top 5:
------------------------------------------------------------
📊 所有本地技能:
------------------------------------------------------------
============================================================
=== ClawdHub 技能统计跟踪 ===
时间: Sat Feb  7 09:00:01 UTC 2026

正在获取 ClawdHub 技能数据...
✓ 成功获取技能数据

找到 82 个本地技能

{
  "timestamp": "2026-02-07T09:00:01.948097",
  "date": "2026-02-07",
  "localSkills": [],
  "topByDownloads": [],
  "topByStars": []
}

✓ 统计信息已保存到: /root/clawd/memory/clawdhub-stats/stats-2026-02-07.json

============================================================
本地技能统计报告
============================================================
时间: 2026-02-07T09:00:01.948097
总技能数: 0

📥 下载量 Top 5:
------------------------------------------------------------
⭐ 星数 Top 5:
------------------------------------------------------------
📊 所有本地技能:
------------------------------------------------------------
============================================================
=== ClawdHub 技能统计跟踪 ===
时间: Sun Feb  8 09:00:01 UTC 2026

正在获取 ClawdHub 技能数据...
✓ 成功获取技能数据

找到 82 个本地技能

{
  "timestamp": "2026-02-08T09:00:02.078395",
  "date": "2026-02-08",
  "localSkills": [],
  "topByDownloads": [],
  "topByStars": []
}

✓ 统计信息已保存到: /root/clawd/memory/clawdhub-stats/stats-2026-02-08.json

============================================================
本地技能统计报告
============================================================
时间: 2026-02-08T09:00:02.078395
总技能数: 0

📥 下载量 Top 5:
------------------------------------------------------------
⭐ 星数 Top 5:
------------------------------------------------------------
📊 所有本地技能:
------------------------------------------------------------
============================================================
=== ClawdHub 技能统计跟踪 ===
时间: Mon Feb  9 09:00:01 UTC 2026

正在获取 ClawdHub 技能数据...
✓ 成功获取技能数据

找到 85 个本地技能

{
  "timestamp": "2026-02-09T09:00:02.098934",
  "date": "2026-02-09",
  "localSkills": [],
  "topByDownloads": [],
  "topByStars": []
}

✓ 统计信息已保存到: /root/clawd/memory/clawdhub-stats/stats-2026-02-09.json

============================================================
本地技能统计报告
============================================================
时间: 2026-02-09T09:00:02.098934
总技能数: 0

📥 下载量 Top 5:
------------------------------------------------------------
⭐ 星数 Top 5:
------------------------------------------------------------
📊 所有本地技能:
------------------------------------------------------------
============================================================
=== ClawdHub 技能统计跟踪 ===
时间: Tue Feb 10 09:00:01 UTC 2026

正在获取 ClawdHub 技能数据...
✓ 成功获取技能数据

找到 91 个本地技能

{
  "timestamp": "2026-02-10T09:00:02.818331",
  "date": "2026-02-10",
  "localSkills": [],
  "topByDownloads": [],
  "topByStars": []
}

✓ 统计信息已保存到: /root/clawd/memory/clawdhub-stats/stats-2026-02-10.json

============================================================
本地技能统计报告
============================================================
时间: 2026-02-10T09:00:02.818331
总技能数: 0

📥 下载量 Top 5:
------------------------------------------------------------
⭐ 星数 Top 5:
------------------------------------------------------------
📊 所有本地技能:
------------------------------------------------------------
============================================================
=== ClawdHub 技能统计跟踪 ===
时间: Wed Feb 11 09:00:01 UTC 2026

正在获取 ClawdHub 技能数据...
✓ 成功获取技能数据

找到 92 个本地技能

{
  "timestamp": "2026-02-11T09:00:02.855123",
  "date": "2026-02-11",
  "localSkills": [],
  "topByDownloads": [],
  "topByStars": []
}

✓ 统计信息已保存到: /root/clawd/memory/clawdhub-stats/stats-2026-02-11.json

============================================================
本地技能统计报告
============================================================
时间: 2026-02-11T09:00:02.855123
总技能数: 0

📥 下载量 Top 5:
------------------------------------------------------------
⭐ 星数 Top 5:
------------------------------------------------------------
📊 所有本地技能:
------------------------------------------------------------
============================================================
=== ClawdHub 技能统计跟踪 ===
时间: Thu Feb 12 09:00:01 UTC 2026

正在获取 ClawdHub 技能数据...
✓ 成功获取技能数据

找到 92 个本地技能

{
  "timestamp": "2026-02-12T09:00:02.361114",
  "date": "2026-02-12",
  "localSkills": [],
  "topByDownloads": [],
  "topByStars": []
}

✓ 统计信息已保存到: /root/clawd/memory/clawdhub-stats/stats-2026-02-12.json

============================================================
本地技能统计报告
============================================================
时间: 2026-02-12T09:00:02.361114
总技能数: 0

📥 下载量 Top 5:
------------------------------------------------------------
⭐ 星数 Top 5:
------------------------------------------------------------
📊 所有本地技能:
------------------------------------------------------------
============================================================
