=== GLM-5 接入状态检查 ===
检查时间: 2026-02-13 09:00:01

检查 GLM-5 模型接入状态...
尝试: openclaw session-status model=zai/glm-5
---

检查完成。日志已保存到: /root/clawd/memory/glm5-monitor/check-log.txt

=== GLM-5 接入状态检查 ===
检查时间: 2026-02-14 09:00:01

检查 GLM-5 模型接入状态...
尝试: openclaw session-status model=zai/glm-5
---

检查完成。日志已保存到: /root/clawd/memory/glm5-monitor/check-log.txt

=== GLM-5 接入状态检查 ===
检查时间: 2026-02-15 09:00:01

检查 GLM-5 模型接入状态...
尝试: openclaw session-status model=zai/glm-5
---

检查完成。日志已保存到: /root/clawd/memory/glm5-monitor/check-log.txt

=== GLM-5 接入状态检查 ===
检查时间: 2026-02-16 09:00:01

检查 GLM-5 模型接入状态...
尝试: openclaw session-status model=zai/glm-5
---

检查完成。日志已保存到: /root/clawd/memory/glm5-monitor/check-log.txt

=== GLM-5 接入状态检查 ===
检查时间: 2026-02-17 09:00:01

检查 GLM-5 模型接入状态...
尝试: openclaw session-status model=zai/glm-5
---

检查完成。日志已保存到: /root/clawd/memory/glm5-monitor/check-log.txt

=== GLM-5 接入状态检查 ===
检查时间: 2026-02-18 09:00:01

检查 GLM-5 模型接入状态...
尝试: openclaw session-status model=zai/glm-5
---

检查完成。日志已保存到: /root/clawd/memory/glm5-monitor/check-log.txt

=== GLM-5 接入状态检查 ===
检查时间: 2026-02-19 09:00:01

检查 GLM-5 模型接入状态...
尝试: openclaw session-status model=zai/glm-5
---

检查完成。日志已保存到: /root/clawd/memory/glm5-monitor/check-log.txt

=== GLM-5 接入状态检查 ===
检查时间: 2026-02-20 09:00:01

检查 GLM-5 模型接入状态...
尝试: openclaw session-status model=zai/glm-5
---

检查完成。日志已保存到: /root/clawd/memory/glm5-monitor/check-log.txt

=== GLM-5 接入状态检查 ===
检查时间: 2026-02-21 09:00:01

检查 GLM-5 模型接入状态...
尝试: openclaw session-status model=zai/glm-5
---

检查完成。日志已保存到: /root/clawd/memory/glm5-monitor/check-log.txt

=== GLM-5 接入状态检查 ===
检查时间: 2026-02-22 09:00:01

检查 GLM-5 模型接入状态...
尝试: openclaw session-status model=zai/glm-5
---

检查完成。日志已保存到: /root/clawd/memory/glm5-monitor/check-log.txt

=== GLM-5 接入状态检查 ===
检查时间: 2026-02-23 09:00:01

检查 GLM-5 模型接入状态...
尝试: openclaw session-status model=zai/glm-5
---

检查完成。日志已保存到: /root/clawd/memory/glm5-monitor/check-log.txt

=== GLM-5 接入状态检查 ===
检查时间: 2026-02-24 09:00:01

检查 GLM-5 模型接入状态...
尝试: openclaw session-status model=zai/glm-5
---

检查完成。日志已保存到: /root/clawd/memory/glm5-monitor/check-log.txt

=== GLM-5 接入状态检查 ===
检查时间: 2026-02-25 09:00:01

检查 GLM-5 模型接入状态...
尝试: openclaw session-status model=zai/glm-5
---

检查完成。日志已保存到: /root/clawd/memory/glm5-monitor/check-log.txt

=== GLM-5 接入状态检查 ===
检查时间: 2026-02-26 09:00:01

检查 GLM-5 模型接入状态...
尝试: openclaw session-status model=zai/glm-5
---

检查完成。日志已保存到: /root/clawd/memory/glm5-monitor/check-log.txt

=== GLM-5 接入状态检查 ===
检查时间: 2026-02-27 09:00:02

检查 GLM-5 模型接入状态...
尝试: openclaw session-status model=zai/glm-5
---

检查完成。日志已保存到: /root/clawd/memory/glm5-monitor/check-log.txt

=== GLM-5 接入状态检查 ===
检查时间: 2026-02-28 09:00:01

检查 GLM-5 模型接入状态...
尝试: openclaw session-status model=zai/glm-5
---

检查完成。日志已保存到: /root/clawd/memory/glm5-monitor/check-log.txt

=== GLM-5 接入状态检查 ===
检查时间: 2026-03-01 09:00:01

检查 GLM-5 模型接入状态...
尝试: openclaw session-status model=zai/glm-5
---

检查完成。日志已保存到: /root/clawd/memory/glm5-monitor/check-log.txt

=== GLM-5 接入状态检查 ===
检查时间: 2026-03-02 09:00:01

检查 GLM-5 模型接入状态...
尝试: openclaw session-status model=zai/glm-5
---

检查完成。日志已保存到: /root/clawd/memory/glm5-monitor/check-log.txt

=== GLM-5 接入状态检查 ===
检查时间: 2026-03-03 09:00:01

检查 GLM-5 模型接入状态...
尝试: openclaw session-status model=zai/glm-5
---

检查完成。日志已保存到: /root/clawd/memory/glm5-monitor/check-log.txt

