[2026-02-10 13:55:34] ==========================================
[2026-02-10 13:55:34] 自动清理旧文件
[2026-02-10 13:55:34] ==========================================
[2026-02-10 13:55:34] 开始时间: Tue Feb 10 13:55:34 CST 2026
[2026-02-10 13:55:34] 保留天数: 7 天
[2026-02-10 13:55:34] 
[2026-02-10 13:55:34] 清理目录: /root/clawd/downloads
[2026-02-10 13:55:34]   ✅ 没有需要清理的文件
[2026-02-10 13:55:34] 清理目录: /root/clawd/memory/ai-content-creator
[2026-02-10 13:55:34]   ✅ 没有需要清理的文件
[2026-02-10 13:55:34] 清理目录: /root/clawd/ai-prompt-marketplace/reports
[2026-02-10 13:55:34]   找到 24 个旧文件
[2026-02-10 13:55:34]   总大小: 0MB
[2026-02-10 13:55:34]   ✅ 已删除 24 个文件
[2026-02-10 13:55:34] 
[2026-02-10 13:55:34] ==========================================
[2026-02-10 13:55:34] 清理完成
[2026-02-10 13:55:34] ==========================================
[2026-02-10 13:55:34] 总删除文件数: 24
[2026-02-10 13:55:34] 释放空间: 0MB (0GB)
[2026-02-10 13:55:34] 
[2026-02-10 13:55:34] 日志文件: /root/clawd/logs/cleanup/cleanup-2026-02-10-1355.log
[2026-02-10 13:55:34] 
[2026-02-10 13:55:34] 旧日志已清理（保留最近 30 天）
[2026-02-10 13:55:34] ==========================================
