- Fetching latest skills
memory  v1.0.2  just now  Infinite organized memory that complements your a…
zvukogram  v1.1.1  just now  Text-to-Speech via Zvukogram API with SSML suppor…
moltguard  v6.5.14  just now  Install this plugin when you need runtime securit…
allstock-data  v1.0.0  just now  Query A-share and US stock data via Tencent Finan…
budapest  v1.0.0  just now  Navigate Budapest as visitor, expat, digital noma…
simmer  v1.17.0  1m ago  The best prediction market interface for AI agent…
daily-news-digest  v1.0.0  1m ago  Personalized news briefings from your chosen sour…
sovereign-git-commit-analyzer  v1.0.0  1m ago  Analyzes git commit history to report commit freq…
property-valuation  v1.0.0  2m ago  Estimate property values using comps, income appr…
shopify-admin  v1.1.2  2m ago  Shopify Admin API CLI for orders, products, custo…
pixel-lobster  v1.0.0  2m ago  Desktop pixel art lobster avatar that lip-syncs t…
skill-security  v1.0.1  2m ago  Security audit tool for OpenClaw skills. Scans fo…
self-monitor  v1.0.1  2m ago  Proactive self-monitoring of infrastructure, serv…
apipick-china-phone-checker  v1.0.1  2m ago  Validate Chinese mobile phone numbers using the a…
ngrok-preview  v1.0.2  2m ago  Generate short-lived, mobile-friendly ngrok previ…
long-task-monitor  v1.0.3  2m ago  长任务监控方案 V2。实现 Worker-Monitor 架构，Monitor 通过 hook-l…
hybrid-deep-search  v1.0.1  2m ago  Hybrid Deep Search - Intelligent routing between …
signal-pipeline  v1.1.0  2m ago  Marketing intelligence pipeline - gather signals …
sql-query-optimizer  v1.0.0  2m ago  Analyze and optimize SQL queries by providing per…
research-report  v1.0.0  2m ago  Research technical projects/papers and generate c…
whalecli  v0.1.0  2m ago  Agent-native whale wallet tracker for ETH and BTC…
judge-human  v1.0.3  2m ago  Vote and submit AI verdicts on ethical, cultural,…
api-doc-generator  v1.0.0  2m ago  Automatically generate OpenAPI/Swagger API docume…
code-flow-visualizer  v1.0.0  2m ago  Convert Python, JavaScript, or TypeScript functio…
