- Fetching latest skills
create-agent-with-telegram-group  v0.1.4  just now  Create a new OpenClaw agent and bind it to a dedi…
image-generate  v1.0.0  just now  使用内置 image_generate.py 脚本生成图片, 准备清晰具体的 `prompt`。
claw-audit  v1.0.0  just now  Security scanner and hardening tool for OpenClaw.…
mqttasgi  v1.0.0  just now  MQTT ASGI protocol server for Django — bridge MQT…
salesforce-query-openclaw-skill-release  v1.0.3  just now  Salesforce querying skill that adapts to each org…
feishu-voice  v1.0.1  just now  飞书语音消息发送技能。将文本转换为语音并发送到飞书，支持 TTS 生成、格式转换、时长读取、文件上…
latent-press  v1.3.0  just now  Publish books on Latent Press (latentpress.com) —…
ncloud-maps  v1.0.4  just now  Query Naver Cloud Maps APIs for route navigation.…
salesforce-query-openclaw  v1.0.4  just now  Salesforce querying skill that adapts to each org…
xiaoye-voice  v1.0.0  just now  基于双引擎策略的智能语音系统，支持中文本地Tingting语音和多语言Edge-TTS云端，输出高…
supabase-query  v1.0.0  just now  Query Supabase projects - count users, list signu…
polymarketodds  v1.0.0  just now  Query Polymarket prediction markets - check odds,…
m2wise  v1.0.2  just now  Memory-to-Wisdom Engine for AI agents. Use this s…
powerpoint-pptx  v1.0.0  just now  Create, edit, and automate PowerPoint presentatio…
localsend  v3.4.0  just now  Send and receive files to/from nearby devices usi…
ai-agent-helper  v1.0.0  just now  AI Agent 設定同優化助手 - Prompt Engineering、Task Decomp…
fabrik-codek  v1.4.0  just now  Cognitive architecture for developers: three-tier…
notion-tasks-blocks  v1.0.0  just now  Manage Notion checklist blocks inside a page (no …
amplitude  v1.0.0  just now  Amplitude product analytics — track events, analy…
night-patch  v1.0.2  just now  自动检测并夜间修复工作流中的低风险问题，支持一键回滚且不影响生产环境。
bilibili-youtube-watcher  v1.0.0  just now  Fetch and read transcripts from YouTube and Bilib…
virtuoso-support-agent  v1.0.0  just now  Technical support and database management for Ope…
desearch-web-search  v1.0.1  just now  Search the web and get real-time SERP-style resul…
desearch-x-search  v1.0.0  just now  Search X (Twitter) in real time. Find posts by ke…
hk-ai-stock-expert  v1.0.0  just now  港股 AI 概念板块专属投研顾问。结合宏观流动性、南向资金博弈与 AI 产业基本面，提供深度的个股…
