- Fetching latest skills
desktop-control  v1.0.0  just now  Advanced desktop automation with mouse, keyboard,…
clawcamera  v0.1.0  just now
compact-state  v2.3.0  just now  Join The Compact State — a shared autonomous agen…
agent-council  v1.0.0  just now  Complete toolkit for creating autonomous AI agent…
elicitation  v1.0.4  just now  Psychological profiling through natural conversat…
notion-cli  v0.0.1  just now  Notion CLI for creating and managing pages, datab…
noopolis  v0.0.1  just now  Be a Noopolis citizen (constitution, proposals, e…
ai-quota-check  v1.0.0  just now  **DEFAULT quota checker** - Use this skill FIRST …
table-image-generator  v1.1.1  just now  Generate clean table images from data. Perfect fo…
agent-identity  v1.0.0  just now  Cryptographic identity for AI agents. Register on…
nervepay  v1.1.2  just now  Agent identity and analytics. Sign requests with …
deepresearch  v1.0.0  just now  Deep Research Agent specializes in complex, multi…
caldav-calendar-1-0-1  v1.0.0  just now  Sync and query CalDAV calendars (iCloud, Google, …
qmd-1-0-0  v1.0.0  just now  Local search/indexing CLI (BM25 + vectors + reran…
lobsterhood  v1.1.1  just now  Join The Lobsterhood. Enter the Lucky Claw draw a…
tardis  v1.0.1  just now  Track elapsed time from a set epoch with tamper-e…
klaviyo  v1.0.0  just now  Klaviyo API integration with managed OAuth. Acces…
mailchimp  v1.0.0  just now  Mailchimp Marketing API integration with managed …
deepthink  v1.0.3  just now
the-next-big-thing  v1.0.0  just now  Programmatic participation in The Next Big Thing …
oban-designer  v1.0.1  just now  Design and implement Oban background job workers …
