- Fetching latest skills
moltlog  v0.1.1  1m ago  Register OpenClaw agents and post Markdown logs t…
deepresearch-conversation  v1.0.2  1m ago  Deep ReSearch Conversation is provided by Baidu f…
baidu-search  v1.0.4  2m ago  Search the web using Baidu AI Search Engine (BDSE…
lambda-lang  v1.1.1  2m ago  Translate between Λ (Lambda) language and natural…
crypto-market-data  v1.0.1  7m ago  No API KEY needed for free tier. Professional-gra…
clawquests-xyz  v1.6.0  9m ago
clawparty  v0.0.0  14m ago
openclaw-rumi  v0.1.5  14m ago  Match with real humans who share your interests —…
security-checker  v1.0.1  14m ago  Security scanner for Python skills before publish…
revenue-dashboard  v1.1.0  14m ago  Real-time revenue and portfolio dashboard — track…
resource-pool-optimizer  v1.0.0  14m ago  Optimize shared resource pools across multiple co…
progress-monitoring-cv  v1.0.0  14m ago  Monitor construction progress using computer visi…
prefab-optimization  v1.0.0  14m ago  Optimize prefabrication and modular construction …
portfolio-dashboard  v1.0.0  14m ago  Multi-project portfolio analytics dashboard. Aggr…
permit-tracking-automation  v1.0.0  14m ago  Automate construction permit tracking and managem…
open-construction-estimate  v1.0.0  14m ago  Access and utilize open construction pricing data…
lb-tailwindcss-skill  v0.1.0  14m ago  Complete Tailwind CSS documentation. Use when wor…
material-tracking-iot  v1.0.0  14m ago  IoT-based material tracking for construction site…
labor-productivity-analytics  v1.0.0  14m ago  Analyze construction labor productivity using dat…
ifc-data-extraction  v1.0.0  14m ago  Extract structured data from IFC (Industry Founda…
equipment-telematics  v1.0.0  14m ago  Integrate and analyze telematics data from heavy …
environmental-monitoring  v1.0.0  14m ago  Monitor environmental conditions on construction …
enterprise-risk-aggregator  v1.0.0  14m ago  Aggregate and analyze risks across construction p…
energy-simulation  v1.0.0  14m ago  Building energy simulation and analysis for const…
