- Fetching latest skills
film-scoring  v1.0.0  just now  Expert guidance for film-scoring.
film-editing  v1.0.0  just now  Expert guidance for film-editing.
screenwriting  v1.0.0  just now  Expert guidance for screenwriting.
movie-making  v1.0.0  just now  Expert guidance for movie-making.
cgi-skills  v1.0.0  just now  Expert guidance for cgi-skills.
visual-effects  v1.0.0  just now  Expert guidance for visual-effects.
animation-3d  v1.0.0  just now  Expert guidance for animation-3d.
motion-graphics  v1.0.0  just now  Expert guidance for motion-graphics.
animation-2d  v1.0.0  just now  Expert guidance for animation-2d.
documentary  v1.0.0  just now  Expert guidance for documentary.
short-filmmaking  v1.0.0  just now  Expert guidance for short-filmmaking.
video-production  v1.0.0  just now  Expert guidance for video-production.
music-therapy  v1.0.0  1m ago  Expert guidance for music-therapy.
sound-therapy  v1.0.0  1m ago  Expert guidance for sound-therapy.
solfeggio  v1.0.0  1m ago  Expert guidance for solfeggio.
binaural-beats  v1.0.0  1m ago  Expert guidance for binaural-beats.
nature-sounds  v1.0.0  1m ago  Expert guidance for nature-sounds.
yoga-music  v1.0.0  1m ago  Expert guidance for yoga-music.
healing-sounds  v1.0.0  1m ago  Expert guidance for healing-sounds.
relaxation-music  v1.0.0  1m ago  Expert guidance for relaxation-music.
cwicr-cost-calculator  v2.0.0  2m ago  Calculate construction costs using DDC CWICR reso…
study-music  v1.0.0  2m ago  Expert guidance for study-music.
focus-music  v1.0.0  2m ago  Expert guidance for focus-music.
sleep-music  v1.0.0  2m ago  Expert guidance for sleep-music.
meditation-music  v1.0.0  2m ago  Expert guidance for meditation-music.
