[2026-02-10 08:00:01] 检查备份状态...
[2026-02-10 08:00:01] ✅ 备份状态报告已生成: /root/clawd/logs/backup/backup-status-2026-02-10-0800.md
[2026-02-10 08:00:01] ✅ 旧报告已清理（保留最近 7 天）
[2026-02-10 08:00:01] 
[2026-02-10 08:00:01] ==========================================
[2026-02-10 08:00:01] 备份状态报告
[2026-02-10 08:00:01] ==========================================
# 备份状态报告

**生成时间**: 2026-02-10 08:00:01

---

## 📦 每日备份状态

### 最近的备份

| 日期 | 文件 | 大小 |
|------|------|------|
 | Feb | /root/clawd/backups/daily/daily-backup-2026-02-10-1506.tar.gz | 5.4M |

### 统计

- 备份文件数: 1
- 备份总大小: 5.4M

---

## 🔧 Git 同步状态

### 仓库信息

- 最新提交: 5fb2227 - 整合工作流完成 - 2026-02-10 0901 (2026-02-10)
- 当前分支: master
- 远程仓库: https://github.com/hhhh124hhhh/jack-portfolio.git
- 未提交更改: 699

---

## 📊 记忆文件状态

### 关键文件

- MEMORY.md: 6.6K (2026-02-10 07:09:09)
- 2026-02-10.md: 56K (2026-02-10 07:32:01)
- IDENTITY.md: 435 (2026-01-31 14:22:50)
- USER.md: 716 (2026-01-31 14:22:50)
- SOUL.md: 16K (2026-02-05 00:06:27)

---

## ✅ 建议操作

- ✅ 最近 24 小时有备份
- ✅ Git 远程仓库已配置

---

**报告文件**: /root/clawd/logs/backup/backup-status-2026-02-10-0800.md
[2026-02-10 09:00:01] 检查备份状态...
[2026-02-10 09:00:02] ✅ 备份状态报告已生成: /root/clawd/logs/backup/backup-status-2026-02-10-0900.md
[2026-02-10 09:00:02] ✅ 旧报告已清理（保留最近 7 天）
[2026-02-10 09:00:02] 
[2026-02-10 09:00:02] ==========================================
[2026-02-10 09:00:02] 备份状态报告
[2026-02-10 09:00:02] ==========================================
# 备份状态报告

**生成时间**: 2026-02-10 09:00:01

---

## 📦 每日备份状态

### 最近的备份

| 日期 | 文件 | 大小 |
|------|------|------|
 | Feb | /root/clawd/backups/daily/daily-backup-2026-02-10-1506.tar.gz | 5.4M |

### 统计

- 备份文件数: 1
- 备份总大小: 5.4M

---

## 🔧 Git 同步状态

### 仓库信息

- 最新提交: 5fb2227 - 整合工作流完成 - 2026-02-10 0901 (2026-02-10)
- 当前分支: master
- 远程仓库: https://github.com/hhhh124hhhh/jack-portfolio.git
- 未提交更改: 699

---

## 📊 记忆文件状态

### 关键文件

- MEMORY.md: 6.6K (2026-02-10 07:09:09)
- 2026-02-10.md: 59K (2026-02-10 08:30:28)
- IDENTITY.md: 435 (2026-01-31 14:22:50)
- USER.md: 716 (2026-01-31 14:22:50)
- SOUL.md: 16K (2026-02-05 00:06:27)

---

## ✅ 建议操作

- ✅ 最近 24 小时有备份
- ✅ Git 远程仓库已配置

---

**报告文件**: /root/clawd/logs/backup/backup-status-2026-02-10-0900.md
[2026-02-10 10:00:01] 检查备份状态...
[2026-02-10 10:00:01] ✅ 备份状态报告已生成: /root/clawd/logs/backup/backup-status-2026-02-10-1000.md
[2026-02-10 10:00:01] ✅ 旧报告已清理（保留最近 7 天）
[2026-02-10 10:00:01] 
[2026-02-10 10:00:01] ==========================================
[2026-02-10 10:00:01] 备份状态报告
[2026-02-10 10:00:01] ==========================================
# 备份状态报告

**生成时间**: 2026-02-10 10:00:01

---

## 📦 每日备份状态

### 最近的备份

| 日期 | 文件 | 大小 |
|------|------|------|
 | Feb | /root/clawd/backups/daily/daily-backup-2026-02-10-1506.tar.gz | 5.4M |

### 统计

- 备份文件数: 1
- 备份总大小: 5.4M

---

## 🔧 Git 同步状态

### 仓库信息

- 最新提交: 5fb2227 - 整合工作流完成 - 2026-02-10 0901 (2026-02-10)
- 当前分支: master
- 远程仓库: https://github.com/hhhh124hhhh/jack-portfolio.git
- 未提交更改: 700

---

## 📊 记忆文件状态

### 关键文件

- MEMORY.md: 6.6K (2026-02-10 07:09:09)
- 2026-02-10.md: 61K (2026-02-10 09:51:07)
- IDENTITY.md: 435 (2026-01-31 14:22:50)
- USER.md: 716 (2026-01-31 14:22:50)
- SOUL.md: 16K (2026-02-05 00:06:27)

---

## ✅ 建议操作

- ✅ 最近 24 小时有备份
- ✅ Git 远程仓库已配置

---

**报告文件**: /root/clawd/logs/backup/backup-status-2026-02-10-1000.md
[2026-02-10 11:00:01] 检查备份状态...
[2026-02-10 11:00:01] ✅ 备份状态报告已生成: /root/clawd/logs/backup/backup-status-2026-02-10-1100.md
[2026-02-10 11:00:01] ✅ 旧报告已清理（保留最近 7 天）
[2026-02-10 11:00:01] 
[2026-02-10 11:00:01] ==========================================
[2026-02-10 11:00:01] 备份状态报告
[2026-02-10 11:00:01] ==========================================
# 备份状态报告

**生成时间**: 2026-02-10 11:00:01

---

## 📦 每日备份状态

### 最近的备份

| 日期 | 文件 | 大小 |
|------|------|------|
 | Feb | /root/clawd/backups/daily/daily-backup-2026-02-10-1506.tar.gz | 5.4M |

### 统计

- 备份文件数: 1
- 备份总大小: 5.4M

---

## 🔧 Git 同步状态

### 仓库信息

- 最新提交: 0b7706d - Add GitHub Pages deployment workflow (2026-02-10)
- 当前分支: master
- 远程仓库: https://github.com/hhhh124hhhh/jack-portfolio.git
- 未提交更改: 699

---

## 📊 记忆文件状态

### 关键文件

- MEMORY.md: 6.6K (2026-02-10 07:09:09)
- 2026-02-10.md: 71K (2026-02-10 10:50:36)
- IDENTITY.md: 435 (2026-01-31 14:22:50)
- USER.md: 716 (2026-01-31 14:22:50)
- SOUL.md: 16K (2026-02-05 00:06:27)

---

## ✅ 建议操作

- ✅ 最近 24 小时有备份
- ✅ Git 远程仓库已配置

---

**报告文件**: /root/clawd/logs/backup/backup-status-2026-02-10-1100.md
[2026-02-10 12:00:01] 检查备份状态...
[2026-02-10 12:00:01] ✅ 备份状态报告已生成: /root/clawd/logs/backup/backup-status-2026-02-10-1200.md
[2026-02-10 12:00:01] ✅ 旧报告已清理（保留最近 7 天）
[2026-02-10 12:00:01] 
[2026-02-10 12:00:01] ==========================================
[2026-02-10 12:00:01] 备份状态报告
[2026-02-10 12:00:01] ==========================================
# 备份状态报告

**生成时间**: 2026-02-10 12:00:01

---

## 📦 每日备份状态

### 最近的备份

| 日期 | 文件 | 大小 |
|------|------|------|
 | Feb | /root/clawd/backups/daily/daily-backup-2026-02-10-1506.tar.gz | 5.4M |

### 统计

- 备份文件数: 1
- 备份总大小: 5.4M

---

## 🔧 Git 同步状态

### 仓库信息

- 最新提交: 0b7706d - Add GitHub Pages deployment workflow (2026-02-10)
- 当前分支: master
- 远程仓库: https://github.com/hhhh124hhhh/jack-portfolio.git
- 未提交更改: 699

---

## 📊 记忆文件状态

### 关键文件

- MEMORY.md: 6.6K (2026-02-10 07:09:09)
- 2026-02-10.md: 75K (2026-02-10 11:50:58)
- IDENTITY.md: 435 (2026-01-31 14:22:50)
- USER.md: 716 (2026-01-31 14:22:50)
- SOUL.md: 16K (2026-02-05 00:06:27)

---

## ✅ 建议操作

- ✅ 最近 24 小时有备份
- ✅ Git 远程仓库已配置

---

**报告文件**: /root/clawd/logs/backup/backup-status-2026-02-10-1200.md
[2026-02-10 13:00:01] 检查备份状态...
[2026-02-10 13:00:01] ✅ 备份状态报告已生成: /root/clawd/logs/backup/backup-status-2026-02-10-1300.md
[2026-02-10 13:00:01] ✅ 旧报告已清理（保留最近 7 天）
[2026-02-10 13:00:01] 
[2026-02-10 13:00:01] ==========================================
[2026-02-10 13:00:01] 备份状态报告
[2026-02-10 13:00:01] ==========================================
# 备份状态报告

**生成时间**: 2026-02-10 13:00:01

---

## 📦 每日备份状态

### 最近的备份

| 日期 | 文件 | 大小 |
|------|------|------|
 | Feb | /root/clawd/backups/daily/daily-backup-2026-02-10-1506.tar.gz | 5.4M |

### 统计

- 备份文件数: 1
- 备份总大小: 5.4M

---

## 🔧 Git 同步状态

### 仓库信息

- 最新提交: 0b7706d - Add GitHub Pages deployment workflow (2026-02-10)
- 当前分支: master
- 远程仓库: https://github.com/hhhh124hhhh/jack-portfolio.git
- 未提交更改: 699

---

## 📊 记忆文件状态

### 关键文件

- MEMORY.md: 6.6K (2026-02-10 07:09:09)
- 2026-02-10.md: 75K (2026-02-10 12:50:36)
- IDENTITY.md: 435 (2026-01-31 14:22:50)
- USER.md: 716 (2026-01-31 14:22:50)
- SOUL.md: 16K (2026-02-05 00:06:27)

---

## ✅ 建议操作

- ✅ 最近 24 小时有备份
- ✅ Git 远程仓库已配置

---

**报告文件**: /root/clawd/logs/backup/backup-status-2026-02-10-1300.md
[2026-02-10 14:00:01] 检查备份状态...
[2026-02-10 14:00:02] ✅ 备份状态报告已生成: /root/clawd/logs/backup/backup-status-2026-02-10-1400.md
[2026-02-10 14:00:02] ✅ 旧报告已清理（保留最近 7 天）
[2026-02-10 14:00:02] 
[2026-02-10 14:00:02] ==========================================
[2026-02-10 14:00:02] 备份状态报告
[2026-02-10 14:00:02] ==========================================
# 备份状态报告

**生成时间**: 2026-02-10 14:00:01

---

## 📦 每日备份状态

### 最近的备份

| 日期 | 文件 | 大小 |
|------|------|------|
 | Feb | /root/clawd/backups/daily/daily-backup-2026-02-10-1506.tar.gz | 5.4M |

### 统计

- 备份文件数: 1
- 备份总大小: 5.4M

---

## 🔧 Git 同步状态

### 仓库信息

- 最新提交: 0b7706d - Add GitHub Pages deployment workflow (2026-02-10)
- 当前分支: master
- 远程仓库: https://github.com/hhhh124hhhh/jack-portfolio.git
- 未提交更改: 699

---

## 📊 记忆文件状态

### 关键文件

- MEMORY.md: 6.6K (2026-02-10 07:09:09)
- 2026-02-10.md: 83K (2026-02-10 14:00:01)
- IDENTITY.md: 435 (2026-01-31 14:22:50)
- USER.md: 716 (2026-01-31 14:22:50)
- SOUL.md: 16K (2026-02-05 00:06:27)

---

## ✅ 建议操作

- ✅ 最近 24 小时有备份
- ✅ Git 远程仓库已配置

---

**报告文件**: /root/clawd/logs/backup/backup-status-2026-02-10-1400.md
[2026-02-10 15:00:01] 检查备份状态...
[2026-02-10 15:00:02] ✅ 备份状态报告已生成: /root/clawd/logs/backup/backup-status-2026-02-10-1500.md
[2026-02-10 15:00:02] ✅ 旧报告已清理（保留最近 7 天）
[2026-02-10 15:00:02] 
[2026-02-10 15:00:02] ==========================================
[2026-02-10 15:00:02] 备份状态报告
[2026-02-10 15:00:02] ==========================================
# 备份状态报告

**生成时间**: 2026-02-10 15:00:01

---

## 📦 每日备份状态

### 最近的备份

| 日期 | 文件 | 大小 |
|------|------|------|
 | Feb | /root/clawd/backups/daily/daily-backup-2026-02-10-1506.tar.gz | 5.4M |

### 统计

- 备份文件数: 1
- 备份总大小: 5.4M

---

## 🔧 Git 同步状态

### 仓库信息

- 最新提交: 0b7706d - Add GitHub Pages deployment workflow (2026-02-10)
- 当前分支: master
- 远程仓库: https://github.com/hhhh124hhhh/jack-portfolio.git
- 未提交更改: 709

---

## 📊 记忆文件状态

### 关键文件

- MEMORY.md: 6.6K (2026-02-10 07:09:09)
- 2026-02-10.md: 107K (2026-02-10 14:57:43)
- IDENTITY.md: 4.2K (2026-02-10 14:38:47)
- USER.md: 716 (2026-01-31 14:22:50)
- SOUL.md: 16K (2026-02-05 00:06:27)

---

## ✅ 建议操作

- ✅ 最近 24 小时有备份
- ✅ Git 远程仓库已配置

---

**报告文件**: /root/clawd/logs/backup/backup-status-2026-02-10-1500.md
[2026-02-10 16:00:01] 检查备份状态...
[2026-02-10 16:00:01] ✅ 备份状态报告已生成: /root/clawd/logs/backup/backup-status-2026-02-10-1600.md
[2026-02-10 16:00:01] ✅ 旧报告已清理（保留最近 7 天）
[2026-02-10 16:00:01] 
[2026-02-10 16:00:01] ==========================================
[2026-02-10 16:00:01] 备份状态报告
[2026-02-10 16:00:01] ==========================================
# 备份状态报告

**生成时间**: 2026-02-10 16:00:01

---

## 📦 每日备份状态

### 最近的备份

| 日期 | 文件 | 大小 |
|------|------|------|
 | Feb | /root/clawd/backups/daily/daily-backup-2026-02-10-1506.tar.gz | 5.4M |

### 统计

- 备份文件数: 1
- 备份总大小: 5.4M

---

## 🔧 Git 同步状态

### 仓库信息

- 最新提交: 0b7706d - Add GitHub Pages deployment workflow (2026-02-10)
- 当前分支: master
- 远程仓库: https://github.com/hhhh124hhhh/jack-portfolio.git
- 未提交更改: 709

---

## 📊 记忆文件状态

### 关键文件

- MEMORY.md: 6.6K (2026-02-10 07:09:09)
- 2026-02-10.md: 128K (2026-02-10 15:31:52)
- IDENTITY.md: 4.2K (2026-02-10 14:38:47)
- USER.md: 716 (2026-01-31 14:22:50)
- SOUL.md: 16K (2026-02-05 00:06:27)

---

## ✅ 建议操作

- ✅ 最近 24 小时有备份
- ✅ Git 远程仓库已配置

---

**报告文件**: /root/clawd/logs/backup/backup-status-2026-02-10-1600.md
[2026-02-10 17:00:02] 检查备份状态...
[2026-02-10 17:00:02] ✅ 备份状态报告已生成: /root/clawd/logs/backup/backup-status-2026-02-10-1700.md
[2026-02-10 17:00:02] ✅ 旧报告已清理（保留最近 7 天）
[2026-02-10 17:00:02] 
[2026-02-10 17:00:02] ==========================================
[2026-02-10 17:00:02] 备份状态报告
[2026-02-10 17:00:02] ==========================================
# 备份状态报告

**生成时间**: 2026-02-10 17:00:02

---

## 📦 每日备份状态

### 最近的备份

| 日期 | 文件 | 大小 |
|------|------|------|
 | Feb | /root/clawd/backups/daily/daily-backup-2026-02-10-1506.tar.gz | 5.4M |

### 统计

- 备份文件数: 1
- 备份总大小: 5.4M

---

## 🔧 Git 同步状态

### 仓库信息

- 最新提交: 0b7706d - Add GitHub Pages deployment workflow (2026-02-10)
- 当前分支: master
- 远程仓库: https://github.com/hhhh124hhhh/jack-portfolio.git
- 未提交更改: 710

---

## 📊 记忆文件状态

### 关键文件

- MEMORY.md: 6.6K (2026-02-10 07:09:09)
- 2026-02-10.md: 128K (2026-02-10 15:31:52)
- IDENTITY.md: 4.2K (2026-02-10 14:38:47)
- USER.md: 716 (2026-01-31 14:22:50)
- SOUL.md: 16K (2026-02-05 00:06:27)

---

## ✅ 建议操作

- ✅ 最近 24 小时有备份
- ✅ Git 远程仓库已配置

---

**报告文件**: /root/clawd/logs/backup/backup-status-2026-02-10-1700.md
[2026-02-10 18:00:01] 检查备份状态...
[2026-02-10 18:00:01] ✅ 备份状态报告已生成: /root/clawd/logs/backup/backup-status-2026-02-10-1800.md
[2026-02-10 18:00:01] ✅ 旧报告已清理（保留最近 7 天）
[2026-02-10 18:00:01] 
[2026-02-10 18:00:01] ==========================================
[2026-02-10 18:00:01] 备份状态报告
[2026-02-10 18:00:01] ==========================================
# 备份状态报告

**生成时间**: 2026-02-10 18:00:01

---

## 📦 每日备份状态

### 最近的备份

| 日期 | 文件 | 大小 |
|------|------|------|
 | Feb | /root/clawd/backups/daily/daily-backup-2026-02-10-1506.tar.gz | 5.4M |

### 统计

- 备份文件数: 1
- 备份总大小: 5.4M

---

## 🔧 Git 同步状态

### 仓库信息

- 最新提交: 0b7706d - Add GitHub Pages deployment workflow (2026-02-10)
- 当前分支: master
- 远程仓库: https://github.com/hhhh124hhhh/jack-portfolio.git
- 未提交更改: 710

---

## 📊 记忆文件状态

### 关键文件

- MEMORY.md: 6.6K (2026-02-10 07:09:09)
- 2026-02-10.md: 128K (2026-02-10 15:31:52)
- IDENTITY.md: 4.2K (2026-02-10 14:38:47)
- USER.md: 716 (2026-01-31 14:22:50)
- SOUL.md: 16K (2026-02-05 00:06:27)

---

## ✅ 建议操作

- ✅ 最近 24 小时有备份
- ✅ Git 远程仓库已配置

---

**报告文件**: /root/clawd/logs/backup/backup-status-2026-02-10-1800.md
[2026-02-10 19:00:01] 检查备份状态...
[2026-02-10 19:00:01] ✅ 备份状态报告已生成: /root/clawd/logs/backup/backup-status-2026-02-10-1900.md
[2026-02-10 19:00:01] ✅ 旧报告已清理（保留最近 7 天）
[2026-02-10 19:00:01] 
[2026-02-10 19:00:01] ==========================================
[2026-02-10 19:00:01] 备份状态报告
[2026-02-10 19:00:01] ==========================================
# 备份状态报告

**生成时间**: 2026-02-10 19:00:01

---

## 📦 每日备份状态

### 最近的备份

| 日期 | 文件 | 大小 |
|------|------|------|
 | Feb | /root/clawd/backups/daily/daily-backup-2026-02-10-1506.tar.gz | 5.4M |

### 统计

- 备份文件数: 1
- 备份总大小: 5.4M

---

## 🔧 Git 同步状态

### 仓库信息

- 最新提交: 0b7706d - Add GitHub Pages deployment workflow (2026-02-10)
- 当前分支: master
- 远程仓库: https://github.com/hhhh124hhhh/jack-portfolio.git
- 未提交更改: 709

---

## 📊 记忆文件状态

### 关键文件

- MEMORY.md: 6.6K (2026-02-10 07:09:09)
- 2026-02-10.md: 128K (2026-02-10 15:31:52)
- IDENTITY.md: 4.2K (2026-02-10 14:38:47)
- USER.md: 716 (2026-01-31 14:22:50)
- SOUL.md: 16K (2026-02-05 00:06:27)

---

## ✅ 建议操作

- ✅ 最近 24 小时有备份
- ✅ Git 远程仓库已配置

---

**报告文件**: /root/clawd/logs/backup/backup-status-2026-02-10-1900.md
[2026-02-10 20:00:01] 检查备份状态...
[2026-02-10 20:00:01] ✅ 备份状态报告已生成: /root/clawd/logs/backup/backup-status-2026-02-10-2000.md
[2026-02-10 20:00:01] ✅ 旧报告已清理（保留最近 7 天）
[2026-02-10 20:00:01] 
[2026-02-10 20:00:01] ==========================================
[2026-02-10 20:00:01] 备份状态报告
[2026-02-10 20:00:01] ==========================================
# 备份状态报告

**生成时间**: 2026-02-10 20:00:01

---

## 📦 每日备份状态

### 最近的备份

| 日期 | 文件 | 大小 |
|------|------|------|
 | Feb | /root/clawd/backups/daily/daily-backup-2026-02-10-1506.tar.gz | 5.4M |

### 统计

- 备份文件数: 1
- 备份总大小: 5.4M

---

## 🔧 Git 同步状态

### 仓库信息

- 最新提交: 0b7706d - Add GitHub Pages deployment workflow (2026-02-10)
- 当前分支: master
- 远程仓库: https://github.com/hhhh124hhhh/jack-portfolio.git
- 未提交更改: 726

---

## 📊 记忆文件状态

### 关键文件

- MEMORY.md: 6.6K (2026-02-10 07:09:09)
- 2026-02-10.md: 128K (2026-02-10 15:31:52)
- IDENTITY.md: 4.2K (2026-02-10 14:38:47)
- USER.md: 716 (2026-01-31 14:22:50)
- SOUL.md: 16K (2026-02-05 00:06:27)

---

## ✅ 建议操作

- ✅ 最近 24 小时有备份
- ✅ Git 远程仓库已配置

---

**报告文件**: /root/clawd/logs/backup/backup-status-2026-02-10-2000.md
[2026-02-10 21:00:01] 检查备份状态...
[2026-02-10 21:00:01] ✅ 备份状态报告已生成: /root/clawd/logs/backup/backup-status-2026-02-10-2100.md
[2026-02-10 21:00:01] ✅ 旧报告已清理（保留最近 7 天）
[2026-02-10 21:00:01] 
[2026-02-10 21:00:01] ==========================================
[2026-02-10 21:00:01] 备份状态报告
[2026-02-10 21:00:01] ==========================================
# 备份状态报告

**生成时间**: 2026-02-10 21:00:01

---

## 📦 每日备份状态

### 最近的备份

| 日期 | 文件 | 大小 |
|------|------|------|
 | Feb | /root/clawd/backups/daily/daily-backup-2026-02-10-1506.tar.gz | 5.4M |

### 统计

- 备份文件数: 1
- 备份总大小: 5.4M

---

## 🔧 Git 同步状态

### 仓库信息

- 最新提交: 0b7706d - Add GitHub Pages deployment workflow (2026-02-10)
- 当前分支: master
- 远程仓库: https://github.com/hhhh124hhhh/jack-portfolio.git
- 未提交更改: 742

---

## 📊 记忆文件状态

### 关键文件

- MEMORY.md: 6.6K (2026-02-10 07:09:09)
- 2026-02-10.md: 128K (2026-02-10 15:31:52)
- IDENTITY.md: 4.2K (2026-02-10 14:38:47)
- USER.md: 716 (2026-01-31 14:22:50)
- SOUL.md: 16K (2026-02-05 00:06:27)

---

## ✅ 建议操作

- ✅ 最近 24 小时有备份
- ✅ Git 远程仓库已配置

---

**报告文件**: /root/clawd/logs/backup/backup-status-2026-02-10-2100.md
[2026-02-10 22:00:01] 检查备份状态...
[2026-02-10 22:00:01] ✅ 备份状态报告已生成: /root/clawd/logs/backup/backup-status-2026-02-10-2200.md
[2026-02-10 22:00:01] ✅ 旧报告已清理（保留最近 7 天）
[2026-02-10 22:00:01] 
[2026-02-10 22:00:01] ==========================================
[2026-02-10 22:00:01] 备份状态报告
[2026-02-10 22:00:01] ==========================================
# 备份状态报告

**生成时间**: 2026-02-10 22:00:01

---

## 📦 每日备份状态

### 最近的备份

| 日期 | 文件 | 大小 |
|------|------|------|
 | Feb | /root/clawd/backups/daily/daily-backup-2026-02-10-1506.tar.gz | 5.4M |

### 统计

- 备份文件数: 1
- 备份总大小: 5.4M

---

## 🔧 Git 同步状态

### 仓库信息

- 最新提交: 0b7706d - Add GitHub Pages deployment workflow (2026-02-10)
- 当前分支: master
- 远程仓库: https://github.com/hhhh124hhhh/jack-portfolio.git
- 未提交更改: 742

---

## 📊 记忆文件状态

### 关键文件

- MEMORY.md: 6.6K (2026-02-10 07:09:09)
- 2026-02-10.md: 128K (2026-02-10 15:31:52)
- IDENTITY.md: 4.2K (2026-02-10 14:38:47)
- USER.md: 716 (2026-01-31 14:22:50)
- SOUL.md: 16K (2026-02-05 00:06:27)

---

## ✅ 建议操作

- ✅ 最近 24 小时有备份
- ✅ Git 远程仓库已配置

---

**报告文件**: /root/clawd/logs/backup/backup-status-2026-02-10-2200.md
[2026-02-10 23:00:01] 检查备份状态...
[2026-02-10 23:00:01] ✅ 备份状态报告已生成: /root/clawd/logs/backup/backup-status-2026-02-10-2300.md
[2026-02-10 23:00:01] ✅ 旧报告已清理（保留最近 7 天）
[2026-02-10 23:00:01] 
[2026-02-10 23:00:01] ==========================================
[2026-02-10 23:00:01] 备份状态报告
[2026-02-10 23:00:01] ==========================================
# 备份状态报告

**生成时间**: 2026-02-10 23:00:01

---

## 📦 每日备份状态

### 最近的备份

| 日期 | 文件 | 大小 |
|------|------|------|
 | Feb | /root/clawd/backups/daily/daily-backup-2026-02-10-1506.tar.gz | 5.4M |

### 统计

- 备份文件数: 1
- 备份总大小: 5.4M

---

## 🔧 Git 同步状态

### 仓库信息

- 最新提交: 0b7706d - Add GitHub Pages deployment workflow (2026-02-10)
- 当前分支: master
- 远程仓库: https://github.com/hhhh124hhhh/jack-portfolio.git
- 未提交更改: 742

---

## 📊 记忆文件状态

### 关键文件

- MEMORY.md: 6.6K (2026-02-10 07:09:09)
- 2026-02-10.md: 128K (2026-02-10 15:31:52)
- IDENTITY.md: 4.2K (2026-02-10 14:38:47)
- USER.md: 716 (2026-01-31 14:22:50)
- SOUL.md: 16K (2026-02-05 00:06:27)

---

## ✅ 建议操作

- ✅ 最近 24 小时有备份
- ✅ Git 远程仓库已配置

---

**报告文件**: /root/clawd/logs/backup/backup-status-2026-02-10-2300.md
[2026-02-11 00:00:01] 检查备份状态...
[2026-02-11 00:00:02] ✅ 备份状态报告已生成: /root/clawd/logs/backup/backup-status-2026-02-11-0000.md
[2026-02-11 00:00:02] ✅ 旧报告已清理（保留最近 7 天）
[2026-02-11 00:00:02] 
[2026-02-11 00:00:02] ==========================================
[2026-02-11 00:00:02] 备份状态报告
[2026-02-11 00:00:02] ==========================================
# 备份状态报告

**生成时间**: 2026-02-11 00:00:01

---

## 📦 每日备份状态

### 最近的备份

| 日期 | 文件 | 大小 |
|------|------|------|
 | Feb | /root/clawd/backups/daily/daily-backup-2026-02-10-1506.tar.gz | 5.4M |

### 统计

- 备份文件数: 1
- 备份总大小: 5.4M

---

## 🔧 Git 同步状态

### 仓库信息

- 最新提交: 0b7706d - Add GitHub Pages deployment workflow (2026-02-10)
- 当前分支: master
- 远程仓库: https://github.com/hhhh124hhhh/jack-portfolio.git
- 未提交更改: 746

---

## 📊 记忆文件状态

### 关键文件

- MEMORY.md: 6.6K (2026-02-10 07:09:09)
- 2026-02-10.md: 130K (2026-02-10 23:36:07)
- IDENTITY.md: 4.2K (2026-02-10 14:38:47)
- USER.md: 716 (2026-01-31 14:22:50)
- SOUL.md: 16K (2026-02-05 00:06:27)

---

## ✅ 建议操作

- ✅ 最近 24 小时有备份
- ✅ Git 远程仓库已配置

---

**报告文件**: /root/clawd/logs/backup/backup-status-2026-02-11-0000.md
[2026-02-11 01:00:01] 检查备份状态...
[2026-02-11 01:00:02] ✅ 备份状态报告已生成: /root/clawd/logs/backup/backup-status-2026-02-11-0100.md
[2026-02-11 01:00:02] ✅ 旧报告已清理（保留最近 7 天）
[2026-02-11 01:00:02] 
[2026-02-11 01:00:02] ==========================================
[2026-02-11 01:00:02] 备份状态报告
[2026-02-11 01:00:02] ==========================================
# 备份状态报告

**生成时间**: 2026-02-11 01:00:01

---

## 📦 每日备份状态

### 最近的备份

| 日期 | 文件 | 大小 |
|------|------|------|
 | Feb | /root/clawd/backups/daily/daily-backup-2026-02-10-1506.tar.gz | 5.4M |

### 统计

- 备份文件数: 1
- 备份总大小: 5.4M

---

## 🔧 Git 同步状态

### 仓库信息

- 最新提交: 0b7706d - Add GitHub Pages deployment workflow (2026-02-10)
- 当前分支: master
- 远程仓库: https://github.com/hhhh124hhhh/jack-portfolio.git
- 未提交更改: 746

---

## 📊 记忆文件状态

### 关键文件

- MEMORY.md: 6.6K (2026-02-10 07:09:09)
- 2026-02-10.md: 130K (2026-02-10 23:36:07)
- IDENTITY.md: 4.2K (2026-02-10 14:38:47)
- USER.md: 716 (2026-01-31 14:22:50)
- SOUL.md: 16K (2026-02-05 00:06:27)

---

## ✅ 建议操作

- ✅ 最近 24 小时有备份
- ✅ Git 远程仓库已配置

---

**报告文件**: /root/clawd/logs/backup/backup-status-2026-02-11-0100.md
[2026-02-11 02:00:01] 检查备份状态...
[2026-02-11 02:00:01] ✅ 备份状态报告已生成: /root/clawd/logs/backup/backup-status-2026-02-11-0200.md
[2026-02-11 02:00:01] ✅ 旧报告已清理（保留最近 7 天）
[2026-02-11 02:00:01] 
[2026-02-11 02:00:01] ==========================================
[2026-02-11 02:00:01] 备份状态报告
[2026-02-11 02:00:01] ==========================================
# 备份状态报告

**生成时间**: 2026-02-11 02:00:01

---

## 📦 每日备份状态

### 最近的备份

| 日期 | 文件 | 大小 |
|------|------|------|
 | Feb | /root/clawd/backups/daily/daily-backup-2026-02-11-0100.tar.gz | 5.5M |
 | Feb | /root/clawd/backups/daily/daily-backup-2026-02-10-1506.tar.gz | 5.4M |

### 统计

- 备份文件数: 2
- 备份总大小: 11M

---

## 🔧 Git 同步状态

### 仓库信息

- 最新提交: d60ea6d - 整合工作流完成 - 2026-02-11 0902 (2026-02-11)
- 当前分支: master
- 远程仓库: https://github.com/hhhh124hhhh/jack-portfolio.git
- 未提交更改: 753

---

## 📊 记忆文件状态

### 关键文件

- MEMORY.md: 6.6K (2026-02-10 07:09:09)
- 2026-02-10.md: 130K (2026-02-10 23:36:07)
- IDENTITY.md: 4.2K (2026-02-10 14:38:47)
- USER.md: 716 (2026-01-31 14:22:50)
- SOUL.md: 16K (2026-02-05 00:06:27)

---

## ✅ 建议操作

- ✅ 最近 24 小时有备份
- ✅ Git 远程仓库已配置

---

**报告文件**: /root/clawd/logs/backup/backup-status-2026-02-11-0200.md
[2026-02-11 03:00:01] 检查备份状态...
[2026-02-11 03:00:01] ✅ 备份状态报告已生成: /root/clawd/logs/backup/backup-status-2026-02-11-0300.md
[2026-02-11 03:00:01] ✅ 旧报告已清理（保留最近 7 天）
[2026-02-11 03:00:01] 
[2026-02-11 03:00:01] ==========================================
[2026-02-11 03:00:01] 备份状态报告
[2026-02-11 03:00:01] ==========================================
# 备份状态报告

**生成时间**: 2026-02-11 03:00:01

---

## 📦 每日备份状态

### 最近的备份

| 日期 | 文件 | 大小 |
|------|------|------|
 | Feb | /root/clawd/backups/daily/daily-backup-2026-02-11-0100.tar.gz | 5.5M |
 | Feb | /root/clawd/backups/daily/daily-backup-2026-02-10-1506.tar.gz | 5.4M |

### 统计

- 备份文件数: 2
- 备份总大小: 11M

---

## 🔧 Git 同步状态

### 仓库信息

- 最新提交: d60ea6d - 整合工作流完成 - 2026-02-11 0902 (2026-02-11)
- 当前分支: master
- 远程仓库: https://github.com/hhhh124hhhh/jack-portfolio.git
- 未提交更改: 751

---

## 📊 记忆文件状态

### 关键文件

- MEMORY.md: 6.6K (2026-02-10 07:09:09)
- 2026-02-10.md: 130K (2026-02-10 23:36:07)
- IDENTITY.md: 4.2K (2026-02-10 14:38:47)
- USER.md: 716 (2026-01-31 14:22:50)
- SOUL.md: 16K (2026-02-05 00:06:27)

---

## ✅ 建议操作

- ✅ 最近 24 小时有备份
- ✅ Git 远程仓库已配置

---

**报告文件**: /root/clawd/logs/backup/backup-status-2026-02-11-0300.md
[2026-02-11 04:00:01] 检查备份状态...
[2026-02-11 04:00:01] ✅ 备份状态报告已生成: /root/clawd/logs/backup/backup-status-2026-02-11-0400.md
[2026-02-11 04:00:01] ✅ 旧报告已清理（保留最近 7 天）
[2026-02-11 04:00:01] 
[2026-02-11 04:00:01] ==========================================
[2026-02-11 04:00:01] 备份状态报告
[2026-02-11 04:00:01] ==========================================
# 备份状态报告

**生成时间**: 2026-02-11 04:00:01

---

## 📦 每日备份状态

### 最近的备份

| 日期 | 文件 | 大小 |
|------|------|------|
 | Feb | /root/clawd/backups/daily/daily-backup-2026-02-11-0100.tar.gz | 5.5M |
 | Feb | /root/clawd/backups/daily/daily-backup-2026-02-10-1506.tar.gz | 5.4M |

### 统计

- 备份文件数: 2
- 备份总大小: 11M

---

## 🔧 Git 同步状态

### 仓库信息

- 最新提交: d60ea6d - 整合工作流完成 - 2026-02-11 0902 (2026-02-11)
- 当前分支: master
- 远程仓库: https://github.com/hhhh124hhhh/jack-portfolio.git
- 未提交更改: 751

---

## 📊 记忆文件状态

### 关键文件

- MEMORY.md: 6.6K (2026-02-10 07:09:09)
- 2026-02-10.md: 130K (2026-02-10 23:36:07)
- IDENTITY.md: 4.2K (2026-02-10 14:38:47)
- USER.md: 716 (2026-01-31 14:22:50)
- SOUL.md: 16K (2026-02-05 00:06:27)

---

## ✅ 建议操作

- ✅ 最近 24 小时有备份
- ✅ Git 远程仓库已配置

---

**报告文件**: /root/clawd/logs/backup/backup-status-2026-02-11-0400.md
[2026-02-11 05:00:01] 检查备份状态...
[2026-02-11 05:00:01] ✅ 备份状态报告已生成: /root/clawd/logs/backup/backup-status-2026-02-11-0500.md
[2026-02-11 05:00:01] ✅ 旧报告已清理（保留最近 7 天）
[2026-02-11 05:00:01] 
[2026-02-11 05:00:01] ==========================================
[2026-02-11 05:00:01] 备份状态报告
[2026-02-11 05:00:01] ==========================================
# 备份状态报告

**生成时间**: 2026-02-11 05:00:01

---

## 📦 每日备份状态

### 最近的备份

| 日期 | 文件 | 大小 |
|------|------|------|
 | Feb | /root/clawd/backups/daily/daily-backup-2026-02-11-0100.tar.gz | 5.5M |
 | Feb | /root/clawd/backups/daily/daily-backup-2026-02-10-1506.tar.gz | 5.4M |

### 统计

- 备份文件数: 2
- 备份总大小: 11M

---

## 🔧 Git 同步状态

### 仓库信息

- 最新提交: d60ea6d - 整合工作流完成 - 2026-02-11 0902 (2026-02-11)
- 当前分支: master
- 远程仓库: https://github.com/hhhh124hhhh/jack-portfolio.git
- 未提交更改: 751

---

## 📊 记忆文件状态

### 关键文件

- MEMORY.md: 6.6K (2026-02-10 07:09:09)
- 2026-02-10.md: 130K (2026-02-10 23:36:07)
- IDENTITY.md: 4.2K (2026-02-10 14:38:47)
- USER.md: 716 (2026-01-31 14:22:50)
- SOUL.md: 16K (2026-02-05 00:06:27)

---

## ✅ 建议操作

- ✅ 最近 24 小时有备份
- ✅ Git 远程仓库已配置

---

**报告文件**: /root/clawd/logs/backup/backup-status-2026-02-11-0500.md
[2026-02-11 06:00:01] 检查备份状态...
[2026-02-11 06:00:01] ✅ 备份状态报告已生成: /root/clawd/logs/backup/backup-status-2026-02-11-0600.md
[2026-02-11 06:00:01] ✅ 旧报告已清理（保留最近 7 天）
[2026-02-11 06:00:01] 
[2026-02-11 06:00:01] ==========================================
[2026-02-11 06:00:01] 备份状态报告
[2026-02-11 06:00:01] ==========================================
# 备份状态报告

**生成时间**: 2026-02-11 06:00:01

---

## 📦 每日备份状态

### 最近的备份

| 日期 | 文件 | 大小 |
|------|------|------|
 | Feb | /root/clawd/backups/daily/daily-backup-2026-02-11-0100.tar.gz | 5.5M |
 | Feb | /root/clawd/backups/daily/daily-backup-2026-02-10-1506.tar.gz | 5.4M |

### 统计

- 备份文件数: 2
- 备份总大小: 11M

---

## 🔧 Git 同步状态

### 仓库信息

- 最新提交: d60ea6d - 整合工作流完成 - 2026-02-11 0902 (2026-02-11)
- 当前分支: master
- 远程仓库: https://github.com/hhhh124hhhh/jack-portfolio.git
- 未提交更改: 751

---

## 📊 记忆文件状态

### 关键文件

- MEMORY.md: 6.6K (2026-02-10 07:09:09)
- 2026-02-10.md: 130K (2026-02-10 23:36:07)
- IDENTITY.md: 4.2K (2026-02-10 14:38:47)
- USER.md: 716 (2026-01-31 14:22:50)
- SOUL.md: 16K (2026-02-05 00:06:27)

---

## ✅ 建议操作

- ✅ 最近 24 小时有备份
- ✅ Git 远程仓库已配置

---

**报告文件**: /root/clawd/logs/backup/backup-status-2026-02-11-0600.md
[2026-02-11 07:00:01] 检查备份状态...
[2026-02-11 07:00:02] ✅ 备份状态报告已生成: /root/clawd/logs/backup/backup-status-2026-02-11-0700.md
[2026-02-11 07:00:02] ✅ 旧报告已清理（保留最近 7 天）
[2026-02-11 07:00:02] 
[2026-02-11 07:00:02] ==========================================
[2026-02-11 07:00:02] 备份状态报告
[2026-02-11 07:00:02] ==========================================
# 备份状态报告

**生成时间**: 2026-02-11 07:00:01

---

## 📦 每日备份状态

### 最近的备份

| 日期 | 文件 | 大小 |
|------|------|------|
 | Feb | /root/clawd/backups/daily/daily-backup-2026-02-11-0100.tar.gz | 5.5M |
 | Feb | /root/clawd/backups/daily/daily-backup-2026-02-10-1506.tar.gz | 5.4M |

### 统计

- 备份文件数: 2
- 备份总大小: 11M

---

## 🔧 Git 同步状态

### 仓库信息

- 最新提交: d60ea6d - 整合工作流完成 - 2026-02-11 0902 (2026-02-11)
- 当前分支: master
- 远程仓库: https://github.com/hhhh124hhhh/jack-portfolio.git
- 未提交更改: 751

---

## 📊 记忆文件状态

### 关键文件

- MEMORY.md: 6.6K (2026-02-10 07:09:09)
- 2026-02-10.md: 130K (2026-02-10 23:36:07)
- IDENTITY.md: 4.2K (2026-02-10 14:38:47)
- USER.md: 716 (2026-01-31 14:22:50)
- SOUL.md: 16K (2026-02-05 00:06:27)

---

## ✅ 建议操作

- ✅ 最近 24 小时有备份
- ✅ Git 远程仓库已配置

---

**报告文件**: /root/clawd/logs/backup/backup-status-2026-02-11-0700.md
[2026-02-11 08:00:01] 检查备份状态...
[2026-02-11 08:00:01] ✅ 备份状态报告已生成: /root/clawd/logs/backup/backup-status-2026-02-11-0800.md
[2026-02-11 08:00:01] ✅ 旧报告已清理（保留最近 7 天）
[2026-02-11 08:00:01] 
[2026-02-11 08:00:01] ==========================================
[2026-02-11 08:00:01] 备份状态报告
[2026-02-11 08:00:01] ==========================================
# 备份状态报告

**生成时间**: 2026-02-11 08:00:01

---

## 📦 每日备份状态

### 最近的备份

| 日期 | 文件 | 大小 |
|------|------|------|
 | Feb | /root/clawd/backups/daily/daily-backup-2026-02-11-0100.tar.gz | 5.5M |
 | Feb | /root/clawd/backups/daily/daily-backup-2026-02-10-1506.tar.gz | 5.4M |

### 统计

- 备份文件数: 2
- 备份总大小: 11M

---

## 🔧 Git 同步状态

### 仓库信息

- 最新提交: d60ea6d - 整合工作流完成 - 2026-02-11 0902 (2026-02-11)
- 当前分支: master
- 远程仓库: https://github.com/hhhh124hhhh/jack-portfolio.git
- 未提交更改: 753

---

## 📊 记忆文件状态

### 关键文件

- MEMORY.md: 6.6K (2026-02-10 07:09:09)
- 2026-02-10.md: 130K (2026-02-10 23:36:07)
- IDENTITY.md: 4.2K (2026-02-10 14:38:47)
- USER.md: 716 (2026-01-31 14:22:50)
- SOUL.md: 16K (2026-02-05 00:06:27)

---

## ✅ 建议操作

- ✅ 最近 24 小时有备份
- ✅ Git 远程仓库已配置

---

**报告文件**: /root/clawd/logs/backup/backup-status-2026-02-11-0800.md
[2026-02-11 09:00:01] 检查备份状态...
[2026-02-11 09:00:02] ✅ 备份状态报告已生成: /root/clawd/logs/backup/backup-status-2026-02-11-0900.md
[2026-02-11 09:00:02] ✅ 旧报告已清理（保留最近 7 天）
[2026-02-11 09:00:02] 
[2026-02-11 09:00:02] ==========================================
[2026-02-11 09:00:02] 备份状态报告
[2026-02-11 09:00:02] ==========================================
# 备份状态报告

**生成时间**: 2026-02-11 09:00:01

---

## 📦 每日备份状态

### 最近的备份

| 日期 | 文件 | 大小 |
|------|------|------|
 | Feb | /root/clawd/backups/daily/daily-backup-2026-02-11-0100.tar.gz | 5.5M |
 | Feb | /root/clawd/backups/daily/daily-backup-2026-02-10-1506.tar.gz | 5.4M |

### 统计

- 备份文件数: 2
- 备份总大小: 11M

---

## 🔧 Git 同步状态

### 仓库信息

- 最新提交: d60ea6d - 整合工作流完成 - 2026-02-11 0902 (2026-02-11)
- 当前分支: master
- 远程仓库: https://github.com/hhhh124hhhh/jack-portfolio.git
- 未提交更改: 753

---

## 📊 记忆文件状态

### 关键文件

- MEMORY.md: 6.6K (2026-02-10 07:09:09)
- 2026-02-10.md: 130K (2026-02-10 23:36:07)
- IDENTITY.md: 4.2K (2026-02-10 14:38:47)
- USER.md: 716 (2026-01-31 14:22:50)
- SOUL.md: 16K (2026-02-05 00:06:27)

---

## ✅ 建议操作

- ✅ 最近 24 小时有备份
- ✅ Git 远程仓库已配置

---

**报告文件**: /root/clawd/logs/backup/backup-status-2026-02-11-0900.md
[2026-02-11 10:00:01] 检查备份状态...
[2026-02-11 10:00:01] ✅ 备份状态报告已生成: /root/clawd/logs/backup/backup-status-2026-02-11-1000.md
[2026-02-11 10:00:02] ✅ 旧报告已清理（保留最近 7 天）
[2026-02-11 10:00:02] 
[2026-02-11 10:00:02] ==========================================
[2026-02-11 10:00:02] 备份状态报告
[2026-02-11 10:00:02] ==========================================
# 备份状态报告

**生成时间**: 2026-02-11 10:00:01

---

## 📦 每日备份状态

### 最近的备份

| 日期 | 文件 | 大小 |
|------|------|------|
 | Feb | /root/clawd/backups/daily/daily-backup-2026-02-11-0100.tar.gz | 5.5M |
 | Feb | /root/clawd/backups/daily/daily-backup-2026-02-10-1506.tar.gz | 5.4M |

### 统计

- 备份文件数: 2
- 备份总大小: 11M

---

## 🔧 Git 同步状态

### 仓库信息

- 最新提交: d60ea6d - 整合工作流完成 - 2026-02-11 0902 (2026-02-11)
- 当前分支: master
- 远程仓库: https://github.com/hhhh124hhhh/jack-portfolio.git
- 未提交更改: 753

---

## 📊 记忆文件状态

### 关键文件

- MEMORY.md: 6.6K (2026-02-10 07:09:09)
- 2026-02-10.md: 130K (2026-02-10 23:36:07)
- IDENTITY.md: 4.2K (2026-02-10 14:38:47)
- USER.md: 716 (2026-01-31 14:22:50)
- SOUL.md: 16K (2026-02-05 00:06:27)

---

## ✅ 建议操作

- ✅ 最近 24 小时有备份
- ✅ Git 远程仓库已配置

---

**报告文件**: /root/clawd/logs/backup/backup-status-2026-02-11-1000.md
[2026-02-11 11:00:01] 检查备份状态...
[2026-02-11 11:00:01] ✅ 备份状态报告已生成: /root/clawd/logs/backup/backup-status-2026-02-11-1100.md
[2026-02-11 11:00:01] ✅ 旧报告已清理（保留最近 7 天）
[2026-02-11 11:00:01] 
[2026-02-11 11:00:01] ==========================================
[2026-02-11 11:00:01] 备份状态报告
[2026-02-11 11:00:01] ==========================================
# 备份状态报告

**生成时间**: 2026-02-11 11:00:01

---

## 📦 每日备份状态

### 最近的备份

| 日期 | 文件 | 大小 |
|------|------|------|
 | Feb | /root/clawd/backups/daily/daily-backup-2026-02-11-0100.tar.gz | 5.5M |
 | Feb | /root/clawd/backups/daily/daily-backup-2026-02-10-1506.tar.gz | 5.4M |

### 统计

- 备份文件数: 2
- 备份总大小: 11M

---

## 🔧 Git 同步状态

### 仓库信息

- 最新提交: d60ea6d - 整合工作流完成 - 2026-02-11 0902 (2026-02-11)
- 当前分支: master
- 远程仓库: https://github.com/hhhh124hhhh/jack-portfolio.git
- 未提交更改: 754

---

## 📊 记忆文件状态

### 关键文件

- MEMORY.md: 6.6K (2026-02-10 07:09:09)
- 2026-02-10.md: 130K (2026-02-10 23:36:07)
- IDENTITY.md: 4.2K (2026-02-10 14:38:47)
- USER.md: 716 (2026-01-31 14:22:50)
- SOUL.md: 16K (2026-02-05 00:06:27)

---

## ✅ 建议操作

- ✅ 最近 24 小时有备份
- ✅ Git 远程仓库已配置

---

**报告文件**: /root/clawd/logs/backup/backup-status-2026-02-11-1100.md
[2026-02-11 12:00:01] 检查备份状态...
[2026-02-11 12:00:01] ✅ 备份状态报告已生成: /root/clawd/logs/backup/backup-status-2026-02-11-1200.md
[2026-02-11 12:00:01] ✅ 旧报告已清理（保留最近 7 天）
[2026-02-11 12:00:01] 
[2026-02-11 12:00:01] ==========================================
[2026-02-11 12:00:01] 备份状态报告
[2026-02-11 12:00:01] ==========================================
# 备份状态报告

**生成时间**: 2026-02-11 12:00:01

---

## 📦 每日备份状态

### 最近的备份

| 日期 | 文件 | 大小 |
|------|------|------|
 | Feb | /root/clawd/backups/daily/daily-backup-2026-02-11-0100.tar.gz | 5.5M |
 | Feb | /root/clawd/backups/daily/daily-backup-2026-02-10-1506.tar.gz | 5.4M |

### 统计

- 备份文件数: 2
- 备份总大小: 11M

---

## 🔧 Git 同步状态

### 仓库信息

- 最新提交: d60ea6d - 整合工作流完成 - 2026-02-11 0902 (2026-02-11)
- 当前分支: master
- 远程仓库: https://github.com/hhhh124hhhh/jack-portfolio.git
- 未提交更改: 754

---

## 📊 记忆文件状态

### 关键文件

- MEMORY.md: 6.6K (2026-02-10 07:09:09)
- 2026-02-10.md: 130K (2026-02-10 23:36:07)
- IDENTITY.md: 4.2K (2026-02-10 14:38:47)
- USER.md: 716 (2026-01-31 14:22:50)
- SOUL.md: 16K (2026-02-05 00:06:27)

---

## ✅ 建议操作

- ✅ 最近 24 小时有备份
- ✅ Git 远程仓库已配置

---

**报告文件**: /root/clawd/logs/backup/backup-status-2026-02-11-1200.md
[2026-02-11 13:00:01] 检查备份状态...
[2026-02-11 13:00:02] ✅ 备份状态报告已生成: /root/clawd/logs/backup/backup-status-2026-02-11-1300.md
[2026-02-11 13:00:02] ✅ 旧报告已清理（保留最近 7 天）
[2026-02-11 13:00:02] 
[2026-02-11 13:00:02] ==========================================
[2026-02-11 13:00:02] 备份状态报告
[2026-02-11 13:00:02] ==========================================
# 备份状态报告

**生成时间**: 2026-02-11 13:00:01

---

## 📦 每日备份状态

### 最近的备份

| 日期 | 文件 | 大小 |
|------|------|------|
 | Feb | /root/clawd/backups/daily/daily-backup-2026-02-11-0100.tar.gz | 5.5M |
 | Feb | /root/clawd/backups/daily/daily-backup-2026-02-10-1506.tar.gz | 5.4M |

### 统计

- 备份文件数: 2
- 备份总大小: 11M

---

## 🔧 Git 同步状态

### 仓库信息

- 最新提交: d60ea6d - 整合工作流完成 - 2026-02-11 0902 (2026-02-11)
- 当前分支: master
- 远程仓库: https://github.com/hhhh124hhhh/jack-portfolio.git
- 未提交更改: 754

---

## 📊 记忆文件状态

### 关键文件

- MEMORY.md: 6.6K (2026-02-10 07:09:09)
- 2026-02-10.md: 130K (2026-02-10 23:36:07)
- IDENTITY.md: 4.2K (2026-02-10 14:38:47)
- USER.md: 716 (2026-01-31 14:22:50)
- SOUL.md: 16K (2026-02-05 00:06:27)

---

## ✅ 建议操作

- ✅ 最近 24 小时有备份
- ✅ Git 远程仓库已配置

---

**报告文件**: /root/clawd/logs/backup/backup-status-2026-02-11-1300.md
[2026-02-11 14:00:01] 检查备份状态...
[2026-02-11 14:00:01] ✅ 备份状态报告已生成: /root/clawd/logs/backup/backup-status-2026-02-11-1400.md
[2026-02-11 14:00:01] ✅ 旧报告已清理（保留最近 7 天）
[2026-02-11 14:00:01] 
[2026-02-11 14:00:01] ==========================================
[2026-02-11 14:00:01] 备份状态报告
[2026-02-11 14:00:01] ==========================================
# 备份状态报告

**生成时间**: 2026-02-11 14:00:01

---

## 📦 每日备份状态

### 最近的备份

| 日期 | 文件 | 大小 |
|------|------|------|
 | Feb | /root/clawd/backups/daily/daily-backup-2026-02-11-0100.tar.gz | 5.5M |
 | Feb | /root/clawd/backups/daily/daily-backup-2026-02-10-1506.tar.gz | 5.4M |

### 统计

- 备份文件数: 2
- 备份总大小: 11M

---

## 🔧 Git 同步状态

### 仓库信息

- 最新提交: d60ea6d - 整合工作流完成 - 2026-02-11 0902 (2026-02-11)
- 当前分支: master
- 远程仓库: https://github.com/hhhh124hhhh/jack-portfolio.git
- 未提交更改: 754

---

## 📊 记忆文件状态

### 关键文件

- MEMORY.md: 6.6K (2026-02-10 07:09:09)
- 2026-02-10.md: 130K (2026-02-10 23:36:07)
- IDENTITY.md: 4.2K (2026-02-10 14:38:47)
- USER.md: 716 (2026-01-31 14:22:50)
- SOUL.md: 16K (2026-02-05 00:06:27)

---

## ✅ 建议操作

- ✅ 最近 24 小时有备份
- ✅ Git 远程仓库已配置

---

**报告文件**: /root/clawd/logs/backup/backup-status-2026-02-11-1400.md
[2026-02-11 15:00:01] 检查备份状态...
[2026-02-11 15:00:02] ✅ 备份状态报告已生成: /root/clawd/logs/backup/backup-status-2026-02-11-1500.md
[2026-02-11 15:00:02] ✅ 旧报告已清理（保留最近 7 天）
[2026-02-11 15:00:02] 
[2026-02-11 15:00:02] ==========================================
[2026-02-11 15:00:02] 备份状态报告
[2026-02-11 15:00:02] ==========================================
# 备份状态报告

**生成时间**: 2026-02-11 15:00:01

---

## 📦 每日备份状态

### 最近的备份

| 日期 | 文件 | 大小 |
|------|------|------|
 | Feb | /root/clawd/backups/daily/daily-backup-2026-02-11-0100.tar.gz | 5.5M |
 | Feb | /root/clawd/backups/daily/daily-backup-2026-02-10-1506.tar.gz | 5.4M |

### 统计

- 备份文件数: 2
- 备份总大小: 11M

---

## 🔧 Git 同步状态

### 仓库信息

- 最新提交: d60ea6d - 整合工作流完成 - 2026-02-11 0902 (2026-02-11)
- 当前分支: master
- 远程仓库: https://github.com/hhhh124hhhh/jack-portfolio.git
- 未提交更改: 753

---

## 📊 记忆文件状态

### 关键文件

- MEMORY.md: 6.6K (2026-02-10 07:09:09)
- 2026-02-10.md: 130K (2026-02-10 23:36:07)
- IDENTITY.md: 4.2K (2026-02-10 14:38:47)
- USER.md: 716 (2026-01-31 14:22:50)
- SOUL.md: 16K (2026-02-05 00:06:27)

---

## ✅ 建议操作

- ✅ 最近 24 小时有备份
- ✅ Git 远程仓库已配置

---

**报告文件**: /root/clawd/logs/backup/backup-status-2026-02-11-1500.md
[2026-02-11 16:00:01] 检查备份状态...
[2026-02-11 16:00:01] ✅ 备份状态报告已生成: /root/clawd/logs/backup/backup-status-2026-02-11-1600.md
[2026-02-11 16:00:01] ✅ 旧报告已清理（保留最近 7 天）
[2026-02-11 16:00:01] 
[2026-02-11 16:00:01] ==========================================
[2026-02-11 16:00:01] 备份状态报告
[2026-02-11 16:00:01] ==========================================
# 备份状态报告

**生成时间**: 2026-02-11 16:00:01

---

## 📦 每日备份状态

### 最近的备份

| 日期 | 文件 | 大小 |
|------|------|------|
 | Feb | /root/clawd/backups/daily/daily-backup-2026-02-11-0100.tar.gz | 5.5M |
 | Feb | /root/clawd/backups/daily/daily-backup-2026-02-10-1506.tar.gz | 5.4M |

### 统计

- 备份文件数: 2
- 备份总大小: 11M

---

## 🔧 Git 同步状态

### 仓库信息

- 最新提交: d60ea6d - 整合工作流完成 - 2026-02-11 0902 (2026-02-11)
- 当前分支: master
- 远程仓库: https://github.com/hhhh124hhhh/jack-portfolio.git
- 未提交更改: 753

---

## 📊 记忆文件状态

### 关键文件

- MEMORY.md: 6.6K (2026-02-10 07:09:09)
- 2026-02-10.md: 130K (2026-02-10 23:36:07)
- IDENTITY.md: 4.2K (2026-02-10 14:38:47)
- USER.md: 716 (2026-01-31 14:22:50)
- SOUL.md: 16K (2026-02-05 00:06:27)

---

## ✅ 建议操作

- ✅ 最近 24 小时有备份
- ✅ Git 远程仓库已配置

---

**报告文件**: /root/clawd/logs/backup/backup-status-2026-02-11-1600.md
[2026-02-11 17:00:01] 检查备份状态...
[2026-02-11 17:00:01] ✅ 备份状态报告已生成: /root/clawd/logs/backup/backup-status-2026-02-11-1700.md
[2026-02-11 17:00:01] ✅ 旧报告已清理（保留最近 7 天）
[2026-02-11 17:00:01] 
[2026-02-11 17:00:01] ==========================================
[2026-02-11 17:00:01] 备份状态报告
[2026-02-11 17:00:01] ==========================================
# 备份状态报告

**生成时间**: 2026-02-11 17:00:01

---

## 📦 每日备份状态

### 最近的备份

| 日期 | 文件 | 大小 |
|------|------|------|
 | Feb | /root/clawd/backups/daily/daily-backup-2026-02-11-0100.tar.gz | 5.5M |
 | Feb | /root/clawd/backups/daily/daily-backup-2026-02-10-1506.tar.gz | 5.4M |

### 统计

- 备份文件数: 2
- 备份总大小: 11M

---

## 🔧 Git 同步状态

### 仓库信息

- 最新提交: d60ea6d - 整合工作流完成 - 2026-02-11 0902 (2026-02-11)
- 当前分支: master
- 远程仓库: https://github.com/hhhh124hhhh/jack-portfolio.git
- 未提交更改: 754

---

## 📊 记忆文件状态

### 关键文件

- MEMORY.md: 6.6K (2026-02-10 07:09:09)
- 2026-02-10.md: 130K (2026-02-10 23:36:07)
- IDENTITY.md: 4.2K (2026-02-10 14:38:47)
- USER.md: 716 (2026-01-31 14:22:50)
- SOUL.md: 16K (2026-02-05 00:06:27)

---

## ✅ 建议操作

- ✅ 最近 24 小时有备份
- ✅ Git 远程仓库已配置

---

**报告文件**: /root/clawd/logs/backup/backup-status-2026-02-11-1700.md
[2026-02-11 18:00:01] 检查备份状态...
[2026-02-11 18:00:01] ✅ 备份状态报告已生成: /root/clawd/logs/backup/backup-status-2026-02-11-1800.md
[2026-02-11 18:00:01] ✅ 旧报告已清理（保留最近 7 天）
[2026-02-11 18:00:01] 
[2026-02-11 18:00:01] ==========================================
[2026-02-11 18:00:01] 备份状态报告
[2026-02-11 18:00:01] ==========================================
# 备份状态报告

**生成时间**: 2026-02-11 18:00:01

---

## 📦 每日备份状态

### 最近的备份

| 日期 | 文件 | 大小 |
|------|------|------|
 | Feb | /root/clawd/backups/daily/daily-backup-2026-02-11-0100.tar.gz | 5.5M |
 | Feb | /root/clawd/backups/daily/daily-backup-2026-02-10-1506.tar.gz | 5.4M |

### 统计

- 备份文件数: 2
- 备份总大小: 11M

---

## 🔧 Git 同步状态

### 仓库信息

- 最新提交: d60ea6d - 整合工作流完成 - 2026-02-11 0902 (2026-02-11)
- 当前分支: master
- 远程仓库: https://github.com/hhhh124hhhh/jack-portfolio.git
- 未提交更改: 754

---

## 📊 记忆文件状态

### 关键文件

- MEMORY.md: 6.6K (2026-02-10 07:09:09)
- 2026-02-10.md: 130K (2026-02-10 23:36:07)
- IDENTITY.md: 4.2K (2026-02-10 14:38:47)
- USER.md: 716 (2026-01-31 14:22:50)
- SOUL.md: 16K (2026-02-05 00:06:27)

---

## ✅ 建议操作

- ✅ 最近 24 小时有备份
- ✅ Git 远程仓库已配置

---

**报告文件**: /root/clawd/logs/backup/backup-status-2026-02-11-1800.md
[2026-02-11 19:00:01] 检查备份状态...
[2026-02-11 19:00:01] ✅ 备份状态报告已生成: /root/clawd/logs/backup/backup-status-2026-02-11-1900.md
[2026-02-11 19:00:01] ✅ 旧报告已清理（保留最近 7 天）
[2026-02-11 19:00:01] 
[2026-02-11 19:00:01] ==========================================
[2026-02-11 19:00:01] 备份状态报告
[2026-02-11 19:00:01] ==========================================
# 备份状态报告

**生成时间**: 2026-02-11 19:00:01

---

## 📦 每日备份状态

### 最近的备份

| 日期 | 文件 | 大小 |
|------|------|------|
 | Feb | /root/clawd/backups/daily/daily-backup-2026-02-11-0100.tar.gz | 5.5M |
 | Feb | /root/clawd/backups/daily/daily-backup-2026-02-10-1506.tar.gz | 5.4M |

### 统计

- 备份文件数: 2
- 备份总大小: 11M

---

## 🔧 Git 同步状态

### 仓库信息

- 最新提交: d60ea6d - 整合工作流完成 - 2026-02-11 0902 (2026-02-11)
- 当前分支: master
- 远程仓库: https://github.com/hhhh124hhhh/jack-portfolio.git
- 未提交更改: 754

---

## 📊 记忆文件状态

### 关键文件

- MEMORY.md: 6.6K (2026-02-10 07:09:09)
- 2026-02-10.md: 130K (2026-02-10 23:36:07)
- IDENTITY.md: 4.2K (2026-02-10 14:38:47)
- USER.md: 716 (2026-01-31 14:22:50)
- SOUL.md: 16K (2026-02-05 00:06:27)

---

## ✅ 建议操作

- ✅ 最近 24 小时有备份
- ✅ Git 远程仓库已配置

---

**报告文件**: /root/clawd/logs/backup/backup-status-2026-02-11-1900.md
[2026-02-11 20:00:01] 检查备份状态...
[2026-02-11 20:00:02] ✅ 备份状态报告已生成: /root/clawd/logs/backup/backup-status-2026-02-11-2000.md
[2026-02-11 20:00:02] ✅ 旧报告已清理（保留最近 7 天）
[2026-02-11 20:00:02] 
[2026-02-11 20:00:02] ==========================================
[2026-02-11 20:00:02] 备份状态报告
[2026-02-11 20:00:02] ==========================================
# 备份状态报告

**生成时间**: 2026-02-11 20:00:01

---

## 📦 每日备份状态

### 最近的备份

| 日期 | 文件 | 大小 |
|------|------|------|
 | Feb | /root/clawd/backups/daily/daily-backup-2026-02-11-0100.tar.gz | 5.5M |
 | Feb | /root/clawd/backups/daily/daily-backup-2026-02-10-1506.tar.gz | 5.4M |

### 统计

- 备份文件数: 2
- 备份总大小: 11M

---

## 🔧 Git 同步状态

### 仓库信息

- 最新提交: d60ea6d - 整合工作流完成 - 2026-02-11 0902 (2026-02-11)
- 当前分支: master
- 远程仓库: https://github.com/hhhh124hhhh/jack-portfolio.git
- 未提交更改: 754

---

## 📊 记忆文件状态

### 关键文件

- MEMORY.md: 6.6K (2026-02-10 07:09:09)
- 2026-02-10.md: 130K (2026-02-10 23:36:07)
- IDENTITY.md: 4.2K (2026-02-10 14:38:47)
- USER.md: 716 (2026-01-31 14:22:50)
- SOUL.md: 16K (2026-02-05 00:06:27)

---

## ✅ 建议操作

- ✅ 最近 24 小时有备份
- ✅ Git 远程仓库已配置

---

**报告文件**: /root/clawd/logs/backup/backup-status-2026-02-11-2000.md
[2026-02-11 21:00:01] 检查备份状态...
[2026-02-11 21:00:01] ✅ 备份状态报告已生成: /root/clawd/logs/backup/backup-status-2026-02-11-2100.md
[2026-02-11 21:00:01] ✅ 旧报告已清理（保留最近 7 天）
[2026-02-11 21:00:01] 
[2026-02-11 21:00:01] ==========================================
[2026-02-11 21:00:01] 备份状态报告
[2026-02-11 21:00:01] ==========================================
# 备份状态报告

**生成时间**: 2026-02-11 21:00:01

---

## 📦 每日备份状态

### 最近的备份

| 日期 | 文件 | 大小 |
|------|------|------|
 | Feb | /root/clawd/backups/daily/daily-backup-2026-02-11-0100.tar.gz | 5.5M |
 | Feb | /root/clawd/backups/daily/daily-backup-2026-02-10-1506.tar.gz | 5.4M |

### 统计

- 备份文件数: 2
- 备份总大小: 11M

---

## 🔧 Git 同步状态

### 仓库信息

- 最新提交: d60ea6d - 整合工作流完成 - 2026-02-11 0902 (2026-02-11)
- 当前分支: master
- 远程仓库: https://github.com/hhhh124hhhh/jack-portfolio.git
- 未提交更改: 772

---

## 📊 记忆文件状态

### 关键文件

- MEMORY.md: 6.6K (2026-02-10 07:09:09)
- 2026-02-10.md: 130K (2026-02-10 23:36:07)
- IDENTITY.md: 4.2K (2026-02-10 14:38:47)
- USER.md: 716 (2026-01-31 14:22:50)
- SOUL.md: 16K (2026-02-05 00:06:27)

---

## ✅ 建议操作

- ✅ 最近 24 小时有备份
- ✅ Git 远程仓库已配置

---

**报告文件**: /root/clawd/logs/backup/backup-status-2026-02-11-2100.md
[2026-02-11 22:00:02] 检查备份状态...
[2026-02-11 22:00:02] ✅ 备份状态报告已生成: /root/clawd/logs/backup/backup-status-2026-02-11-2200.md
[2026-02-11 22:00:02] ✅ 旧报告已清理（保留最近 7 天）
[2026-02-11 22:00:02] 
[2026-02-11 22:00:02] ==========================================
[2026-02-11 22:00:02] 备份状态报告
[2026-02-11 22:00:02] ==========================================
# 备份状态报告

**生成时间**: 2026-02-11 22:00:02

---

## 📦 每日备份状态

### 最近的备份

| 日期 | 文件 | 大小 |
|------|------|------|
 | Feb | /root/clawd/backups/daily/daily-backup-2026-02-11-0100.tar.gz | 5.5M |
 | Feb | /root/clawd/backups/daily/daily-backup-2026-02-10-1506.tar.gz | 5.4M |

### 统计

- 备份文件数: 2
- 备份总大小: 11M

---

## 🔧 Git 同步状态

### 仓库信息

- 最新提交: d60ea6d - 整合工作流完成 - 2026-02-11 0902 (2026-02-11)
- 当前分支: master
- 远程仓库: https://github.com/hhhh124hhhh/jack-portfolio.git
- 未提交更改: 772

---

## 📊 记忆文件状态

### 关键文件

- MEMORY.md: 6.6K (2026-02-10 07:09:09)
- 2026-02-10.md: 130K (2026-02-10 23:36:07)
- IDENTITY.md: 4.2K (2026-02-10 14:38:47)
- USER.md: 716 (2026-01-31 14:22:50)
- SOUL.md: 16K (2026-02-05 00:06:27)

---

## ✅ 建议操作

- ✅ 最近 24 小时有备份
- ✅ Git 远程仓库已配置

---

**报告文件**: /root/clawd/logs/backup/backup-status-2026-02-11-2200.md
[2026-02-11 23:00:01] 检查备份状态...
[2026-02-11 23:00:01] ✅ 备份状态报告已生成: /root/clawd/logs/backup/backup-status-2026-02-11-2300.md
[2026-02-11 23:00:01] ✅ 旧报告已清理（保留最近 7 天）
[2026-02-11 23:00:01] 
[2026-02-11 23:00:01] ==========================================
[2026-02-11 23:00:01] 备份状态报告
[2026-02-11 23:00:01] ==========================================
# 备份状态报告

**生成时间**: 2026-02-11 23:00:01

---

## 📦 每日备份状态

### 最近的备份

| 日期 | 文件 | 大小 |
|------|------|------|
 | Feb | /root/clawd/backups/daily/daily-backup-2026-02-11-0100.tar.gz | 5.5M |
 | Feb | /root/clawd/backups/daily/daily-backup-2026-02-10-1506.tar.gz | 5.4M |

### 统计

- 备份文件数: 2
- 备份总大小: 11M

---

## 🔧 Git 同步状态

### 仓库信息

- 最新提交: d60ea6d - 整合工作流完成 - 2026-02-11 0902 (2026-02-11)
- 当前分支: master
- 远程仓库: https://github.com/hhhh124hhhh/jack-portfolio.git
- 未提交更改: 772

---

## 📊 记忆文件状态

### 关键文件

- MEMORY.md: 6.6K (2026-02-10 07:09:09)
- 2026-02-10.md: 130K (2026-02-10 23:36:07)
- IDENTITY.md: 4.2K (2026-02-10 14:38:47)
- USER.md: 716 (2026-01-31 14:22:50)
- SOUL.md: 16K (2026-02-05 00:06:27)

---

## ✅ 建议操作

- ✅ 最近 24 小时有备份
- ✅ Git 远程仓库已配置

---

**报告文件**: /root/clawd/logs/backup/backup-status-2026-02-11-2300.md
[2026-02-12 00:00:01] 检查备份状态...
[2026-02-12 00:00:01] ✅ 备份状态报告已生成: /root/clawd/logs/backup/backup-status-2026-02-12-0000.md
[2026-02-12 00:00:01] ✅ 旧报告已清理（保留最近 7 天）
[2026-02-12 00:00:01] 
[2026-02-12 00:00:01] ==========================================
[2026-02-12 00:00:01] 备份状态报告
[2026-02-12 00:00:01] ==========================================
# 备份状态报告

**生成时间**: 2026-02-12 00:00:01

---

## 📦 每日备份状态

### 最近的备份

| 日期 | 文件 | 大小 |
|------|------|------|
 | Feb | /root/clawd/backups/daily/daily-backup-2026-02-11-0100.tar.gz | 5.5M |
 | Feb | /root/clawd/backups/daily/daily-backup-2026-02-10-1506.tar.gz | 5.4M |

### 统计

- 备份文件数: 2
- 备份总大小: 11M

---

## 🔧 Git 同步状态

### 仓库信息

- 最新提交: d60ea6d - 整合工作流完成 - 2026-02-11 0902 (2026-02-11)
- 当前分支: master
- 远程仓库: https://github.com/hhhh124hhhh/jack-portfolio.git
- 未提交更改: 773

---

## 📊 记忆文件状态

### 关键文件

- MEMORY.md: 6.6K (2026-02-10 07:09:09)
- 2026-02-10.md: 130K (2026-02-10 23:36:07)
- IDENTITY.md: 4.2K (2026-02-10 14:38:47)
- USER.md: 716 (2026-01-31 14:22:50)
- SOUL.md: 16K (2026-02-05 00:06:27)

---

## ✅ 建议操作

- ✅ 最近 24 小时有备份
- ✅ Git 远程仓库已配置

---

**报告文件**: /root/clawd/logs/backup/backup-status-2026-02-12-0000.md
[2026-02-12 01:00:01] 检查备份状态...
[2026-02-12 01:00:02] ✅ 备份状态报告已生成: /root/clawd/logs/backup/backup-status-2026-02-12-0100.md
[2026-02-12 01:00:02] ✅ 旧报告已清理（保留最近 7 天）
[2026-02-12 01:00:02] 
[2026-02-12 01:00:02] ==========================================
[2026-02-12 01:00:02] 备份状态报告
[2026-02-12 01:00:02] ==========================================
# 备份状态报告

**生成时间**: 2026-02-12 01:00:01

---

## 📦 每日备份状态

### 最近的备份

| 日期 | 文件 | 大小 |
|------|------|------|
 | Feb | /root/clawd/backups/daily/daily-backup-2026-02-11-0100.tar.gz | 5.5M |
 | Feb | /root/clawd/backups/daily/daily-backup-2026-02-10-1506.tar.gz | 5.4M |

### 统计

- 备份文件数: 2
- 备份总大小: 11M

---

## 🔧 Git 同步状态

### 仓库信息

- 最新提交: d60ea6d - 整合工作流完成 - 2026-02-11 0902 (2026-02-11)
- 当前分支: master
- 远程仓库: https://github.com/hhhh124hhhh/jack-portfolio.git
- 未提交更改: 773

---

## 📊 记忆文件状态

### 关键文件

- MEMORY.md: 6.6K (2026-02-10 07:09:09)
- 2026-02-10.md: 130K (2026-02-10 23:36:07)
- IDENTITY.md: 4.2K (2026-02-10 14:38:47)
- USER.md: 716 (2026-01-31 14:22:50)
- SOUL.md: 16K (2026-02-05 00:06:27)

---

## ✅ 建议操作

- ✅ 最近 24 小时有备份
- ✅ Git 远程仓库已配置

---

**报告文件**: /root/clawd/logs/backup/backup-status-2026-02-12-0100.md
[2026-02-12 02:00:01] 检查备份状态...
[2026-02-12 02:00:01] ✅ 备份状态报告已生成: /root/clawd/logs/backup/backup-status-2026-02-12-0200.md
[2026-02-12 02:00:01] ✅ 旧报告已清理（保留最近 7 天）
[2026-02-12 02:00:01] 
[2026-02-12 02:00:01] ==========================================
[2026-02-12 02:00:01] 备份状态报告
[2026-02-12 02:00:01] ==========================================
# 备份状态报告

**生成时间**: 2026-02-12 02:00:01

---

## 📦 每日备份状态

### 最近的备份

| 日期 | 文件 | 大小 |
|------|------|------|
 | Feb | /root/clawd/backups/daily/daily-backup-2026-02-11-0100.tar.gz | 5.5M |
 | Feb | /root/clawd/backups/daily/daily-backup-2026-02-10-1506.tar.gz | 5.4M |
 | Feb | /root/clawd/backups/daily/daily-backup-2026-02-12-0100.tar.gz | 5.5M |

### 统计

- 备份文件数: 3
- 备份总大小: 17M

---

## 🔧 Git 同步状态

### 仓库信息

- 最新提交: d60ea6d - 整合工作流完成 - 2026-02-11 0902 (2026-02-11)
- 当前分支: master
- 远程仓库: https://github.com/hhhh124hhhh/jack-portfolio.git
- 未提交更改: 774

---

## 📊 记忆文件状态

### 关键文件

- MEMORY.md: 6.6K (2026-02-10 07:09:09)
- 2026-02-10.md: 130K (2026-02-10 23:36:07)
- IDENTITY.md: 4.2K (2026-02-10 14:38:47)
- USER.md: 716 (2026-01-31 14:22:50)
- SOUL.md: 16K (2026-02-05 00:06:27)

---

## ✅ 建议操作

- ✅ 最近 24 小时有备份
- ✅ Git 远程仓库已配置

---

**报告文件**: /root/clawd/logs/backup/backup-status-2026-02-12-0200.md
[2026-02-12 03:00:01] 检查备份状态...
[2026-02-12 03:00:01] ✅ 备份状态报告已生成: /root/clawd/logs/backup/backup-status-2026-02-12-0300.md
[2026-02-12 03:00:01] ✅ 旧报告已清理（保留最近 7 天）
[2026-02-12 03:00:01] 
[2026-02-12 03:00:01] ==========================================
[2026-02-12 03:00:01] 备份状态报告
[2026-02-12 03:00:01] ==========================================
# 备份状态报告

**生成时间**: 2026-02-12 03:00:01

---

## 📦 每日备份状态

### 最近的备份

| 日期 | 文件 | 大小 |
|------|------|------|
 | Feb | /root/clawd/backups/daily/daily-backup-2026-02-11-0100.tar.gz | 5.5M |
 | Feb | /root/clawd/backups/daily/daily-backup-2026-02-10-1506.tar.gz | 5.4M |
 | Feb | /root/clawd/backups/daily/daily-backup-2026-02-12-0100.tar.gz | 5.5M |

### 统计

- 备份文件数: 3
- 备份总大小: 17M

---

## 🔧 Git 同步状态

### 仓库信息

- 最新提交: d60ea6d - 整合工作流完成 - 2026-02-11 0902 (2026-02-11)
- 当前分支: master
- 远程仓库: https://github.com/hhhh124hhhh/jack-portfolio.git
- 未提交更改: 763

---

## 📊 记忆文件状态

### 关键文件

- MEMORY.md: 6.6K (2026-02-10 07:09:09)
- 2026-02-10.md: 130K (2026-02-10 23:36:07)
- IDENTITY.md: 4.2K (2026-02-10 14:38:47)
- USER.md: 716 (2026-01-31 14:22:50)
- SOUL.md: 16K (2026-02-05 00:06:27)

---

## ✅ 建议操作

- ✅ 最近 24 小时有备份
- ✅ Git 远程仓库已配置

---

**报告文件**: /root/clawd/logs/backup/backup-status-2026-02-12-0300.md
[2026-02-12 04:00:01] 检查备份状态...
[2026-02-12 04:00:01] ✅ 备份状态报告已生成: /root/clawd/logs/backup/backup-status-2026-02-12-0400.md
[2026-02-12 04:00:01] ✅ 旧报告已清理（保留最近 7 天）
[2026-02-12 04:00:01] 
[2026-02-12 04:00:01] ==========================================
[2026-02-12 04:00:01] 备份状态报告
[2026-02-12 04:00:01] ==========================================
# 备份状态报告

**生成时间**: 2026-02-12 04:00:01

---

## 📦 每日备份状态

### 最近的备份

| 日期 | 文件 | 大小 |
|------|------|------|
 | Feb | /root/clawd/backups/daily/daily-backup-2026-02-11-0100.tar.gz | 5.5M |
 | Feb | /root/clawd/backups/daily/daily-backup-2026-02-10-1506.tar.gz | 5.4M |
 | Feb | /root/clawd/backups/daily/daily-backup-2026-02-12-0100.tar.gz | 5.5M |

### 统计

- 备份文件数: 3
- 备份总大小: 17M

---

## 🔧 Git 同步状态

### 仓库信息

- 最新提交: d60ea6d - 整合工作流完成 - 2026-02-11 0902 (2026-02-11)
- 当前分支: master
- 远程仓库: https://github.com/hhhh124hhhh/jack-portfolio.git
- 未提交更改: 764

---

## 📊 记忆文件状态

### 关键文件

- MEMORY.md: 6.6K (2026-02-10 07:09:09)
- 2026-02-10.md: 130K (2026-02-10 23:36:07)
- IDENTITY.md: 4.2K (2026-02-10 14:38:47)
- USER.md: 716 (2026-01-31 14:22:50)
- SOUL.md: 16K (2026-02-05 00:06:27)

---

## ✅ 建议操作

- ✅ 最近 24 小时有备份
- ✅ Git 远程仓库已配置

---

**报告文件**: /root/clawd/logs/backup/backup-status-2026-02-12-0400.md
[2026-02-12 05:00:01] 检查备份状态...
[2026-02-12 05:00:02] ✅ 备份状态报告已生成: /root/clawd/logs/backup/backup-status-2026-02-12-0500.md
[2026-02-12 05:00:02] ✅ 旧报告已清理（保留最近 7 天）
[2026-02-12 05:00:02] 
[2026-02-12 05:00:02] ==========================================
[2026-02-12 05:00:02] 备份状态报告
[2026-02-12 05:00:02] ==========================================
# 备份状态报告

**生成时间**: 2026-02-12 05:00:01

---

## 📦 每日备份状态

### 最近的备份

| 日期 | 文件 | 大小 |
|------|------|------|
 | Feb | /root/clawd/backups/daily/daily-backup-2026-02-11-0100.tar.gz | 5.5M |
 | Feb | /root/clawd/backups/daily/daily-backup-2026-02-10-1506.tar.gz | 5.4M |
 | Feb | /root/clawd/backups/daily/daily-backup-2026-02-12-0100.tar.gz | 5.5M |

### 统计

- 备份文件数: 3
- 备份总大小: 17M

---

## 🔧 Git 同步状态

### 仓库信息

- 最新提交: d60ea6d - 整合工作流完成 - 2026-02-11 0902 (2026-02-11)
- 当前分支: master
- 远程仓库: https://github.com/hhhh124hhhh/jack-portfolio.git
- 未提交更改: 764

---

## 📊 记忆文件状态

### 关键文件

- MEMORY.md: 6.6K (2026-02-10 07:09:09)
- 2026-02-10.md: 130K (2026-02-10 23:36:07)
- IDENTITY.md: 4.2K (2026-02-10 14:38:47)
- USER.md: 716 (2026-01-31 14:22:50)
- SOUL.md: 16K (2026-02-05 00:06:27)

---

## ✅ 建议操作

- ✅ 最近 24 小时有备份
- ✅ Git 远程仓库已配置

---

**报告文件**: /root/clawd/logs/backup/backup-status-2026-02-12-0500.md
[2026-02-12 06:00:01] 检查备份状态...
[2026-02-12 06:00:01] ✅ 备份状态报告已生成: /root/clawd/logs/backup/backup-status-2026-02-12-0600.md
[2026-02-12 06:00:01] ✅ 旧报告已清理（保留最近 7 天）
[2026-02-12 06:00:01] 
[2026-02-12 06:00:01] ==========================================
[2026-02-12 06:00:01] 备份状态报告
[2026-02-12 06:00:01] ==========================================
# 备份状态报告

**生成时间**: 2026-02-12 06:00:01

---

## 📦 每日备份状态

### 最近的备份

| 日期 | 文件 | 大小 |
|------|------|------|
 | Feb | /root/clawd/backups/daily/daily-backup-2026-02-11-0100.tar.gz | 5.5M |
 | Feb | /root/clawd/backups/daily/daily-backup-2026-02-10-1506.tar.gz | 5.4M |
 | Feb | /root/clawd/backups/daily/daily-backup-2026-02-12-0100.tar.gz | 5.5M |

### 统计

- 备份文件数: 3
- 备份总大小: 17M

---

## 🔧 Git 同步状态

### 仓库信息

- 最新提交: d60ea6d - 整合工作流完成 - 2026-02-11 0902 (2026-02-11)
- 当前分支: master
- 远程仓库: https://github.com/hhhh124hhhh/jack-portfolio.git
- 未提交更改: 764

---

## 📊 记忆文件状态

### 关键文件

- MEMORY.md: 6.6K (2026-02-10 07:09:09)
- 2026-02-10.md: 130K (2026-02-10 23:36:07)
- IDENTITY.md: 4.2K (2026-02-10 14:38:47)
- USER.md: 716 (2026-01-31 14:22:50)
- SOUL.md: 16K (2026-02-05 00:06:27)

---

## ✅ 建议操作

- ✅ 最近 24 小时有备份
- ✅ Git 远程仓库已配置

---

**报告文件**: /root/clawd/logs/backup/backup-status-2026-02-12-0600.md
[2026-02-12 07:00:01] 检查备份状态...
[2026-02-12 07:00:01] ✅ 备份状态报告已生成: /root/clawd/logs/backup/backup-status-2026-02-12-0700.md
[2026-02-12 07:00:01] ✅ 旧报告已清理（保留最近 7 天）
[2026-02-12 07:00:01] 
[2026-02-12 07:00:01] ==========================================
[2026-02-12 07:00:01] 备份状态报告
[2026-02-12 07:00:01] ==========================================
# 备份状态报告

**生成时间**: 2026-02-12 07:00:01

---

## 📦 每日备份状态

### 最近的备份

| 日期 | 文件 | 大小 |
|------|------|------|
 | Feb | /root/clawd/backups/daily/daily-backup-2026-02-11-0100.tar.gz | 5.5M |
 | Feb | /root/clawd/backups/daily/daily-backup-2026-02-10-1506.tar.gz | 5.4M |
 | Feb | /root/clawd/backups/daily/daily-backup-2026-02-12-0100.tar.gz | 5.5M |

### 统计

- 备份文件数: 3
- 备份总大小: 17M

---

## 🔧 Git 同步状态

### 仓库信息

- 最新提交: d60ea6d - 整合工作流完成 - 2026-02-11 0902 (2026-02-11)
- 当前分支: master
- 远程仓库: https://github.com/hhhh124hhhh/jack-portfolio.git
- 未提交更改: 762

---

## 📊 记忆文件状态

### 关键文件

- MEMORY.md: 6.6K (2026-02-10 07:09:09)
- 2026-02-10.md: 130K (2026-02-10 23:36:07)
- IDENTITY.md: 4.2K (2026-02-10 14:38:47)
- USER.md: 716 (2026-01-31 14:22:50)
- SOUL.md: 16K (2026-02-05 00:06:27)

---

## ✅ 建议操作

- ✅ 最近 24 小时有备份
- ✅ Git 远程仓库已配置

---

**报告文件**: /root/clawd/logs/backup/backup-status-2026-02-12-0700.md
[2026-02-12 08:00:01] 检查备份状态...
[2026-02-12 08:00:02] ✅ 备份状态报告已生成: /root/clawd/logs/backup/backup-status-2026-02-12-0800.md
[2026-02-12 08:00:02] ✅ 旧报告已清理（保留最近 7 天）
[2026-02-12 08:00:02] 
[2026-02-12 08:00:02] ==========================================
[2026-02-12 08:00:02] 备份状态报告
[2026-02-12 08:00:02] ==========================================
# 备份状态报告

**生成时间**: 2026-02-12 08:00:01

---

## 📦 每日备份状态

### 最近的备份

| 日期 | 文件 | 大小 |
|------|------|------|
 | Feb | /root/clawd/backups/daily/daily-backup-2026-02-11-0100.tar.gz | 5.5M |
 | Feb | /root/clawd/backups/daily/daily-backup-2026-02-10-1506.tar.gz | 5.4M |
 | Feb | /root/clawd/backups/daily/daily-backup-2026-02-12-0100.tar.gz | 5.5M |

### 统计

- 备份文件数: 3
- 备份总大小: 17M

---

## 🔧 Git 同步状态

### 仓库信息

- 最新提交: d60ea6d - 整合工作流完成 - 2026-02-11 0902 (2026-02-11)
- 当前分支: master
- 远程仓库: https://github.com/hhhh124hhhh/jack-portfolio.git
- 未提交更改: 764

---

## 📊 记忆文件状态

### 关键文件

- MEMORY.md: 6.6K (2026-02-10 07:09:09)
- 2026-02-10.md: 130K (2026-02-10 23:36:07)
- IDENTITY.md: 4.2K (2026-02-10 14:38:47)
- USER.md: 716 (2026-01-31 14:22:50)
- SOUL.md: 16K (2026-02-05 00:06:27)

---

## ✅ 建议操作

- ✅ 最近 24 小时有备份
- ✅ Git 远程仓库已配置

---

**报告文件**: /root/clawd/logs/backup/backup-status-2026-02-12-0800.md
[2026-02-12 09:00:01] 检查备份状态...
[2026-02-12 09:00:01] ✅ 备份状态报告已生成: /root/clawd/logs/backup/backup-status-2026-02-12-0900.md
[2026-02-12 09:00:01] ✅ 旧报告已清理（保留最近 7 天）
[2026-02-12 09:00:01] 
[2026-02-12 09:00:01] ==========================================
[2026-02-12 09:00:01] 备份状态报告
[2026-02-12 09:00:01] ==========================================
# 备份状态报告

**生成时间**: 2026-02-12 09:00:01

---

## 📦 每日备份状态

### 最近的备份

| 日期 | 文件 | 大小 |
|------|------|------|
 | Feb | /root/clawd/backups/daily/daily-backup-2026-02-11-0100.tar.gz | 5.5M |
 | Feb | /root/clawd/backups/daily/daily-backup-2026-02-10-1506.tar.gz | 5.4M |
 | Feb | /root/clawd/backups/daily/daily-backup-2026-02-12-0100.tar.gz | 5.5M |

### 统计

- 备份文件数: 3
- 备份总大小: 17M

---

## 🔧 Git 同步状态

### 仓库信息

- 最新提交: d60ea6d - 整合工作流完成 - 2026-02-11 0902 (2026-02-11)
- 当前分支: master
- 远程仓库: https://github.com/hhhh124hhhh/jack-portfolio.git
- 未提交更改: 764

---

## 📊 记忆文件状态

### 关键文件

- MEMORY.md: 6.6K (2026-02-10 07:09:09)
- 2026-02-10.md: 130K (2026-02-10 23:36:07)
- IDENTITY.md: 4.2K (2026-02-10 14:38:47)
- USER.md: 716 (2026-01-31 14:22:50)
- SOUL.md: 16K (2026-02-05 00:06:27)

---

## ✅ 建议操作

- ✅ 最近 24 小时有备份
- ✅ Git 远程仓库已配置

---

**报告文件**: /root/clawd/logs/backup/backup-status-2026-02-12-0900.md
[2026-02-12 10:00:01] 检查备份状态...
[2026-02-12 10:00:01] ✅ 备份状态报告已生成: /root/clawd/logs/backup/backup-status-2026-02-12-1000.md
[2026-02-12 10:00:01] ✅ 旧报告已清理（保留最近 7 天）
[2026-02-12 10:00:01] 
[2026-02-12 10:00:01] ==========================================
[2026-02-12 10:00:01] 备份状态报告
[2026-02-12 10:00:01] ==========================================
# 备份状态报告

**生成时间**: 2026-02-12 10:00:01

---

## 📦 每日备份状态

### 最近的备份

| 日期 | 文件 | 大小 |
|------|------|------|
 | Feb | /root/clawd/backups/daily/daily-backup-2026-02-11-0100.tar.gz | 5.5M |
 | Feb | /root/clawd/backups/daily/daily-backup-2026-02-10-1506.tar.gz | 5.4M |
 | Feb | /root/clawd/backups/daily/daily-backup-2026-02-12-0100.tar.gz | 5.5M |

### 统计

- 备份文件数: 3
- 备份总大小: 17M

---

## 🔧 Git 同步状态

### 仓库信息

- 最新提交: d60ea6d - 整合工作流完成 - 2026-02-11 0902 (2026-02-11)
- 当前分支: master
- 远程仓库: https://github.com/hhhh124hhhh/jack-portfolio.git
- 未提交更改: 764

---

## 📊 记忆文件状态

### 关键文件

- MEMORY.md: 6.6K (2026-02-10 07:09:09)
- 2026-02-10.md: 130K (2026-02-10 23:36:07)
- IDENTITY.md: 4.2K (2026-02-10 14:38:47)
- USER.md: 716 (2026-01-31 14:22:50)
- SOUL.md: 16K (2026-02-05 00:06:27)

---

## ✅ 建议操作

- ✅ 最近 24 小时有备份
- ✅ Git 远程仓库已配置

---

**报告文件**: /root/clawd/logs/backup/backup-status-2026-02-12-1000.md
