[2026-02-12 01:00:01] ==========================================
[2026-02-12 01:00:01] 每日备份任务
[2026-02-12 01:00:01] ==========================================
[2026-02-12 01:00:01] 开始时间: Thu Feb 12 01:00:01 UTC 2026
[2026-02-12 01:00:01] 备份名称: daily-backup-2026-02-12-0100
[2026-02-12 01:00:01] 
[2026-02-12 01:00:01] 创建临时目录: /tmp/tmp.X51boRrFqs
[2026-02-12 01:00:01] 
[2026-02-12 01:00:02] 复制文件...
[2026-02-12 01:00:02]   ✅ IDENTITY.md
[2026-02-12 01:00:02]   ✅ USER.md
[2026-02-12 01:00:02]   ✅ SOUL.md
[2026-02-12 01:00:02]   ✅ AGENTS.md
[2026-02-12 01:00:02]   ✅ HEARTBEAT.md
[2026-02-12 01:00:02]   ✅ TOOLS.md
[2026-02-12 01:00:02] 
[2026-02-12 01:00:02] 复制目录...
[2026-02-12 01:00:02]   ✅ memory
[2026-02-12 01:00:02]   ✅ docs
[2026-02-12 01:00:02]   ✅ data
[2026-02-12 01:00:02] 
[2026-02-12 01:00:02] 创建压缩包...
[2026-02-12 01:00:03] ✅ 压缩包创建成功
[2026-02-12 01:00:03]   文件: /root/clawd/backups/daily/daily-backup-2026-02-12-0100.tar.gz
[2026-02-12 01:00:03]   大小: 5MB
[2026-02-12 01:00:03] 
[2026-02-12 01:00:03] ✅ 临时目录已清理
[2026-02-12 01:00:03] 
[2026-02-12 01:00:03] 尝试上传到百度云...
[2026-02-12 01:00:03]   ⚠️  百度云上传功能待配置
[2026-02-12 01:00:03]   备份文件: /root/clawd/backups/daily/daily-backup-2026-02-12-0100.tar.gz
[2026-02-12 01:00:03] 
[2026-02-12 01:00:03] 清理旧备份...
[2026-02-12 01:00:03] ✅ 已清理 7 天前的备份
[2026-02-12 01:00:04]   当前备份数: 3
[2026-02-12 01:00:04] 
[2026-02-12 01:00:04] ==========================================
[2026-02-12 01:00:04] 备份完成
[2026-02-12 01:00:04] ==========================================
[2026-02-12 01:00:04] 备份文件: /root/clawd/backups/daily/daily-backup-2026-02-12-0100.tar.gz
[2026-02-12 01:00:04] 备份大小: 5MB
[2026-02-12 01:00:04] 日志文件: /root/clawd/logs/backup/daily-backup-2026-02-12-0100.log
[2026-02-12 01:00:04] 
[2026-02-12 01:00:04] 旧日志已清理（保留最近 30 天）
[2026-02-12 01:00:04] ==========================================
[2026-02-12 01:00:04] ✅ 备份摘要已更新: /root/clawd/backups/daily/daily-backup-summary.md
