[2026-02-11 01:00:01] ==========================================
[2026-02-11 01:00:02] 每日备份任务
[2026-02-11 01:00:02] ==========================================
[2026-02-11 01:00:02] 开始时间: Wed Feb 11 01:00:02 UTC 2026
[2026-02-11 01:00:02] 备份名称: daily-backup-2026-02-11-0100
[2026-02-11 01:00:02] 
[2026-02-11 01:00:02] 创建临时目录: /tmp/tmp.tBQgsmanFe
[2026-02-11 01:00:02] 
[2026-02-11 01:00:02] 复制文件...
[2026-02-11 01:00:02]   ✅ IDENTITY.md
[2026-02-11 01:00:02]   ✅ USER.md
[2026-02-11 01:00:02]   ✅ SOUL.md
[2026-02-11 01:00:02]   ✅ AGENTS.md
[2026-02-11 01:00:02]   ✅ HEARTBEAT.md
[2026-02-11 01:00:02]   ✅ TOOLS.md
[2026-02-11 01:00:02] 
[2026-02-11 01:00:02] 复制目录...
[2026-02-11 01:00:02]   ✅ memory
[2026-02-11 01:00:02]   ✅ docs
[2026-02-11 01:00:02]   ✅ data
[2026-02-11 01:00:02] 
[2026-02-11 01:00:02] 创建压缩包...
[2026-02-11 01:00:06] ✅ 压缩包创建成功
[2026-02-11 01:00:06]   文件: /root/clawd/backups/daily/daily-backup-2026-02-11-0100.tar.gz
[2026-02-11 01:00:06]   大小: 5MB
[2026-02-11 01:00:06] 
[2026-02-11 01:00:06] ✅ 临时目录已清理
[2026-02-11 01:00:06] 
[2026-02-11 01:00:06] 尝试上传到百度云...
[2026-02-11 01:00:06]   ⚠️  百度云上传功能待配置
[2026-02-11 01:00:06]   备份文件: /root/clawd/backups/daily/daily-backup-2026-02-11-0100.tar.gz
[2026-02-11 01:00:06] 
[2026-02-11 01:00:06] 清理旧备份...
[2026-02-11 01:00:06] ✅ 已清理 7 天前的备份
[2026-02-11 01:00:06]   当前备份数: 2
[2026-02-11 01:00:06] 
[2026-02-11 01:00:06] ==========================================
[2026-02-11 01:00:06] 备份完成
[2026-02-11 01:00:06] ==========================================
[2026-02-11 01:00:06] 备份文件: /root/clawd/backups/daily/daily-backup-2026-02-11-0100.tar.gz
[2026-02-11 01:00:06] 备份大小: 5MB
[2026-02-11 01:00:06] 日志文件: /root/clawd/logs/backup/daily-backup-2026-02-11-0100.log
[2026-02-11 01:00:06] 
[2026-02-11 01:00:06] 旧日志已清理（保留最近 30 天）
[2026-02-11 01:00:06] ==========================================
[2026-02-11 01:00:06] ✅ 备份摘要已更新: /root/clawd/backups/daily/daily-backup-summary.md
