[2026-02-10 15:06:57] ==========================================
[2026-02-10 15:06:57] 每日备份任务
[2026-02-10 15:06:57] ==========================================
[2026-02-10 15:06:57] 开始时间: Tue Feb 10 15:06:57 CST 2026
[2026-02-10 15:06:57] 备份名称: daily-backup-2026-02-10-1506
[2026-02-10 15:06:57] 
[2026-02-10 15:06:57] 创建临时目录: /tmp/tmp.5ET7r1xO7G
[2026-02-10 15:06:57] 
[2026-02-10 15:06:57] 复制文件...
[2026-02-10 15:06:57]   ✅ IDENTITY.md
[2026-02-10 15:06:57]   ✅ USER.md
[2026-02-10 15:06:57]   ✅ SOUL.md
[2026-02-10 15:06:57]   ✅ AGENTS.md
[2026-02-10 15:06:57]   ✅ HEARTBEAT.md
[2026-02-10 15:06:57]   ✅ TOOLS.md
[2026-02-10 15:06:57] 
[2026-02-10 15:06:57] 复制目录...
[2026-02-10 15:06:57]   ✅ memory
[2026-02-10 15:06:57]   ✅ docs
[2026-02-10 15:06:57]   ✅ data
[2026-02-10 15:06:57] 
[2026-02-10 15:06:57] 创建压缩包...
[2026-02-10 15:06:59] ✅ 压缩包创建成功
[2026-02-10 15:06:59]   文件: /root/clawd/backups/daily/daily-backup-2026-02-10-1506.tar.gz
[2026-02-10 15:06:59]   大小: 5MB
[2026-02-10 15:06:59] 
[2026-02-10 15:06:59] ✅ 临时目录已清理
[2026-02-10 15:06:59] 
[2026-02-10 15:06:59] 尝试上传到百度云...
[2026-02-10 15:06:59]   ⚠️  百度云上传功能待配置
[2026-02-10 15:06:59]   备份文件: /root/clawd/backups/daily/daily-backup-2026-02-10-1506.tar.gz
[2026-02-10 15:06:59] 
[2026-02-10 15:06:59] 清理旧备份...
[2026-02-10 15:06:59] ✅ 已清理 7 天前的备份
[2026-02-10 15:06:59]   当前备份数: 1
[2026-02-10 15:06:59] 
[2026-02-10 15:06:59] ==========================================
[2026-02-10 15:06:59] 备份完成
[2026-02-10 15:06:59] ==========================================
[2026-02-10 15:06:59] 备份文件: /root/clawd/backups/daily/daily-backup-2026-02-10-1506.tar.gz
[2026-02-10 15:06:59] 备份大小: 5MB
[2026-02-10 15:06:59] 日志文件: /root/clawd/logs/backup/daily-backup-2026-02-10-1506.log
[2026-02-10 15:06:59] 
[2026-02-10 15:06:59] 旧日志已清理（保留最近 30 天）
[2026-02-10 15:06:59] ==========================================
[2026-02-10 15:06:59] ✅ 备份摘要已更新: /root/clawd/backups/daily/daily-backup-summary.md
