2026-02-18 04:34:48 [INFO] 深夜模式（04:34），跳过通知
2026-02-18 07:36:19 [INFO] 白天模式（07:36），跳过通知（heartbeat-state 时间戳异常）
2026-02-18 08:36:27 [INFO] 白天模式检查完成
2026-02-18 09:04:00 [INFO] 白天模式（09:03），快速统计报告已执行，上下文正常
2026-02-18 10:32:48 [INFO] 白天模式（10:32），上下文正常
2026-02-18 12:03:22 [INFO] 白天模式（12:03），成就系统进度检查完成
2026-02-18 14:34:44 [INFO] 白天模式（14:34），上下文正常
2026-02-18 15:34:01 [INFO] 白天模式（15:33），上下文正常
2026-02-18 16:31:54 [INFO] 白天模式（16:31），上下文正常，Twitter API 余额不足（已知问题）
2026-02-18 17:01:47 [INFO] 白天模式（17:01），上下文正常，成就系统进度检查完成
2026-02-18 18:33:11 [INFO] 白天模式（18:32），上下文正常
2026-02-18 19:32:10 [INFO] 白天模式（19:32），上下文正常
2026-02-18 20:02:08 [INFO] 白天模式（20:02），上下文正常
2026-02-18 20:32:32 [INFO] 白天模式（20:32），上下文正常，已知问题：Twitter API 余额不足
2026-02-18 21:32:32 [INFO] 白天模式（21:32），上下文正常
2026-02-18 22:31:59 [INFO] 白天模式（22:31），上下文正常
2026-02-18 23:01:28 [INFO] 进入深夜模式（23:01），跳过通知
2026-02-19 00:00:52 [INFO] 深夜模式（00:00），跳过通知
2026-02-19 00:30:43 [INFO] 深夜模式（00:30），上下文正常
2026-02-19 01:31:06 [INFO] 深夜模式（01:30），跳过通知
2026-02-19 02:31:06 [INFO] 深夜模式（02:30），跳过通知
[2026-03-07 00:00:48] 深夜模式，跳过通知
[2026-03-07 03:01:05] 深夜模式，跳过通知
[2026-03-07 03:32:27] 深夜模式 (03:30) - 执行监工任务: 审查代理检查
