[2026-02-17 23:32] 深夜模式，跳过通知任务
[2026-02-18 00:01] 深夜模式，跳过通知任务
[2026-02-18 00:31] 深夜模式，跳过通知任务
[2026-02-18 01:01] 深夜模式，跳过通知任务
[2026-02-18 01:31] 深夜模式，跳过通知任务
[2026-02-18 02:00] 深夜模式，跳过通知任务
[2026-02-18 03:01] 深夜模式，跳过通知任务
[2026-02-18 03:30] 深夜模式，跳过通知任务
[2026-02-21 04:02:26] 深夜模式（04:02），跳过通知任务
[2026-02-21 05:02:25] 深夜模式（05:02），跳过通知任务
[2026-02-21 05:32:24] 深夜模式（05:32），跳过通知任务
[2026-02-21 06:02:25] 深夜模式（06:02），跳过通知任务
[2026-02-21 06:32:24] 深夜模式（06:32），跳过通知任务
[2026-02-21 07:02:25] 深夜模式结束（07:02），跳过通知任务
[2026-02-21 07:36:31] 白天模式，上下文正常，无需通知
[2026-02-21 08:05:50] 白天模式，上下文正常，无需通知
[2026-02-21 08:22:42] 白天模式，上下文正常，无需通知
[2026-02-21 08:31:55] 白天模式，上下文正常，无需通知
[2026-02-21 15:52:20] 白天模式，完成检查（成就系统）
[2026-02-21 20:31:24] 白天模式，上下文正常，无紧急通知
[2026-02-21 21:02:34] 白天模式，完成检查（成就系统）
[2026-02-21 21:03:51] 白天模式，上下文正常，无紧急通知
