=== GLM-5 接入状态检查 ===
检查时间: 2026-02-13 09:00:01

检查 GLM-5 模型接入状态...
尝试: openclaw session-status model=zai/glm-5
---

检查完成。日志已保存到: /root/clawd/memory/glm5-monitor/check-log.txt

=== GLM-5 接入状态检查 ===
检查时间: 2026-02-14 09:00:01

检查 GLM-5 模型接入状态...
尝试: openclaw session-status model=zai/glm-5
---

检查完成。日志已保存到: /root/clawd/memory/glm5-monitor/check-log.txt

=== GLM-5 接入状态检查 ===
检查时间: 2026-02-15 09:00:01

检查 GLM-5 模型接入状态...
尝试: openclaw session-status model=zai/glm-5
---

检查完成。日志已保存到: /root/clawd/memory/glm5-monitor/check-log.txt

=== GLM-5 接入状态检查 ===
检查时间: 2026-02-16 09:00:01

检查 GLM-5 模型接入状态...
尝试: openclaw session-status model=zai/glm-5
---

检查完成。日志已保存到: /root/clawd/memory/glm5-monitor/check-log.txt

=== GLM-5 接入状态检查 ===
检查时间: 2026-02-17 09:00:01

检查 GLM-5 模型接入状态...
尝试: openclaw session-status model=zai/glm-5
---

检查完成。日志已保存到: /root/clawd/memory/glm5-monitor/check-log.txt

=== GLM-5 接入状态检查 ===
检查时间: 2026-02-18 09:00:01

检查 GLM-5 模型接入状态...
尝试: openclaw session-status model=zai/glm-5
---

检查完成。日志已保存到: /root/clawd/memory/glm5-monitor/check-log.txt

=== GLM-5 接入状态检查 ===
检查时间: 2026-02-19 09:00:01

检查 GLM-5 模型接入状态...
尝试: openclaw session-status model=zai/glm-5
---

检查完成。日志已保存到: /root/clawd/memory/glm5-monitor/check-log.txt

=== GLM-5 接入状态检查 ===
检查时间: 2026-02-20 09:00:01

检查 GLM-5 模型接入状态...
尝试: openclaw session-status model=zai/glm-5
---

检查完成。日志已保存到: /root/clawd/memory/glm5-monitor/check-log.txt

=== GLM-5 接入状态检查 ===
检查时间: 2026-02-21 09:00:01

检查 GLM-5 模型接入状态...
尝试: openclaw session-status model=zai/glm-5
---

检查完成。日志已保存到: /root/clawd/memory/glm5-monitor/check-log.txt

=== GLM-5 接入状态检查 ===
检查时间: 2026-02-22 09:00:01

检查 GLM-5 模型接入状态...
尝试: openclaw session-status model=zai/glm-5
---

检查完成。日志已保存到: /root/clawd/memory/glm5-monitor/check-log.txt

=== GLM-5 接入状态检查 ===
检查时间: 2026-02-23 09:00:01

检查 GLM-5 模型接入状态...
尝试: openclaw session-status model=zai/glm-5
---

检查完成。日志已保存到: /root/clawd/memory/glm5-monitor/check-log.txt

=== GLM-5 接入状态检查 ===
检查时间: 2026-02-24 09:00:01

检查 GLM-5 模型接入状态...
尝试: openclaw session-status model=zai/glm-5
---

检查完成。日志已保存到: /root/clawd/memory/glm5-monitor/check-log.txt

=== GLM-5 接入状态检查 ===
检查时间: 2026-02-25 09:00:01

检查 GLM-5 模型接入状态...
尝试: openclaw session-status model=zai/glm-5
---

检查完成。日志已保存到: /root/clawd/memory/glm5-monitor/check-log.txt

=== GLM-5 接入状态检查 ===
检查时间: 2026-02-26 09:00:01

检查 GLM-5 模型接入状态...
尝试: openclaw session-status model=zai/glm-5
---

检查完成。日志已保存到: /root/clawd/memory/glm5-monitor/check-log.txt

=== GLM-5 接入状态检查 ===
检查时间: 2026-02-27 09:00:02

检查 GLM-5 模型接入状态...
尝试: openclaw session-status model=zai/glm-5
---

检查完成。日志已保存到: /root/clawd/memory/glm5-monitor/check-log.txt

=== GLM-5 接入状态检查 ===
检查时间: 2026-02-28 09:00:01

检查 GLM-5 模型接入状态...
尝试: openclaw session-status model=zai/glm-5
---

检查完成。日志已保存到: /root/clawd/memory/glm5-monitor/check-log.txt

=== GLM-5 接入状态检查 ===
检查时间: 2026-03-01 09:00:01

检查 GLM-5 模型接入状态...
尝试: openclaw session-status model=zai/glm-5
---

检查完成。日志已保存到: /root/clawd/memory/glm5-monitor/check-log.txt

=== GLM-5 接入状态检查 ===
检查时间: 2026-03-02 09:00:01

检查 GLM-5 模型接入状态...
尝试: openclaw session-status model=zai/glm-5
---

检查完成。日志已保存到: /root/clawd/memory/glm5-monitor/check-log.txt

=== GLM-5 接入状态检查 ===
检查时间: 2026-03-03 09:00:01

检查 GLM-5 模型接入状态...
尝试: openclaw session-status model=zai/glm-5
---

检查完成。日志已保存到: /root/clawd/memory/glm5-monitor/check-log.txt

=== GLM-5 接入状态检查 ===
检查时间: 2026-03-04 09:00:01

检查 GLM-5 模型接入状态...
尝试: openclaw session-status model=zai/glm-5
---

检查完成。日志已保存到: /root/clawd/memory/glm5-monitor/check-log.txt

=== GLM-5 接入状态检查 ===
检查时间: 2026-03-05 09:00:01

检查 GLM-5 模型接入状态...
尝试: openclaw session-status model=zai/glm-5
---

检查完成。日志已保存到: /root/clawd/memory/glm5-monitor/check-log.txt

=== GLM-5 接入状态检查 ===
检查时间: 2026-03-06 09:00:01

检查 GLM-5 模型接入状态...
尝试: openclaw session-status model=zai/glm-5
---

检查完成。日志已保存到: /root/clawd/memory/glm5-monitor/check-log.txt

=== GLM-5 接入状态检查 ===
检查时间: 2026-03-07 09:00:01

检查 GLM-5 模型接入状态...
尝试: openclaw session-status model=zai/glm-5
---

检查完成。日志已保存到: /root/clawd/memory/glm5-monitor/check-log.txt

=== GLM-5 接入状态检查 ===
检查时间: 2026-03-08 09:00:01

检查 GLM-5 模型接入状态...
尝试: openclaw session-status model=zai/glm-5
---

检查完成。日志已保存到: /root/clawd/memory/glm5-monitor/check-log.txt

=== GLM-5 接入状态检查 ===
检查时间: 2026-03-09 09:00:01

检查 GLM-5 模型接入状态...
尝试: openclaw session-status model=zai/glm-5
---

检查完成。日志已保存到: /root/clawd/memory/glm5-monitor/check-log.txt

=== GLM-5 接入状态检查 ===
检查时间: 2026-03-10 09:00:01

检查 GLM-5 模型接入状态...
尝试: openclaw session-status model=zai/glm-5
---

检查完成。日志已保存到: /root/clawd/memory/glm5-monitor/check-log.txt

=== GLM-5 接入状态检查 ===
检查时间: 2026-03-11 09:00:01

检查 GLM-5 模型接入状态...
尝试: openclaw session-status model=zai/glm-5
---

检查完成。日志已保存到: /root/clawd/memory/glm5-monitor/check-log.txt

=== GLM-5 接入状态检查 ===
检查时间: 2026-03-12 09:00:01

检查 GLM-5 模型接入状态...
尝试: openclaw session-status model=zai/glm-5
---

检查完成。日志已保存到: /root/clawd/memory/glm5-monitor/check-log.txt

=== GLM-5 接入状态检查 ===
检查时间: 2026-03-13 09:00:01

检查 GLM-5 模型接入状态...
尝试: openclaw session-status model=zai/glm-5
---

检查完成。日志已保存到: /root/clawd/memory/glm5-monitor/check-log.txt

=== GLM-5 接入状态检查 ===
检查时间: 2026-03-14 09:00:01

检查 GLM-5 模型接入状态...
尝试: openclaw session-status model=zai/glm-5
---

检查完成。日志已保存到: /root/clawd/memory/glm5-monitor/check-log.txt

=== GLM-5 接入状态检查 ===
检查时间: 2026-03-15 09:00:01

检查 GLM-5 模型接入状态...
尝试: openclaw session-status model=zai/glm-5
---

检查完成。日志已保存到: /root/clawd/memory/glm5-monitor/check-log.txt

=== GLM-5 接入状态检查 ===
检查时间: 2026-03-16 09:00:01

检查 GLM-5 模型接入状态...
尝试: openclaw session-status model=zai/glm-5
---

检查完成。日志已保存到: /root/clawd/memory/glm5-monitor/check-log.txt

=== GLM-5 接入状态检查 ===
检查时间: 2026-03-17 09:00:01

检查 GLM-5 模型接入状态...
尝试: openclaw session-status model=zai/glm-5
---

检查完成。日志已保存到: /root/clawd/memory/glm5-monitor/check-log.txt

=== GLM-5 接入状态检查 ===
检查时间: 2026-03-18 09:00:01

检查 GLM-5 模型接入状态...
尝试: openclaw session-status model=zai/glm-5
---

检查完成。日志已保存到: /root/clawd/memory/glm5-monitor/check-log.txt

=== GLM-5 接入状态检查 ===
检查时间: 2026-03-19 09:00:01

检查 GLM-5 模型接入状态...
尝试: openclaw session-status model=zai/glm-5
---

检查完成。日志已保存到: /root/clawd/memory/glm5-monitor/check-log.txt

=== GLM-5 接入状态检查 ===
检查时间: 2026-03-20 09:00:01

检查 GLM-5 模型接入状态...
尝试: openclaw session-status model=zai/glm-5
---

检查完成。日志已保存到: /root/clawd/memory/glm5-monitor/check-log.txt

=== GLM-5 接入状态检查 ===
检查时间: 2026-03-21 09:00:01

检查 GLM-5 模型接入状态...
尝试: openclaw session-status model=zai/glm-5
---

检查完成。日志已保存到: /root/clawd/memory/glm5-monitor/check-log.txt

=== GLM-5 接入状态检查 ===
检查时间: 2026-03-22 09:00:01

检查 GLM-5 模型接入状态...
尝试: openclaw session-status model=zai/glm-5
---

检查完成。日志已保存到: /root/clawd/memory/glm5-monitor/check-log.txt

=== GLM-5 接入状态检查 ===
检查时间: 2026-03-23 09:00:01

检查 GLM-5 模型接入状态...
尝试: openclaw session-status model=zai/glm-5
---

检查完成。日志已保存到: /root/clawd/memory/glm5-monitor/check-log.txt

=== GLM-5 接入状态检查 ===
检查时间: 2026-03-24 09:00:01

检查 GLM-5 模型接入状态...
尝试: openclaw session-status model=zai/glm-5
---

检查完成。日志已保存到: /root/clawd/memory/glm5-monitor/check-log.txt

=== GLM-5 接入状态检查 ===
检查时间: 2026-03-25 09:00:01

检查 GLM-5 模型接入状态...
尝试: openclaw session-status model=zai/glm-5
---

检查完成。日志已保存到: /root/clawd/memory/glm5-monitor/check-log.txt

=== GLM-5 接入状态检查 ===
检查时间: 2026-03-26 09:00:01

检查 GLM-5 模型接入状态...
尝试: openclaw session-status model=zai/glm-5
---

检查完成。日志已保存到: /root/clawd/memory/glm5-monitor/check-log.txt

=== GLM-5 接入状态检查 ===
检查时间: 2026-03-27 09:00:01

检查 GLM-5 模型接入状态...
尝试: openclaw session-status model=zai/glm-5
---

检查完成。日志已保存到: /root/clawd/memory/glm5-monitor/check-log.txt

=== GLM-5 接入状态检查 ===
检查时间: 2026-03-28 09:00:01

检查 GLM-5 模型接入状态...
尝试: openclaw session-status model=zai/glm-5
---

检查完成。日志已保存到: /root/clawd/memory/glm5-monitor/check-log.txt

=== GLM-5 接入状态检查 ===
检查时间: 2026-03-29 09:00:01

检查 GLM-5 模型接入状态...
尝试: openclaw session-status model=zai/glm-5
---

检查完成。日志已保存到: /root/clawd/memory/glm5-monitor/check-log.txt

=== GLM-5 接入状态检查 ===
检查时间: 2026-03-30 09:00:01

检查 GLM-5 模型接入状态...
尝试: openclaw session-status model=zai/glm-5
---

检查完成。日志已保存到: /root/clawd/memory/glm5-monitor/check-log.txt

=== GLM-5 接入状态检查 ===
检查时间: 2026-03-31 09:00:01

检查 GLM-5 模型接入状态...
尝试: openclaw session-status model=zai/glm-5
---

检查完成。日志已保存到: /root/clawd/memory/glm5-monitor/check-log.txt

=== GLM-5 接入状态检查 ===
检查时间: 2026-04-01 09:00:01

检查 GLM-5 模型接入状态...
尝试: openclaw session-status model=zai/glm-5
---

检查完成。日志已保存到: /root/clawd/memory/glm5-monitor/check-log.txt

=== GLM-5 接入状态检查 ===
检查时间: 2026-04-02 09:00:01

检查 GLM-5 模型接入状态...
尝试: openclaw session-status model=zai/glm-5
---

检查完成。日志已保存到: /root/clawd/memory/glm5-monitor/check-log.txt

=== GLM-5 接入状态检查 ===
检查时间: 2026-04-03 09:00:01

检查 GLM-5 模型接入状态...
尝试: openclaw session-status model=zai/glm-5
---

检查完成。日志已保存到: /root/clawd/memory/glm5-monitor/check-log.txt

=== GLM-5 接入状态检查 ===
检查时间: 2026-04-04 09:00:01

检查 GLM-5 模型接入状态...
尝试: openclaw session-status model=zai/glm-5
---

检查完成。日志已保存到: /root/clawd/memory/glm5-monitor/check-log.txt

=== GLM-5 接入状态检查 ===
检查时间: 2026-04-05 09:00:01

检查 GLM-5 模型接入状态...
尝试: openclaw session-status model=zai/glm-5
---

检查完成。日志已保存到: /root/clawd/memory/glm5-monitor/check-log.txt

=== GLM-5 接入状态检查 ===
检查时间: 2026-04-06 09:00:01

检查 GLM-5 模型接入状态...
尝试: openclaw session-status model=zai/glm-5
---

检查完成。日志已保存到: /root/clawd/memory/glm5-monitor/check-log.txt

=== GLM-5 接入状态检查 ===
检查时间: 2026-04-07 09:00:01

检查 GLM-5 模型接入状态...
尝试: openclaw session-status model=zai/glm-5
---

检查完成。日志已保存到: /root/clawd/memory/glm5-monitor/check-log.txt

=== GLM-5 接入状态检查 ===
检查时间: 2026-04-08 09:00:01

检查 GLM-5 模型接入状态...
尝试: openclaw session-status model=zai/glm-5
---

检查完成。日志已保存到: /root/clawd/memory/glm5-monitor/check-log.txt

=== GLM-5 接入状态检查 ===
检查时间: 2026-04-09 09:00:01

检查 GLM-5 模型接入状态...
尝试: openclaw session-status model=zai/glm-5
---

检查完成。日志已保存到: /root/clawd/memory/glm5-monitor/check-log.txt

=== GLM-5 接入状态检查 ===
检查时间: 2026-04-10 09:00:01

检查 GLM-5 模型接入状态...
尝试: openclaw session-status model=zai/glm-5
---

检查完成。日志已保存到: /root/clawd/memory/glm5-monitor/check-log.txt

=== GLM-5 接入状态检查 ===
检查时间: 2026-04-11 09:00:01

检查 GLM-5 模型接入状态...
尝试: openclaw session-status model=zai/glm-5
---

检查完成。日志已保存到: /root/clawd/memory/glm5-monitor/check-log.txt

=== GLM-5 接入状态检查 ===
检查时间: 2026-04-12 09:00:01

检查 GLM-5 模型接入状态...
尝试: openclaw session-status model=zai/glm-5
---

检查完成。日志已保存到: /root/clawd/memory/glm5-monitor/check-log.txt

=== GLM-5 接入状态检查 ===
检查时间: 2026-04-13 09:00:01

检查 GLM-5 模型接入状态...
尝试: openclaw session-status model=zai/glm-5
---

检查完成。日志已保存到: /root/clawd/memory/glm5-monitor/check-log.txt

=== GLM-5 接入状态检查 ===
检查时间: 2026-04-14 09:00:01

检查 GLM-5 模型接入状态...
尝试: openclaw session-status model=zai/glm-5
---

检查完成。日志已保存到: /root/clawd/memory/glm5-monitor/check-log.txt

=== GLM-5 接入状态检查 ===
检查时间: 2026-04-15 09:00:01

检查 GLM-5 模型接入状态...
尝试: openclaw session-status model=zai/glm-5
---

检查完成。日志已保存到: /root/clawd/memory/glm5-monitor/check-log.txt

=== GLM-5 接入状态检查 ===
检查时间: 2026-04-16 09:00:01

检查 GLM-5 模型接入状态...
尝试: openclaw session-status model=zai/glm-5
---

检查完成。日志已保存到: /root/clawd/memory/glm5-monitor/check-log.txt

=== GLM-5 接入状态检查 ===
检查时间: 2026-04-17 09:00:01

检查 GLM-5 模型接入状态...
尝试: openclaw session-status model=zai/glm-5
---

检查完成。日志已保存到: /root/clawd/memory/glm5-monitor/check-log.txt

=== GLM-5 接入状态检查 ===
检查时间: 2026-04-18 09:00:01

检查 GLM-5 模型接入状态...
尝试: openclaw session-status model=zai/glm-5
---

检查完成。日志已保存到: /root/clawd/memory/glm5-monitor/check-log.txt

=== GLM-5 接入状态检查 ===
检查时间: 2026-04-19 09:00:01

检查 GLM-5 模型接入状态...
尝试: openclaw session-status model=zai/glm-5
---

检查完成。日志已保存到: /root/clawd/memory/glm5-monitor/check-log.txt

=== GLM-5 接入状态检查 ===
检查时间: 2026-04-20 09:00:01

检查 GLM-5 模型接入状态...
尝试: openclaw session-status model=zai/glm-5
---

检查完成。日志已保存到: /root/clawd/memory/glm5-monitor/check-log.txt

=== GLM-5 接入状态检查 ===
检查时间: 2026-04-21 09:00:01

检查 GLM-5 模型接入状态...
尝试: openclaw session-status model=zai/glm-5
---

检查完成。日志已保存到: /root/clawd/memory/glm5-monitor/check-log.txt

=== GLM-5 接入状态检查 ===
检查时间: 2026-04-22 09:00:01

检查 GLM-5 模型接入状态...
尝试: openclaw session-status model=zai/glm-5
---

检查完成。日志已保存到: /root/cla=== GLM-5 接入状态检查 ===
检查时间: 2026-05-01 09:00:01

检查 GLM-5 模型接入状态...
尝试: openclaw session-status model=zai/glm-5
---

检查完成。日志已保存到: /root/clawd/memory/glm5-monitor/check-log.txt

=== GLM-5 接入状态检查 ===
检查时间: 2026-05-02 09:00:01

检查 GLM-5 模型接入状态...
尝试: openclaw session-status model=zai/glm-5
---

检查完成。日志已保存到: /root/clawd/memory/glm5-monitor/check-log.txt

=== GLM-5 接入状态检查 ===
检查时间: 2026-05-03 09:00:01

检查 GLM-5 模型接入状态...
尝试: openclaw session-status model=zai/glm-5
---

检查完成。日志已保存到: /root/clawd/memory/glm5-monitor/check-log.txt

=== GLM-5 接入状态检查 ===
检查时间: 2026-05-04 09:00:01

检查 GLM-5 模型接入状态...
尝试: openclaw session-status model=zai/glm-5
---

检查完成。日志已保存到: /root/clawd/memory/glm5-monitor/check-log.txt

=== GLM-5 接入状态检查 ===
检查时间: 2026-05-05 09:00:01

检查 GLM-5 模型接入状态...
尝试: openclaw session-status model=zai/glm-5
---

检查完成。日志已保存到: /root/clawd/memory/glm5-monitor/check-log.txt

=== GLM-5 接入状态检查 ===
检查时间: 2026-05-06 09:00:01

检查 GLM-5 模型接入状态...
尝试: openclaw session-status model=zai/glm-5
---

检查完成。日志已保存到: /root/clawd/memory/glm5-monitor/check-log.txt

=== GLM-5 接入状态检查 ===
检查时间: 2026-05-07 09:00:01

检查 GLM-5 模型接入状态...
尝试: openclaw session-status model=zai/glm-5
---

检查完成。日志已保存到: /root/clawd/memory/glm5-monitor/check-log.txt

=== GLM-5 接入状态检查 ===
检查时间: 2026-05-08 09:00:01

检查 GLM-5 模型接入状态...
尝试: openclaw session-status model=zai/glm-5
---

检查完成。日志已保存到: /root/clawd/memory/glm5-monitor/check-log.txt

=== GLM-5 接入状态检查 ===
检查时间: 2026-05-09 09:00:01

检查 GLM-5 模型接入状态...
尝试: openclaw session-status model=zai/glm-5
---

检查完成。日志已保存到: /root/clawd/memory/glm5-monitor/check-log.txt

=== GLM-5 接入状态检查 ===
检查时间: 2026-05-10 09:00:01

检查 GLM-5 模型接入状态...
尝试: openclaw session-status model=zai/glm-5
---

检查完成。日志已保存到: /root/clawd/memory/glm5-monitor/check-log.txt

=== GLM-5 接入状态检查 ===
检查时间: 2026-05-11 09:00:01

检查 GLM-5 模型接入状态...
尝试: openclaw session-status model=zai/glm-5
---

检查完成。日志已保存到: /root/clawd/memory/glm5-monitor/check-log.txt

=== GLM-5 接入状态检查 ===
检查时间: 2026-05-12 09:00:01

检查 GLM-5 模型接入状态...
尝试: openclaw session-status model=zai/glm-5
---

检查完成。日志已保存到: /root/clawd/memory/glm5-monitor/check-log.txt

=== GLM-5 接入状态检查 ===
检查时间: 2026-05-13 09:00:01

检查 GLM-5 模型接入状态...
尝试: openclaw session-status model=zai/glm-5
---

检查完成。日志已保存到: /root/clawd/memory/glm5-monitor/check-log.txt

=== GLM-5 接入状态检查 ===
检查时间: 2026-05-14 09:00:01

检查 GLM-5 模型接入状态...
尝试: openclaw session-status model=zai/glm-5
---

检查完成。日志已保存到: /root/clawd/memory/glm5-monitor/check-log.txt

=== GLM-5 接入状态检查 ===
检查时间: 2026-05-15 09:00:01

检查 GLM-5 模型接入状态...
尝试: openclaw session-status model=zai/glm-5
---

检查完成。日志已保存到: /root/clawd/memory/glm5-monitor/check-log.txt

=== GLM-5 接入状态检查 ===
检查时间: 2026-05-16 09:00:01

检查 GLM-5 模型接入状态...
尝试: openclaw session-status model=zai/glm-5
---

检查完成。日志已保存到: /root/clawd/memory/glm5-monitor/check-log.txt

=== GLM-5 接入状态检查 ===
检查时间: 2026-05-17 09:00:01

检查 GLM-5 模型接入状态...
尝试: openclaw session-status model=zai/glm-5
---

检查完成。日志已保存到: /root/clawd/memory/glm5-monitor/check-log.txt

=== GLM-5 接入状态检查 ===
检查时间: 2026-05-18 09:00:01

检查 GLM-5 模型接入状态...
尝试: openclaw session-status model=zai/glm-5
---

检查完成。日志已保存到: /root/clawd/memory/glm5-monitor/check-log.txt

=== GLM-5 接入状态检查 ===
检查时间: 2026-05-19 09:00:01

检查 GLM-5 模型接入状态...
尝试: openclaw session-status model=zai/glm-5
---

检查完成。日志已保存到: /root/clawd/memory/glm5-monitor/check-log.txt

=== GLM-5 接入状态检查 ===
检查时间: 2026-05-20 09:00:01

检查 GLM-5 模型接入状态...
尝试: openclaw session-status model=zai/glm-5
---

检查完成。日志已保存到: /root/clawd/memory/glm5-monitor/check-log.txt

=== GLM-5 接入状态检查 ===
检查时间: 2026-05-21 09:00:01

检查 GLM-5 模型接入状态...
尝试: openclaw session-status model=zai/glm-5
---

检查完成。日志已保存到: /root/clawd/memory/glm5-monitor/check-log.txt

=== GLM-5 接入状态检查 ===
检查时间: 2026-05-22 09:00:01

检查 GLM-5 模型接入状态...
尝试: openclaw session-status model=zai/glm-5
---

检查完成。日志已保存到: /root/clawd/memory/glm5-monitor/check-log.txt

=== GLM-5 接入状态检查 ===
检查时间: 2026-05-23 09:00:01

检查 GLM-5 模型接入状态...
尝试: openclaw session-status model=zai/glm-5
---

检查完成。日志已保存到: /root/clawd/memory/glm5-monitor/check-log.txt

=== GLM-5 接入状态检查 ===
检查时间: 2026-05-24 09:00:01

检查 GLM-5 模型接入状态...
尝试: openclaw session-status model=zai/glm-5
---

检查完成。日志已保存到: /root/clawd/memory/glm5-monitor/check-log.txt

=== GLM-5 接入状态检查 ===
检查时间: 2026-05-25 09:00:01

检查 GLM-5 模型接入状态...
尝试: openclaw session-status model=zai/glm-5
---

检查完成。日志已保存到: /root/clawd/memory/glm5-monitor/check-log.txt

=== GLM-5 接入状态检查 ===
检查时间: 2026-05-26 09:00:01

检查 GLM-5 模型接入状态...
尝试: openclaw session-status model=zai/glm-5
---

检查完成。日志已保存到: /root/clawd/memory/glm5-monitor/check-log.txt

=== GLM-5 接入状态检查 ===
检查时间: 2026-05-27 09:00:01

检查 GLM-5 模型接入状态...
尝试: openclaw session-status model=zai/glm-5
---

检查完成。日志已保存到: /root/clawd/memory/glm5-monitor/check-log.txt

=== GLM-5 接入状态检查 ===
检查时间: 2026-05-28 09:00:01

检查 GLM-5 模型接入状态...
尝试: openclaw session-status model=zai/glm-5
---

检查完成。日志已保存到: /root/clawd/memory/glm5-monitor/check-log.txt

=== GLM-5 接入状态检查 ===
检查时间: 2026-05-29 09:00:01

检查 GLM-5 模型接入状态...
尝试: openclaw session-status model=zai/glm-5
---

检查完成。日志已保存到: /root/clawd/memory/glm5-monitor/check-log.txt

=== GLM-5 接入状态检查 ===
检查时间: 2026-05-30 09:00:01

检查 GLM-5 模型接入状态...
尝试: openclaw session-status model=zai/glm-5
---

检查完成。日志已保存到: /root/clawd/memory/glm5-monitor/check-log.txt

=== GLM-5 接入状态检查 ===
检查时间: 2026-05-31 09:00:01

检查 GLM-5 模型接入状态...
尝试: openclaw session-status model=zai/glm-5
---

检查完成。日志已保存到: /root/clawd/memory/glm5-monitor/check-log.txt

=== GLM-5 接入状态检查 ===
检查时间: 2026-06-01 09:00:01

检查 GLM-5 模型接入状态...
尝试: openclaw session-status model=zai/glm-5
---

检查完成。日志已保存到: /root/clawd/memory/glm5-monitor/check-log.txt

=== GLM-5 接入状态检查 ===
检查时间: 2026-06-02 09:00:01

检查 GLM-5 模型接入状态...
尝试: openclaw session-status model=zai/glm-5
---

检查完成。日志已保存到: /root/clawd/memory/glm5-monitor/check-log.txt

=== GLM-5 接入状态检查 ===
检查时间: 2026-06-03 09:00:01

检查 GLM-5 模型接入状态...
尝试: openclaw session-status model=zai/glm-5
---

检查完成。日志已保存到: /root/clawd/memory/glm5-monitor/check-log.txt

=== GLM-5 接入状态检查 ===
检查时间: 2026-06-04 09:00:01

检查 GLM-5 模型接入状态...
尝试: openclaw session-status model=zai/glm-5
---

检查完成。日志已保存到: /root/clawd/memory/glm5-monitor/check-log.txt

=== GLM-5 接入状态检查 ===
检查时间: 2026-06-05 09:00:01

检查 GLM-5 模型接入状态...
尝试: openclaw session-status model=zai/glm-5
---

检查完成。日志已保存到: /root/clawd/memory/glm5-monitor/check-log.txt

=== GLM-5 接入状态检查 ===
检查时间: 2026-06-06 09:00:01

检查 GLM-5 模型接入状态...
尝试: openclaw session-status model=zai/glm-5
---

检查完成。日志已保存到: /root/clawd/memory/glm5-monitor/check-log.txt

=== GLM-5 接入状态检查 ===
检查时间: 2026-06-07 09:00:01

检查 GLM-5 模型接入状态...
尝试: openclaw session-status model=zai/glm-5
---

检查完成。日志已保存到: /root/clawd/memory/glm5-monitor/check-log.txt

=== GLM-5 接入状态检查 ===
检查时间: 2026-06-08 09:00:01

检查 GLM-5 模型接入状态...
尝试: openclaw session-status model=zai/glm-5
---

检查完成。日志已保存到: /root/clawd/memory/glm5-monitor/check-log.txt

=== GLM-5 接入状态检查 ===
检查时间: 2026-06-09 09:00:01

检查 GLM-5 模型接入状态...
尝试: openclaw session-status model=zai/glm-5
---

检查完成。日志已保存到: /root/clawd/memory/glm5-monitor/check-log.txt

=== GLM-5 接入状态检查 ===
检查时间: 2026-06-10 09:00:01

检查 GLM-5 模型接入状态...
尝试: openclaw session-status model=zai/glm-5
---

检查完成。日志已保存到: /root/clawd/memory/glm5-monitor/check-log.txt

=== GLM-5 接入状态检查 ===
检查时间: 2026-06-11 09:00:01

检查 GLM-5 模型接入状态...
尝试: openclaw session-status model=zai/glm-5
---

检查完成。日志已保存到: /root/clawd/memory/glm5-monitor/check-log.txt

=== GLM-5 接入状态检查 ===
检查时间: 2026-06-12 09:00:01

检查 GLM-5 模型接入状态...
尝试: openclaw session-status model=zai/glm-5
---

检查完成。日志已保存到: /root/clawd/memory/glm5-monitor/check-log.txt

=== GLM-5 接入状态检查 ===
检查时间: 2026-06-13 09:00:01

检查 GLM-5 模型接入状态...
尝试: openclaw session-status model=zai/glm-5
---

检查完成。日志已保存到: /root/clawd/memory/glm5-monitor/check-log.txt

=== GLM-5 接入状态检查 ===
检查时间: 2026-06-14 09:00:01

检查 GLM-5 模型接入状态...
尝试: openclaw session-status model=zai/glm-5
---

检查完成。日志已保存到: /root/clawd/memory/glm5-monitor/check-log.txt

=== GLM-5 接入状态检查 ===
检查时间: 2026-06-15 09:00:01

检查 GLM-5 模型接入状态...
尝试: openclaw session-status model=zai/glm-5
---

检查完成。日志已保存到: /root/clawd/memory/glm5-monitor/check-log.txt

=== GLM-5 接入状态检查 ===
检查时间: 2026-06-16 09:00:01

检查 GLM-5 模型接入状态...
尝试: openclaw session-status model=zai/glm-5
---

检查完成。日志已保存到: /root/clawd/memory/glm5-monitor/check-log.txt

=== GLM-5 接入状态检查 ===
检查时间: 2026-06-17 09:00:01

检查 GLM-5 模型接入状态...
尝试: openclaw session-status model=zai/glm-5
---

检查完成。日志已保存到: /root/clawd/memory/glm5-monitor/check-log.txt

=== GLM-5 接入状态检查 ===
检查时间: 2026-06-18 09:00:01

检查 GLM-5 模型接入状态...
尝试: openclaw session-status model=zai/glm-5
---

检查完成。日志已保存到: /root/clawd/memory/glm5-monitor/check-log.txt

=== GLM-5 接入状态检查 ===
检查时间: 2026-06-19 09:00:01

检查 GLM-5 模型接入状态...
尝试: openclaw session-status model=zai/glm-5
---

检查完成。日志已保存到: /root/clawd/memory/glm5-monitor/check-log.txt

=== GLM-5 接入状态检查 ===
检查时间: 2026-06-20 09:00:01

检查 GLM-5 模型接入状态...
尝试: openclaw session-status model=zai/glm-5
---

检查完成。日志已保存到: /root/clawd/memory/glm5-monitor/check-log.txt

=== GLM-5 接入状态检查 ===
检查时间: 2026-06-21 09:00:01

检查 GLM-5 模型接入状态...
尝试: openclaw session-status model=zai/glm-5
---

检查完成。日志已保存到: /root/clawd/memory/glm5-monitor/check-log.txt

=== GLM-5 接入状态检查 ===
检查时间: 2026-06-22 09:00:01

检查 GLM-5 模型接入状态...
尝试: openclaw session-status model=zai/glm-5
---

检查完成。日志已保存到: /root/clawd/memory/glm5-monitor/check-log.txt

=== GLM-5 接入状态检查 ===
检查时间: 2026-06-23 09:00:01

检查 GLM-5 模型接入状态...
尝试: openclaw session-status model=zai/glm-5
---

检查完成。日志已保存到: /root/clawd/memory/glm5-monitor/check-log.txt

=== GLM-5 接入状态检查 ===
检查时间: 2026-06-24 09:00:01

检查 GLM-5 模型接入状态...
尝试: openclaw session-status model=zai/glm-5
---

检查完成。日志已保存到: /root/clawd/memory/glm5-monitor/check-log.txt

=== GLM-5 接入状态检查 ===
检查时间: 2026-06-25 09:00:01

检查 GLM-5 模型接入状态...
尝试: openclaw session-status model=zai/glm-5
---

检查完成。日志已保存到: /root/clawd/memory/glm5-monitor/check-log.txt

=== GLM-5 接入状态检查 ===
检查时间: 2026-06-26 09:00:01

检查 GLM-5 模型接入状态...
尝试: openclaw session-status model=zai/glm-5
---

检查完成。日志已保存到: /root/clawd/memory/glm5-monitor/check-log.txt

=== GLM-5 接入状态检查 ===
检查时间: 2026-06-27 09:00:01

检查 GLM-5 模型接入状态...
尝试: openclaw session-status model=zai/glm-5
---

检查完成。日志已保存到: /root/clawd/memory/glm5-monitor/check-log.txt

=== GLM-5 接入状态检查 ===
检查时间: 2026-06-28 09:00:01

检查 GLM-5 模型接入状态...
尝试: openclaw session-status model=zai/glm-5
---

检查完成。日志已保存到: /root/clawd/memory/glm5-monitor/check-log.txt

=== GLM-5 接入状态检查 ===
检查时间: 2026-06-29 09:00:01

检查 GLM-5 模型接入状态...
尝试: openclaw session-status model=zai/glm-5
---

检查完成。日志已保存到: /root/clawd/memory/glm5-monitor/check-log.txt

=== GLM-5 接入状态检查 ===
检查时间: 2026-06-30 09:00:01

检查 GLM-5 模型接入状态...
尝试: openclaw session-status model=zai/glm-5
---

检查完成。日志已保存到: /root/clawd/memory/glm5-monitor/check-log.txt

=== GLM-5 接入状态检查 ===
检查时间: 2026-07-01 09:00:01

检查 GLM-5 模型接入状态...
尝试: openclaw session-status model=zai/glm-5
---

检查完成。日志已保存到: /root/clawd/memory/glm5-monitor/check-log.txt

=== GLM-5 接入状态检查 ===
检查时间: 2026-07-02 09:00:01

检查 GLM-5 模型接入状态...
尝试: openclaw session-status model=zai/glm-5
---

检查完成。日志已保存到: /root/clawd/memory/glm5-monitor/check-log.txt

=== GLM-5 接入状态检查 ===
检查时间: 2026-07-03 09:00:01

检查 GLM-5 模型接入状态...
尝试: openclaw session-status model=zai/glm-5
---

检查完成。日志已保存到: /root/clawd/memory/glm5-monitor/check-log.txt

=== GLM-5 接入状态检查 ===
检查时间: 2026-07-04 09:00:01

检查 GLM-5 模型接入状态...
尝试: openclaw session-status model=zai/glm-5
---

检查完成。日志已保存到: /root/clawd/memory/glm5-monitor/check-log.txt

=== GLM-5 接入状态检查 ===
检查时间: 2026-07-05 09:00:01

检查 GLM-5 模型接入状态...
尝试: openclaw session-status model=zai/glm-5
---

检查完成。日志已保存到: /root/clawd/memory/glm5-monitor/check-log.txt

=== GLM-5 接入状态检查 ===
检查时间: 2026-07-06 09:00:01

检查 GLM-5 模型接入状态...
尝试: openclaw session-status model=zai/glm-5
---

检查完成。日志已保存到: /root/clawd/memory/glm5-monitor/check-log.txt

=== GLM-5 接入状态检查 ===
检查时间: 2026-07-07 09:00:01

检查 GLM-5 模型接入状态...
尝试: openclaw session-status model=zai/glm-5
---

检查完成。日志已保存到: /root/clawd/memory/glm5-monitor/check-log.txt

=== GLM-5 接入状态检查 ===
检查时间: 2026-07-08 09:00:01

检查 GLM-5 模型接入状态...
尝试: openclaw session-status model=zai/glm-5
---

检查完成。日志已保存到: /root/clawd/memory/glm5-monitor/check-log.txt

=== GLM-5 接入状态检查 ===
检查时间: 2026-07-09 09:00:01

检查 GLM-5 模型接入状态...
尝试: openclaw session-status model=zai/glm-5
---

检查完成。日志已保存到: /root/clawd/memory/glm5-monitor/check-log.txt

=== GLM-5 接入状态检查 ===
检查时间: 2026-07-10 09:00:01

检查 GLM-5 模型接入状态...
尝试: openclaw session-status model=zai/glm-5
---

检查完成。日志已保存到: /root/clawd/memory/glm5-monitor/check-log.txt

=== GLM-5 接入状态检查 ===
检查时间: 2026-07-11 09:00:01

检查 GLM-5 模型接入状态...
尝试: openclaw session-status model=zai/glm-5
---

检查完成。日志已保存到: /root/clawd/memory/glm5-monitor/check-log.txt

=== GLM-5 接入状态检查 ===
检查时间: 2026-07-12 09:00:01

检查 GLM-5 模型接入状态...
尝试: openclaw session-status model=zai/glm-5
---

检查完成。日志已保存到: /root/clawd/memory/glm5-monitor/check-log.txt

=== GLM-5 接入状态检查 ===
检查时间: 2026-07-13 09:00:01

检查 GLM-5 模型接入状态...
尝试: openclaw session-status model=zai/glm-5
---

检查完成。日志已保存到: /root/clawd/memory/glm5-monitor/check-log.txt

=== GLM-5 接入状态检查 ===
检查时间: 2026-07-14 09:00:01

检查 GLM-5 模型接入状态...
尝试: openclaw session-status model=zai/glm-5
---

检查完成。日志已保存到: /root/clawd/memory/glm5-monitor/check-log.txt

=== GLM-5 接入状态检查 ===
检查时间: 2026-07-15 09:00:01

检查 GLM-5 模型接入状态...
尝试: openclaw session-status model=zai/glm-5
---

检查完成。日志已保存到: /root/clawd/memory/glm5-monitor/check-log.txt

=== GLM-5 接入状态检查 ===
检查时间: 2026-07-16 09:00:01

检查 GLM-5 模型接入状态...
尝试: openclaw session-status model=zai/glm-5
---

检查完成。日志已保存到: /root/clawd/memory/glm5-monitor/check-log.txt

=== GLM-5 接入状态检查 ===
检查时间: 2026-07-17 09:00:01

检查 GLM-5 模型接入状态...
尝试: openclaw session-status model=zai/glm-5
---

检查完成。日志已保存到: /root/clawd/memory/glm5-monitor/check-log.txt

=== GLM-5 接入状态检查 ===
检查时间: 2026-07-18 09:00:01

检查 GLM-5 模型接入状态...
尝试: openclaw session-status model=zai/glm-5
---

检查完成。日志已保存到: /root/clawd/memory/glm5-monitor/check-log.txt

=== GLM-5 接入状态检查 ===
检查时间: 2026-07-19 09:00:01

检查 GLM-5 模型接入状态...
尝试: openclaw session-status model=zai/glm-5
---

检查完成。日志已保存到: /root/clawd/memory/glm5-monitor/check-log.txt

