[2026-02-05 07:50:30] [INFO] ========== AI 提示词自动化漏斗模型 - 完整工作流 ==========
[2026-02-05 07:50:30] [INFO] 配置：
[2026-02-05 07:50:30] [INFO]   - 质量阈值：60
[2026-02-05 07:50:30] [INFO]   - 测试模式：false
[2026-02-05 07:50:30] [INFO]   - 详细输出：false
[2026-02-05 07:50:30] [INFO]   - 预览模式：true
[2026-02-05 07:50:30] [INFO] 
[2026-02-05 07:50:30] [INFO] ========== Phase 1: 数据收集层 ==========
[2026-02-05 07:50:30] [INFO] 开始数据收集...
[2026-02-05 07:50:30] [INFO] [DRY RUN] 跳过数据收集
[2026-02-05 07:50:30] [SUCCESS] Phase 1: 数据收集层 完成（耗时：0 秒）
[2026-02-05 07:50:30] [INFO] ========== Phase 2: 自动分类层 ==========
[2026-02-05 07:50:30] [INFO] 开始自动分类...
[2026-02-05 07:50:30] [INFO] [DRY RUN] 跳过自动分类
[2026-02-05 07:50:30] [SUCCESS] Phase 2: 自动分类层 完成（耗时：0 秒）
[2026-02-05 07:50:30] [INFO] ========== Phase 3: 分类评分层 ==========
[2026-02-05 07:50:30] [INFO] 开始分类评分...
[2026-02-05 07:50:30] [INFO] [DRY RUN] 跳过分类评分
[2026-02-05 07:50:30] [SUCCESS] Phase 3: 分类评分层 完成（耗时：0 秒）
[2026-02-05 07:50:30] [INFO] ========== Phase 4: 质量筛选层 ==========
[2026-02-05 07:50:30] [INFO] 开始质量筛选...
[2026-02-05 07:50:30] [INFO] [DRY RUN] 跳过质量筛选
[2026-02-05 07:50:30] [SUCCESS] Phase 4: 质量筛选层 完成（耗时：0 秒）
[2026-02-05 07:50:30] [INFO] ========== Phase 5: 内容补充层 ==========
[2026-02-05 07:50:30] [INFO] 开始内容补充...
[2026-02-05 07:50:30] [INFO] [DRY RUN] 跳过内容补充
[2026-02-05 07:50:30] [SUCCESS] Phase 5: 内容补充层 完成（耗时：0 秒）
[2026-02-05 07:50:30] [INFO] ========== Phase 6: Skill 转换层 ==========
[2026-02-05 07:50:30] [INFO] 开始 Skill 转换...
[2026-02-05 07:50:30] [INFO] [DRY RUN] 跳过 Skill 转换
[2026-02-05 07:50:30] [SUCCESS] Phase 6: Skill 转换层 完成（耗时：0 秒）
[2026-02-05 07:50:30] [INFO] 
[2026-02-05 07:50:30] [SUCCESS] ========== 工作流完成 ==========
[2026-02-05 07:50:31] [SUCCESS] 总耗时：0 秒
[2026-02-05 07:50:31] [SUCCESS] 日志文件：/root/clawd/logs/ai-prompt-workflow/workflow.log
[2026-02-05 07:50:31] [INFO] 
[2026-02-05 07:50:31] [INFO] 数据目录：
[2026-02-05 07:50:31] [INFO]   - 收集数据：/root/clawd/data/prompts/collected/
[2026-02-05 07:50:31] [INFO]   - 分类数据：/root/clawd/data/prompts/classified/
[2026-02-05 07:50:31] [INFO]   - 评分数据：/root/clawd/data/prompts/scored/
[2026-02-05 07:50:31] [INFO]   - 筛选数据：/root/clawd/data/prompts/filtered/
[2026-02-05 07:50:31] [INFO]   - 补充数据：/root/clawd/data/prompts/enhanced/
[2026-02-05 07:50:31] [INFO]   - 转换数据：/root/clawd/data/prompts/converted/
[2026-02-05 07:57:25] [INFO] ========== AI 提示词自动化漏斗模型 - 完整工作流 ==========
[2026-02-05 07:57:25] [INFO] 配置：
[2026-02-05 07:57:25] [INFO]   - 质量阈值：60
[2026-02-05 07:57:25] [INFO]   - 测试模式：false
[2026-02-05 07:57:25] [INFO]   - 详细输出：false
[2026-02-05 07:57:25] [INFO]   - 预览模式：false
[2026-02-05 07:57:25] [INFO] 
[2026-02-05 07:57:25] [INFO] ========== Phase 1: 数据收集层 ==========
[2026-02-05 07:57:25] [INFO] 开始数据收集...
[2026-02-05 07:59:30] [INFO] ========== AI 提示词自动化漏斗模型 - 完整工作流 ==========
[2026-02-05 07:59:30] [INFO] 配置：
[2026-02-05 07:59:30] [INFO]   - 质量阈值：60
[2026-02-05 07:59:30] [INFO]   - 测试模式：true
[2026-02-05 07:59:30] [INFO]   - 详细输出：false
[2026-02-05 07:59:30] [INFO]   - 预览模式：false
[2026-02-05 07:59:30] [INFO] 
[2026-02-05 07:59:30] [INFO] ========== Phase 1: 数据收集层 ==========
[2026-02-05 07:59:30] [INFO] 开始数据收集...
[2026-02-05 08:11:00] [SUCCESS] 数据收集完成
[2026-02-05 08:11:00] [SUCCESS] Phase 1: 数据收集层 完成（耗时：690 秒）
[2026-02-05 08:11:00] [INFO] ========== Phase 2: 自动分类层 ==========
[2026-02-05 08:11:00] [INFO] 开始自动分类...
[2026-02-05 08:11:01] [SUCCESS] 自动分类完成
[2026-02-05 08:11:01] [SUCCESS] Phase 2: 自动分类层 完成（耗时：1 秒）
[2026-02-05 08:11:01] [INFO] ========== Phase 3: 分类评分层 ==========
[2026-02-05 08:11:01] [INFO] 开始分类评分...
[2026-02-05 08:11:01] [SUCCESS] 分类评分完成
[2026-02-05 08:11:01] [SUCCESS] Phase 3: 分类评分层 完成（耗时：0 秒）
[2026-02-05 08:11:01] [INFO] ========== Phase 4: 质量筛选层 ==========
[2026-02-05 08:11:01] [INFO] 开始质量筛选...
[2026-02-05 08:11:01] [ERROR] 质量筛选失败
[2026-02-05 08:15:46] [INFO] ========== AI 提示词自动化漏斗模型 - 完整工作流 ==========
[2026-02-05 08:15:46] [INFO] 配置：
[2026-02-05 08:15:46] [INFO]   - 质量阈值：60
[2026-02-05 08:15:46] [INFO]   - 测试模式：false
[2026-02-05 08:15:46] [INFO]   - 详细输出：false
[2026-02-05 08:15:46] [INFO]   - 预览模式：false
[2026-02-05 08:15:46] [INFO] 
[2026-02-05 08:15:46] [INFO] ========== Phase 1: 数据收集层 ==========
[2026-02-05 08:15:46] [INFO] 开始数据收集...
[2026-02-05 08:27:17] [SUCCESS] 数据收集完成
[2026-02-05 08:27:17] [SUCCESS] Phase 1: 数据收集层 完成（耗时：691 秒）
[2026-02-05 08:27:17] [INFO] ========== Phase 2: 自动分类层 ==========
[2026-02-05 08:27:17] [INFO] 开始自动分类...
[2026-02-05 08:27:17] [SUCCESS] 自动分类完成
[2026-02-05 08:27:17] [SUCCESS] Phase 2: 自动分类层 完成（耗时：0 秒）
[2026-02-05 08:27:17] [INFO] ========== Phase 3: 分类评分层 ==========
[2026-02-05 08:27:17] [INFO] 开始分类评分...
[2026-02-05 08:27:17] [SUCCESS] 分类评分完成
[2026-02-05 08:27:17] [SUCCESS] Phase 3: 分类评分层 完成（耗时：0 秒）
[2026-02-05 08:27:17] [INFO] ========== Phase 4: 质量筛选层 ==========
[2026-02-05 08:27:17] [INFO] 开始质量筛选...
[2026-02-05 08:27:17] [ERROR] 质量筛选失败
[2026-02-19 09:01:23] [INFO] ========== AI 提示词自动化漏斗模型 - 完整工作流 ==========
[2026-02-19 09:01:23] [INFO] 配置：
[2026-02-19 09:01:23] [INFO]   - 质量阈值：60
[2026-02-19 09:01:23] [INFO]   - 测试模式：false
[2026-02-19 09:01:23] [INFO]   - 详细输出：false
[2026-02-19 09:01:23] [INFO]   - 预览模式：false
[2026-02-19 09:01:23] [INFO] 
[2026-02-19 09:01:23] [INFO] ========== Phase 1: 数据收集层 ==========
[2026-02-19 09:01:23] [INFO] 开始数据收集...
[2026-02-19 09:12:54] [SUCCESS] 数据收集完成
[2026-02-19 09:12:54] [SUCCESS] Phase 1: 数据收集层 完成（耗时：691 秒）
[2026-02-19 09:12:54] [INFO] ========== Phase 2: 自动分类层 ==========
[2026-02-19 09:12:54] [INFO] 开始自动分类...
[2026-02-19 09:12:54] [SUCCESS] 自动分类完成
[2026-02-19 09:12:54] [SUCCESS] Phase 2: 自动分类层 完成（耗时：0 秒）
[2026-02-19 09:12:54] [INFO] ========== Phase 3: 分类评分层 ==========
[2026-02-19 09:12:54] [INFO] 开始分类评分...
[2026-02-19 09:12:54] [SUCCESS] 分类评分完成
[2026-02-19 09:12:54] [SUCCESS] Phase 3: 分类评分层 完成（耗时：0 秒）
[2026-02-19 09:12:54] [INFO] ========== Phase 4: 质量筛选层 ==========
[2026-02-19 09:12:54] [INFO] 开始质量筛选...
[2026-02-19 09:12:54] [SUCCESS] 质量筛选完成
[2026-02-19 09:12:54] [SUCCESS] Phase 4: 质量筛选层 完成（耗时：0 秒）
[2026-02-19 09:12:54] [INFO] ========== Phase 5: 内容补充层 ==========
[2026-02-19 09:12:54] [INFO] 开始内容补充...
[2026-02-19 09:12:54] [SUCCESS] 内容补充完成
[2026-02-19 09:12:54] [SUCCESS] Phase 5: 内容补充层 完成（耗时：0 秒）
[2026-02-19 09:12:54] [INFO] ========== Phase 6: Skill 转换层 ==========
[2026-02-19 09:12:54] [INFO] 开始 Skill 转换...
[2026-02-19 09:12:54] [SUCCESS] Skill 转换完成
[2026-02-19 09:12:54] [SUCCESS] Phase 6: Skill 转换层 完成（耗时：0 秒）
[2026-02-19 09:12:54] [INFO] 
[2026-02-19 09:12:54] [SUCCESS] ========== 工作流完成 ==========
[2026-02-19 09:12:54] [SUCCESS] 总耗时：691 秒
[2026-02-19 09:12:54] [SUCCESS] 日志文件：/root/clawd/logs/ai-prompt-workflow/workflow.log
[2026-02-19 09:12:54] [INFO] 
[2026-02-19 09:12:55] [INFO] 数据目录：
[2026-02-19 09:12:55] [INFO]   - 收集数据：/root/clawd/data/prompts/collected/
[2026-02-19 09:12:55] [INFO]   - 分类数据：/root/clawd/data/prompts/classified/
[2026-02-19 09:12:55] [INFO]   - 评分数据：/root/clawd/data/prompts/scored/
[2026-02-19 09:12:55] [INFO]   - 筛选数据：/root/clawd/data/prompts/filtered/
[2026-02-19 09:12:55] [INFO]   - 补充数据：/root/clawd/data/prompts/enhanced/
[2026-02-19 09:12:55] [INFO]   - 转换数据：/root/clawd/data/prompts/converted/
[2026-03-02 09:01:26] [INFO] ========== AI 提示词自动化漏斗模型 - 完整工作流 ==========
[2026-03-02 09:01:26] [INFO] 配置：
[2026-03-02 09:01:26] [INFO]   - 质量阈值：60
[2026-03-02 09:01:26] [INFO]   - 测试模式：false
[2026-03-02 09:01:26] [INFO]   - 详细输出：false
[2026-03-02 09:01:26] [INFO]   - 预览模式：false
[2026-03-02 09:01:26] [INFO] 
[2026-03-02 09:01:26] [INFO] ========== Phase 1: 数据收集层 ==========
[2026-03-02 09:01:26] [INFO] 开始数据收集...
[2026-03-02 09:12:57] [SUCCESS] 数据收集完成
[2026-03-02 09:12:57] [SUCCESS] Phase 1: 数据收集层 完成（耗时：691 秒）
[2026-03-02 09:12:57] [INFO] ========== Phase 2: 自动分类层 ==========
[2026-03-02 09:12:57] [INFO] 开始自动分类...
[2026-03-02 09:12:57] [SUCCESS] 自动分类完成
[2026-03-02 09:12:57] [SUCCESS] Phase 2: 自动分类层 完成（耗时：0 秒）
[2026-03-02 09:12:57] [INFO] ========== Phase 3: 分类评分层 ==========
[2026-03-02 09:12:57] [INFO] 开始分类评分...
[2026-03-02 09:12:57] [SUCCESS] 分类评分完成
[2026-03-02 09:12:57] [SUCCESS] Phase 3: 分类评分层 完成（耗时：0 秒）
[2026-03-02 09:12:57] [INFO] ========== Phase 4: 质量筛选层 ==========
[2026-03-02 09:12:57] [INFO] 开始质量筛选...
[2026-03-02 09:12:58] [SUCCESS] 质量筛选完成
[2026-03-02 09:12:58] [SUCCESS] Phase 4: 质量筛选层 完成（耗时：1 秒）
[2026-03-02 09:12:58] [INFO] ========== Phase 5: 内容补充层 ==========
[2026-03-02 09:12:58] [INFO] 开始内容补充...
[2026-03-02 09:12:58] [SUCCESS] 内容补充完成
[2026-03-02 09:12:58] [SUCCESS] Phase 5: 内容补充层 完成（耗时：0 秒）
[2026-03-02 09:12:58] [INFO] ========== Phase 6: Skill 转换层 ==========
[2026-03-02 09:12:58] [INFO] 开始 Skill 转换...
[2026-03-02 09:12:58] [SUCCESS] Skill 转换完成
[2026-03-02 09:12:58] [SUCCESS] Phase 6: Skill 转换层 完成（耗时：0 秒）
[2026-03-02 09:12:58] [INFO] 
[2026-03-02 09:12:58] [SUCCESS] ========== 工作流完成 ==========
[2026-03-02 09:12:58] [SUCCESS] 总耗时：692 秒
[2026-03-02 09:12:58] [SUCCESS] 日志文件：/root/clawd/logs/ai-prompt-workflow/workflow.log
[2026-03-02 09:12:58] [INFO] 
[2026-03-02 09:12:58] [INFO] 数据目录：
[2026-03-02 09:12:58] [INFO]   - 收集数据：/root/clawd/data/prompts/collected/
[2026-03-02 09:12:58] [INFO]   - 分类数据：/root/clawd/data/prompts/classified/
[2026-03-02 09:12:58] [INFO]   - 评分数据：/root/clawd/data/prompts/scored/
[2026-03-02 09:12:58] [INFO]   - 筛选数据：/root/clawd/data/prompts/filtered/
[2026-03-02 09:12:58] [INFO]   - 补充数据：/root/clawd/data/prompts/enhanced/
[2026-03-02 09:12:58] [INFO]   - 转换数据：/root/clawd/data/prompts/converted/
[2026-03-03 09:00:54] [INFO] ========== AI 提示词自动化漏斗模型 - 完整工作流 ==========
[2026-03-03 09:00:54] [INFO] 配置：
[2026-03-03 09:00:54] [INFO]   - 质量阈值：60
[2026-03-03 09:00:54] [INFO]   - 测试模式：false
[2026-03-03 09:00:54] [INFO]   - 详细输出：false
[2026-03-03 09:00:54] [INFO]   - 预览模式：false
[2026-03-03 09:00:54] [INFO] 
[2026-03-03 09:00:54] [INFO] ========== Phase 1: 数据收集层 ==========
[2026-03-03 09:00:54] [INFO] 开始数据收集...
[2026-03-03 10:00:55] [INFO] ========== AI 提示词自动化漏斗模型 - 完整工作流 ==========
[2026-03-03 10:00:55] [INFO] 配置：
[2026-03-03 10:00:55] [INFO]   - 质量阈值：60
[2026-03-03 10:00:55] [INFO]   - 测试模式：false
[2026-03-03 10:00:55] [INFO]   - 详细输出：false
[2026-03-03 10:00:55] [INFO]   - 预览模式：false
[2026-03-03 10:00:55] [INFO] 
[2026-03-03 10:00:55] [INFO] ========== Phase 1: 数据收集层 ==========
[2026-03-03 10:00:55] [INFO] 开始数据收集...
[2026-04-06 09:00:29] [INFO] ========== AI 提示词自动化漏斗模型 - 完整工作流 ==========
[2026-04-06 09:00:29] [INFO] 配置：
[2026-04-06 09:00:29] [INFO]   - 质量阈值：60
[2026-04-06 09:00:29] [INFO]   - 测试模式：false
[2026-04-06 09:00:29] [INFO]   - 详细输出：false
[2026-04-06 09:00:29] [INFO]   - 预览模式：false
[2026-04-06 09:00:29] [INFO] 
[2026-04-06 09:00:29] [INFO] ========== Phase 1: 数据收集层 ==========
[2026-04-06 09:00:29] [INFO] 开始数据收集...
