=== 检查时间: Sat Jun  6 00:11:46 CST 2026 ===
审查代理状态:
/root/clawd/scripts/check-review-agent.sh: line 18: sessions_history: command not found

开发代理状态:
/root/clawd/scripts/check-review-agent.sh: line 24: sessions_history: command not found

-------------------

=== 检查时间: Sat Jun  6 00:30:21 CST 2026 ===
审查代理状态:
/root/clawd/scripts/check-review-agent.sh: line 18: sessions_history: command not found

开发代理状态:
/root/clawd/scripts/check-review-agent.sh: line 24: sessions_history: command not found

-------------------

=== 检查时间: Sat Jun  6 01:00:11 CST 2026 ===
审查代理状态:
/root/clawd/scripts/check-review-agent.sh: line 18: sessions_history: command not found

开发代理状态:
/root/clawd/scripts/check-review-agent.sh: line 24: sessions_history: command not found

-------------------

=== 检查时间: Sat Jun  6 01:30:12 CST 2026 ===
审查代理状态:
/root/clawd/scripts/check-review-agent.sh: line 18: sessions_history: command not found

开发代理状态:
/root/clawd/scripts/check-review-agent.sh: line 24: sessions_history: command not found

-------------------

=== 检查时间: Sat Jun  6 02:00:46 CST 2026 ===
审查代理状态:
/root/clawd/scripts/check-review-agent.sh: line 18: sessions_history: command not found

开发代理状态:
/root/clawd/scripts/check-review-agent.sh: line 24: sessions_history: command not found

-------------------

=== 检查时间: Sat Jun  6 02:30:47 CST 2026 ===
审查代理状态:
/root/clawd/scripts/check-review-agent.sh: line 18: sessions_history: command not found

开发代理状态:
/root/clawd/scripts/check-review-agent.sh: line 24: sessions_history: command not found

-------------------

=== 检查时间: Sat Jun  6 03:00:48 CST 2026 ===
审查代理状态:
/root/clawd/scripts/check-review-agent.sh: line 18: sessions_history: command not found

开发代理状态:
/root/clawd/scripts/check-review-agent.sh: line 24: sessions_history: command not found

-------------------

=== 检查时间: Sat Jun  6 03:02:29 CST 2026 ===
审查代理状态:
/root/clawd/scripts/check-review-agent.sh: line 18: sessions_history: command not found

开发代理状态:
/root/clawd/scripts/check-review-agent.sh: line 24: sessions_history: command not found

-------------------

=== 检查时间: Sat Jun  6 03:32:25 CST 2026 ===
审查代理状态:
/root/clawd/scripts/check-review-agent.sh: line 18: sessions_history: command not found

开发代理状态:
/root/clawd/scripts/check-review-agent.sh: line 24: sessions_history: command not found

-------------------

=== 检查时间: Sat Jun  6 05:01:47 CST 2026 ===
审查代理状态:
/root/clawd/scripts/check-review-agent.sh: line 18: sessions_history: command not found

开发代理状态:
/root/clawd/scripts/check-review-agent.sh: line 24: sessions_history: command not found

-------------------

=== 检查时间: Sat Jun  6 09:35:05 CST 2026 ===
审查代理状态:
/root/clawd/scripts/check-review-agent.sh: line 18: sessions_history: command not found

开发代理状态:
/root/clawd/scripts/check-review-agent.sh: line 24: sessions_history: command not found

-------------------

=== 检查时间: Sat Jun  6 19:33:47 CST 2026 ===
审查代理状态:
/root/clawd/scripts/check-review-agent.sh: line 18: sessions_history: command not found

开发代理状态:
/root/clawd/scripts/check-review-agent.sh: line 24: sessions_history: command not found

-------------------

=== 检查时间: Sat Jun  6 21:04:39 CST 2026 ===
审查代理状态:
/root/clawd/scripts/check-review-agent.sh: line 18: sessions_history: command not found

开发代理状态:
/root/clawd/scripts/check-review-agent.sh: line 24: sessions_history: command not found

-------------------

=== 检查时间: Sat Jun  6 21:04:44 CST 2026 ===
审查代理状态:
/root/clawd/scripts/check-review-agent.sh: line 18: sessions_history: command not found

开发代理状态:
/root/clawd/scripts/check-review-agent.sh: line 24: sessions_history: command not found

-------------------

=== 检查时间: Sat Jun  6 21:06:06 CST 2026 ===
审查代理状态:
/root/clawd/scripts/check-review-agent.sh: line 18: sessions_history: command not found

开发代理状态:
/root/clawd/scripts/check-review-agent.sh: line 24: sessions_history: command not found

-------------------

