=== 检查时间: Sat Apr  4 00:00:11 CST 2026 ===
审查代理状态:
/root/clawd/scripts/check-review-agent.sh: line 18: sessions_history: command not found

开发代理状态:
/root/clawd/scripts/check-review-agent.sh: line 24: sessions_history: command not found

-------------------

=== 检查时间: Sat Apr  4 00:19:48 CST 2026 ===
审查代理状态:
/root/clawd/scripts/check-review-agent.sh: line 18: sessions_history: command not found

开发代理状态:
/root/clawd/scripts/check-review-agent.sh: line 24: sessions_history: command not found

-------------------

=== 检查时间: Sat Apr  4 01:50:26 CST 2026 ===
审查代理状态:
/root/clawd/scripts/check-review-agent.sh: line 18: sessions_history: command not found

开发代理状态:
/root/clawd/scripts/check-review-agent.sh: line 24: sessions_history: command not found

-------------------

=== 检查时间: Sat Apr  4 05:20:00 CST 2026 ===
审查代理状态:
/root/clawd/scripts/check-review-agent.sh: line 18: sessions_history: command not found

开发代理状态:
/root/clawd/scripts/check-review-agent.sh: line 24: sessions_history: command not found

-------------------

=== 检查时间: Sat Apr  4 05:31:38 CST 2026 ===
审查代理状态:
/root/clawd/scripts/check-review-agent.sh: line 18: sessions_history: command not found

开发代理状态:
/root/clawd/scripts/check-review-agent.sh: line 24: sessions_history: command not found

-------------------

=== 检查时间: Sat Apr  4 06:01:38 CST 2026 ===
审查代理状态:
/root/clawd/scripts/check-review-agent.sh: line 18: sessions_history: command not found

开发代理状态:
/root/clawd/scripts/check-review-agent.sh: line 24: sessions_history: command not found

-------------------

=== 检查时间: Sat Apr  4 06:31:56 CST 2026 ===
审查代理状态:
/root/clawd/scripts/check-review-agent.sh: line 18: sessions_history: command not found

开发代理状态:
/root/clawd/scripts/check-review-agent.sh: line 24: sessions_history: command not found

-------------------

=== 检查时间: Sat Apr  4 11:50:13 CST 2026 ===
审查代理状态:
/root/clawd/scripts/check-review-agent.sh: line 18: sessions_history: command not found

开发代理状态:
/root/clawd/scripts/check-review-agent.sh: line 24: sessions_history: command not found

-------------------

=== 检查时间: Sat Apr  4 20:01:27 CST 2026 ===
审查代理状态:
/root/clawd/scripts/check-review-agent.sh: line 18: sessions_history: command not found

开发代理状态:
/root/clawd/scripts/check-review-agent.sh: line 24: sessions_history: command not found

-------------------

=== 检查时间: Sat Apr  4 23:00:23 CST 2026 ===
审查代理状态:
/root/clawd/scripts/check-review-agent.sh: line 18: sessions_history: command not found

开发代理状态:
/root/clawd/scripts/check-review-agent.sh: line 24: sessions_history: command not found

-------------------

