=== 检查时间: Wed Apr  8 00:00:16 CST 2026 ===
审查代理状态:
/root/clawd/scripts/check-review-agent.sh: line 18: sessions_history: command not found

开发代理状态:
/root/clawd/scripts/check-review-agent.sh: line 24: sessions_history: command not found

-------------------

=== 检查时间: Wed Apr  8 00:20:02 CST 2026 ===
审查代理状态:
/root/clawd/scripts/check-review-agent.sh: line 18: sessions_history: command not found

开发代理状态:
/root/clawd/scripts/check-review-agent.sh: line 24: sessions_history: command not found

-------------------

=== 检查时间: Wed Apr  8 03:00:41 CST 2026 ===
审查代理状态:
/root/clawd/scripts/check-review-agent.sh: line 18: sessions_history: command not found

开发代理状态:
/root/clawd/scripts/check-review-agent.sh: line 24: sessions_history: command not found

-------------------

=== 检查时间: Wed Apr  8 04:02:22 CST 2026 ===
审查代理状态:
/root/clawd/scripts/check-review-agent.sh: line 18: sessions_history: command not found

开发代理状态:
/root/clawd/scripts/check-review-agent.sh: line 24: sessions_history: command not found

-------------------

=== 检查时间: Wed Apr  8 04:32:23 CST 2026 ===
审查代理状态:
/root/clawd/scripts/check-review-agent.sh: line 18: sessions_history: command not found

开发代理状态:
/root/clawd/scripts/check-review-agent.sh: line 24: sessions_history: command not found

-------------------

=== 检查时间: Wed Apr  8 05:32:25 CST 2026 ===
审查代理状态:
/root/clawd/scripts/check-review-agent.sh: line 18: sessions_history: command not found

开发代理状态:
/root/clawd/scripts/check-review-agent.sh: line 24: sessions_history: command not found

-------------------

=== 检查时间: Wed Apr  8 19:21:46 CST 2026 ===
审查代理状态:
/root/clawd/scripts/check-review-agent.sh: line 18: sessions_history: command not found

开发代理状态:
/root/clawd/scripts/check-review-agent.sh: line 24: sessions_history: command not found

-------------------

=== 检查时间: Wed Apr  8 21:22:33 CST 2026 ===
审查代理状态:
/root/clawd/scripts/check-review-agent.sh: line 18: sessions_history: command not found

开发代理状态:
/root/clawd/scripts/check-review-agent.sh: line 24: sessions_history: command not found

-------------------

