=== 检查时间: Tue Mar 10 02:04:14 CST 2026 ===
审查代理状态:
/root/clawd/scripts/check-review-agent.sh: line 18: sessions_history: command not found

开发代理状态:
/root/clawd/scripts/check-review-agent.sh: line 24: sessions_history: command not found

-------------------

=== 检查时间: Tue Mar 10 03:03:59 CST 2026 ===
审查代理状态:
/root/clawd/scripts/check-review-agent.sh: line 18: sessions_history: command not found

开发代理状态:
/root/clawd/scripts/check-review-agent.sh: line 24: sessions_history: command not found

-------------------

=== 检查时间: Tue Mar 10 05:03:30 CST 2026 ===
审查代理状态:
/root/clawd/scripts/check-review-agent.sh: line 18: sessions_history: command not found

开发代理状态:
/root/clawd/scripts/check-review-agent.sh: line 24: sessions_history: command not found

-------------------

=== 检查时间: Tue Mar 10 05:33:32 CST 2026 ===
审查代理状态:
/root/clawd/scripts/check-review-agent.sh: line 18: sessions_history: command not found

开发代理状态:
/root/clawd/scripts/check-review-agent.sh: line 24: sessions_history: command not found

-------------------

