[2026-02-11 02:00:01] ==========================================
[2026-02-11 02:00:01] 百度云同步任务
[2026-02-11 02:00:01] ==========================================
[2026-02-11 02:00:01] 开始时间: Wed Feb 11 02:00:01 UTC 2026
[2026-02-11 02:00:01] 
[2026-02-11 02:00:01] 步骤 1: 检查本地文件...
[2026-02-11 02:00:01] 找到 2 个本地文件
[2026-02-11 02:00:01]   - 智能机器人小酷.mp4 (4.6M)
[2026-02-11 02:00:01]   - 小AI的冒险故事.mp4 (2.7M)
[2026-02-11 02:00:01] 
[2026-02-11 02:00:01] 记录文件到 manifest...
[2026-02-11 02:00:01] 
[2026-02-11 02:00:01] 步骤 2: 生成链接摘要...
[2026-02-11 02:00:02] ✅ 链接摘要已生成: /root/clawd/data/links/links-summary-2026-02-11.md
[2026-02-11 02:00:02] 
[2026-02-11 02:00:02] 步骤 3: 检查是否需要清理旧文件...
[2026-02-11 02:00:02] ✅ 旧文件检查完成
[2026-02-11 02:00:02] 
[2026-02-11 02:00:02] 步骤 4: 生成统计报告...
[2026-02-11 02:00:02] 
[2026-02-11 02:00:02] ==========================================
[2026-02-11 02:00:02] 同步任务完成
[2026-02-11 02:00:02] ==========================================
[2026-02-11 02:00:02] 
[2026-02-11 02:00:02] 日志文件: /root/clawd/logs/baidu-sync-2026-02-11-0200.log
[2026-02-11 02:00:02] 链接摘要: /root/clawd/data/links/links-summary-2026-02-11.md
[2026-02-11 02:00:02] Manifest: /root/clawd/data/links/manifest.json
[2026-02-11 02:00:02] 
[2026-02-11 02:00:02] 旧日志已清理（保留最近 7 天）
[2026-02-11 02:00:02] 
[2026-02-11 02:00:02] ==========================================
