[2026-02-10 13:08:03] ==========================================
[2026-02-10 13:08:03] 百度云同步任务
[2026-02-10 13:08:03] ==========================================
[2026-02-10 13:08:03] 开始时间: Tue Feb 10 13:08:03 CST 2026
[2026-02-10 13:08:03] 
[2026-02-10 13:08:03] 步骤 1: 检查本地文件...
[2026-02-10 13:08:03] 找到 2 个本地文件
[2026-02-10 13:08:03]   - 智能机器人小酷.mp4 (4.6M)
[2026-02-10 13:08:03]   - 小AI的冒险故事.mp4 (2.7M)
[2026-02-10 13:08:03] 
[2026-02-10 13:08:03] 记录文件到 manifest...
[2026-02-10 13:08:03] 
[2026-02-10 13:08:03] 步骤 2: 生成链接摘要...
[2026-02-10 13:08:03] ✅ 链接摘要已生成: /root/clawd/data/links/links-summary-2026-02-10.md
[2026-02-10 13:08:03] 
[2026-02-10 13:08:03] 步骤 3: 检查是否需要清理旧文件...
[2026-02-10 13:08:03] ✅ 旧文件检查完成
[2026-02-10 13:08:03] 
[2026-02-10 13:08:03] 步骤 4: 生成统计报告...
[2026-02-10 13:08:03] 
[2026-02-10 13:08:03] ==========================================
[2026-02-10 13:08:03] 同步任务完成
[2026-02-10 13:08:03] ==========================================
[2026-02-10 13:08:03] 
[2026-02-10 13:08:03] 日志文件: /root/clawd/logs/baidu-sync-2026-02-10-1308.log
[2026-02-10 13:08:03] 链接摘要: /root/clawd/data/links/links-summary-2026-02-10.md
[2026-02-10 13:08:03] Manifest: /root/clawd/data/links/manifest.json
[2026-02-10 13:08:03] 
[2026-02-10 13:08:03] 旧日志已清理（保留最近 7 天）
[2026-02-10 13:08:03] 
[2026-02-10 13:08:03] ==========================================
