[2026-01-30 20:52:59] ==========================================
[2026-01-30 20:52:59] 📦 批量上传 Skills 到 ClawdHub
[2026-01-30 20:52:59] ==========================================
[2026-01-30 20:52:59] 
[0;32m[INFO][0m 配置信息:
[2026-01-30 20:52:59]   Skills 目录: /root/clawd/dist/skills
[2026-01-30 20:52:59]   Registry: https://www.clawhub.ai/api
[2026-01-30 20:52:59] 
[0;32m[INFO][0m 找到 10 个 .skill 文件
[2026-01-30 20:52:59] 
[0;32m[INFO][0m 📦 处理: ai 编码-reddit-454d672a
[1;33m[WARN][0m SKILL.md 不存在，跳过
[0;32m[INFO][0m 📦 处理: ai 编码-reddit-96d5680b
[1;33m[WARN][0m SKILL.md 不存在，跳过
[0;32m[INFO][0m 📦 处理: ai 编码-unknown-165657c2
[1;33m[WARN][0m SKILL.md 不存在，跳过
[0;32m[INFO][0m 📦 处理: ai-from-trueslazac
[1;33m[WARN][0m SKILL.md 不存在，跳过
[0;32m[INFO][0m 📦 处理: ai-portrait-generator
[1;33m[WARN][0m SKILL.md 不存在，跳过
[0;32m[INFO][0m 📦 处理: merc-income-guide
[1;33m[WARN][0m SKILL.md 不存在，跳过
[0;32m[INFO][0m 📦 处理: prompt-from-lexx-aura
[1;33m[WARN][0m SKILL.md 不存在，跳过
[0;32m[INFO][0m 📦 处理: 提示词工程-reddit-bee10779
[1;33m[WARN][0m SKILL.md 不存在，跳过
[0;32m[INFO][0m 📦 处理: 通用-reddit-e34899f0
[1;33m[WARN][0m SKILL.md 不存在，跳过
[0;32m[INFO][0m 📦 处理: 通用-reddit-e806778a
[1;33m[WARN][0m SKILL.md 不存在，跳过
[2026-01-30 20:52:59] 
[2026-01-30 20:52:59] ==========================================
[2026-01-30 20:52:59] 📊 上传统计
[2026-01-30 20:52:59] ==========================================
[0;32m[INFO][0m ✅ 成功: 0
[0;31m[ERROR][0m ❌ 失败: 0
[2026-01-30 20:52:59] 
[0;32m[INFO][0m 所有 Skills 上传成功！
[2026-01-30 20:52:59] 
