[2026-02-01 16:23:09] ==========================================
[2026-02-01 16:23:09] 📦 批量发布 Skills 到 ClawdHub（从源代码）
[2026-02-01 16:23:09] ==========================================
[2026-02-01 16:23:09] 
[0;32m[INFO][0m 配置信息:
[2026-02-01 16:23:09]   Skills 目录: /root/clawd/skills
[2026-02-01 16:23:09]   Registry: https://www.clawhub.ai/api
[2026-02-01 16:23:09]   待发布 Skills: 15 个
[2026-02-01 16:23:09] 
[0;32m[INFO][0m 验证 ClawdHub Token...
[1;33m[WARN][0m clawdhub whoami 返回错误（可能正常，继续测试）
[0;32m[INFO][0m 测试 Token 有效性...
[0;31m[ERROR][0m ✗ Token 无效，请检查配置
[2026-02-01 16:24:30] ==========================================
[2026-02-01 16:24:30] 📦 批量发布 Skills 到 ClawdHub（从源代码）
[2026-02-01 16:24:30] ==========================================
[2026-02-01 16:24:30] 
[0;32m[INFO][0m 配置信息:
[2026-02-01 16:24:30]   Skills 目录: /root/clawd/skills
[2026-02-01 16:24:30]   Registry: https://www.clawhub.ai/api
[2026-02-01 16:24:30]   待发布 Skills: 15 个
[2026-02-01 16:24:30] 
[0;32m[INFO][0m 验证 ClawdHub Token...
[1;33m[WARN][0m clawdhub whoami 返回错误（可能正常，继续测试）
[0;32m[INFO][0m 测试 Token 有效性...
[0;32m[INFO][0m ✓ Token 有效
[2026-02-01 16:24:33] 
[0;32m[INFO][0m 开始发布 Skills...
[2026-02-01 16:24:33] 
[0;34m[SKILL][0m 📦 处理: ad-creative-generator
[0;32m[INFO][0m   名称: Ad Creative Generator
[0;32m[INFO][0m   版本: 1.0.0
error: unknown option '--description'

Usage: clawdhub publish [options] <path>

Publish skill from folder

Arguments:
  path                        Skill folder path

Options:
  --slug <slug>               Skill slug
  --name <name>               Display name
  --version <version>         Version (semver)
  --fork-of <slug[@version]>  Mark as a fork of an existing skill
  --changelog <text>          Changelog text
  --tags <tags>               Comma-separated tags (default: "latest")
  -h, --help                  display help for command
[0;32m[INFO][0m   ✓ 成功发布: ad-creative-generator
[2026-02-01 16:24:34] 
[0;34m[SKILL][0m 📦 处理: ai-music-prompts
[0;32m[INFO][0m   名称: AI Music Prompts / AI 音乐提示词
[0;32m[INFO][0m   版本: 1.0.0
error: unknown option '--description'

Usage: clawdhub publish [options] <path>

Publish skill from folder

Arguments:
  path                        Skill folder path

Options:
  --slug <slug>               Skill slug
  --name <name>               Display name
  --version <version>         Version (semver)
  --fork-of <slug[@version]>  Mark as a fork of an existing skill
  --changelog <text>          Changelog text
  --tags <tags>               Comma-separated tags (default: "latest")
  -h, --help                  display help for command
[0;32m[INFO][0m   ✓ 成功发布: ai-music-prompts
[2026-02-01 16:24:37] 
[0;34m[SKILL][0m 📦 处理: ai-video-gen
[0;32m[INFO][0m   名称: AI Video Generation Skill
[0;32m[INFO][0m   版本: 1.0.0
error: unknown option '--description'

Usage: clawdhub publish [options] <path>

Publish skill from folder

Arguments:
  path                        Skill folder path

Options:
  --slug <slug>               Skill slug
  --name <name>               Display name
  --version <version>         Version (semver)
  --fork-of <slug[@version]>  Mark as a fork of an existing skill
  --changelog <text>          Changelog text
  --tags <tags>               Comma-separated tags (default: "latest")
  -h, --help                  display help for command
[0;32m[INFO][0m   ✓ 成功发布: ai-video-gen
[2026-02-01 16:24:39] 
[0;34m[SKILL][0m 📦 处理: brand-creative-suite
[0;32m[INFO][0m   名称: 品牌创意套件 (Brand Creative Suite)
[0;32m[INFO][0m   版本: 1.0.0
error: unknown option '--description'

Usage: clawdhub publish [options] <path>

Publish skill from folder

Arguments:
  path                        Skill folder path

Options:
  --slug <slug>               Skill slug
  --name <name>               Display name
  --version <version>         Version (semver)
  --fork-of <slug[@version]>  Mark as a fork of an existing skill
  --changelog <text>          Changelog text
  --tags <tags>               Comma-separated tags (default: "latest")
  -h, --help                  display help for command
[0;32m[INFO][0m   ✓ 成功发布: brand-creative-suite
[2026-02-01 16:24:41] 
[0;34m[SKILL][0m 📦 处理: clawdbot-filesystem
[0;32m[INFO][0m   名称: 📁 Filesystem Management
[0;32m[INFO][0m   版本: 1.0.2
error: unknown option '--description'

Usage: clawdhub publish [options] <path>

Publish skill from folder

Arguments:
  path                        Skill folder path

Options:
  --slug <slug>               Skill slug
  --name <name>               Display name
  --version <version>         Version (semver)
  --fork-of <slug[@version]>  Mark as a fork of an existing skill
  --changelog <text>          Changelog text
  --tags <tags>               Comma-separated tags (default: "latest")
  -h, --help                  display help for command
[0;32m[INFO][0m   ✓ 成功发布: clawdbot-filesystem
[2026-02-01 16:24:43] 
[0;34m[SKILL][0m 📦 处理: creative-illustration
[0;32m[INFO][0m   名称: Creative Illustration Factory
[0;32m[INFO][0m   版本: 1.0.0
error: unknown option '--description'

Usage: clawdhub publish [options] <path>

Publish skill from folder

Arguments:
  path                        Skill folder path

Options:
  --slug <slug>               Skill slug
  --name <name>               Display name
  --version <version>         Version (semver)
  --fork-of <slug[@version]>  Mark as a fork of an existing skill
  --changelog <text>          Changelog text
  --tags <tags>               Comma-separated tags (default: "latest")
  -h, --help                  display help for command
[0;32m[INFO][0m   ✓ 成功发布: creative-illustration
[2026-02-01 16:24:45] 
[0;34m[SKILL][0m 📦 处理: feishu-bridge
[0;32m[INFO][0m   名称: Feishu Bridge
[0;32m[INFO][0m   版本: 1.0.0
error: unknown option '--description'

Usage: clawdhub publish [options] <path>

Publish skill from folder

Arguments:
  path                        Skill folder path

Options:
  --slug <slug>               Skill slug
  --name <name>               Display name
  --version <version>         Version (semver)
  --fork-of <slug[@version]>  Mark as a fork of an existing skill
  --changelog <text>          Changelog text
  --tags <tags>               Comma-separated tags (default: "latest")
  -h, --help                  display help for command
[0;32m[INFO][0m   ✓ 成功发布: feishu-bridge
[2026-02-01 16:24:47] 
[0;34m[SKILL][0m 📦 处理: game-character-gen
[0;32m[INFO][0m   名称: Game Character Generator
[0;32m[INFO][0m   版本: 1.0.0
error: unknown option '--description'

Usage: clawdhub publish [options] <path>

Publish skill from folder

Arguments:
  path                        Skill folder path

Options:
  --slug <slug>               Skill slug
  --name <name>               Display name
  --version <version>         Version (semver)
  --fork-of <slug[@version]>  Mark as a fork of an existing skill
  --changelog <text>          Changelog text
  --tags <tags>               Comma-separated tags (default: "latest")
  -h, --help                  display help for command
[0;32m[INFO][0m   ✓ 成功发布: game-character-gen
[2026-02-01 16:24:49] 
[0;34m[SKILL][0m 📦 处理: prompt-craft
[0;32m[INFO][0m   名称: ai-prompt-craft
[0;32m[INFO][0m   版本: 1.0.0
error: unknown option '--description'

Usage: clawdhub publish [options] <path>

Publish skill from folder

Arguments:
  path                        Skill folder path

Options:
  --slug <slug>               Skill slug
  --name <name>               Display name
  --version <version>         Version (semver)
  --fork-of <slug[@version]>  Mark as a fork of an existing skill
  --changelog <text>          Changelog text
  --tags <tags>               Comma-separated tags (default: "latest")
  -h, --help                  display help for command
[0;32m[INFO][0m   ✓ 成功发布: prompt-craft
[2026-02-01 16:24:51] 
[0;34m[SKILL][0m 📦 处理: prompts-workflow
[0;32m[INFO][0m   名称: Prompts Workflow - AI 提示词自动化工作流
[0;32m[INFO][0m   版本: 1.0.0
error: unknown option '--description'

Usage: clawdhub publish [options] <path>

Publish skill from folder

Arguments:
  path                        Skill folder path

Options:
  --slug <slug>               Skill slug
  --name <name>               Display name
  --version <version>         Version (semver)
  --fork-of <slug[@version]>  Mark as a fork of an existing skill
  --changelog <text>          Changelog text
  --tags <tags>               Comma-separated tags (default: "latest")
  -h, --help                  display help for command
[0;32m[INFO][0m   ✓ 成功发布: prompts-workflow
[2026-02-01 16:24:53] 
[0;34m[SKILL][0m 📦 处理: humanizer
[0;32m[INFO][0m   名称: Humanizer: Remove AI Writing Patterns
[0;32m[INFO][0m   版本: 2.1.1
error: unknown option '--description'

Usage: clawdhub publish [options] <path>

Publish skill from folder

Arguments:
  path                        Skill folder path

Options:
  --slug <slug>               Skill slug
  --name <name>               Display name
  --version <version>         Version (semver)
  --fork-of <slug[@version]>  Mark as a fork of an existing skill
  --changelog <text>          Changelog text
  --tags <tags>               Comma-separated tags (default: "latest")
  -h, --help                  display help for command
[0;32m[INFO][0m   ✓ 成功发布: humanizer
[2026-02-01 16:24:55] 
[0;34m[SKILL][0m 📦 处理: interview-coach
[0;32m[INFO][0m   名称: Interview Coach
[0;32m[INFO][0m   版本: 1.0.0
error: unknown option '--description'

Usage: clawdhub publish [options] <path>

Publish skill from folder

Arguments:
  path                        Skill folder path

Options:
  --slug <slug>               Skill slug
  --name <name>               Display name
  --version <version>         Version (semver)
  --fork-of <slug[@version]>  Mark as a fork of an existing skill
  --changelog <text>          Changelog text
  --tags <tags>               Comma-separated tags (default: "latest")
  -h, --help                  display help for command
[0;32m[INFO][0m   ✓ 成功发布: interview-coach
[2026-02-01 16:24:58] 
[0;34m[SKILL][0m 📦 处理: coding-agent
[0;32m[INFO][0m   名称: Coding Agent (background-first)
[0;32m[INFO][0m   版本: 1.0.0
error: unknown option '--description'

Usage: clawdhub publish [options] <path>

Publish skill from folder

Arguments:
  path                        Skill folder path

Options:
  --slug <slug>               Skill slug
  --name <name>               Display name
  --version <version>         Version (semver)
  --fork-of <slug[@version]>  Mark as a fork of an existing skill
  --changelog <text>          Changelog text
  --tags <tags>               Comma-separated tags (default: "latest")
  -h, --help                  display help for command
[0;32m[INFO][0m   ✓ 成功发布: coding-agent
[2026-02-01 16:25:00] 
[0;34m[SKILL][0m 📦 处理: prompt-optimizer
[0;32m[INFO][0m   名称: Prompt Optimizer
[0;32m[INFO][0m   版本: 1.0.0
error: unknown option '--description'

Usage: clawdhub publish [options] <path>

Publish skill from folder

Arguments:
  path                        Skill folder path

Options:
  --slug <slug>               Skill slug
  --name <name>               Display name
  --version <version>         Version (semver)
  --fork-of <slug[@version]>  Mark as a fork of an existing skill
  --changelog <text>          Changelog text
  --tags <tags>               Comma-separated tags (default: "latest")
  -h, --help                  display help for command
[0;32m[INFO][0m   ✓ 成功发布: prompt-optimizer
[2026-02-01 16:25:02] 
[0;34m[SKILL][0m 📦 处理: prompt-rewriter
[0;32m[INFO][0m   名称: Prompt Rewriter
[0;32m[INFO][0m   版本: 1.0.0
error: unknown option '--description'

Usage: clawdhub publish [options] <path>

Publish skill from folder

Arguments:
  path                        Skill folder path

Options:
  --slug <slug>               Skill slug
  --name <name>               Display name
  --version <version>         Version (semver)
  --fork-of <slug[@version]>  Mark as a fork of an existing skill
  --changelog <text>          Changelog text
  --tags <tags>               Comma-separated tags (default: "latest")
  -h, --help                  display help for command
[0;32m[INFO][0m   ✓ 成功发布: prompt-rewriter
[2026-02-01 16:25:04] 
[2026-02-01 16:25:05] 
[2026-02-01 16:25:05] ==========================================
[2026-02-01 16:25:05] 📊 发布统计
[2026-02-01 16:25:05] ==========================================
[0;32m[INFO][0m ✅ 成功: 15
[0;31m[ERROR][0m ❌ 失败: 0
[2026-02-01 16:25:05] 
[0;32m[INFO][0m 发送通知...
[plugins] clawdbot-supermemory failed during register from /root/.clawdbot/extensions/clawdbot-supermemory/index.ts: Error: supermemory: apiKey is required (set in plugin config or SUPERMEMORY_CLAWDBOT_API_KEY env var)
[info]: [ 'client ready' ]
✅ Sent via Feishu. Message ID: om_x100b58c49008d0b0b347c8840de6fc7 (chat ou_3bc5290afc1a94f38e23dc17c35f26d6)
[plugins] clawdbot-supermemory failed during register from /root/.clawdbot/extensions/clawdbot-supermemory/index.ts: Error: supermemory: apiKey is required (set in plugin config or SUPERMEMORY_CLAWDBOT_API_KEY env var)
✅ Sent via Slack. Message ID: 1769934326.844879
[2026-02-01 16:25:27] 
[2026-02-01 16:25:27] ==========================================
[2026-02-01 16:25:27] ✅ 发布完成
[2026-02-01 16:25:27] ==========================================
[2026-02-01 16:25:27] 
[2026-02-01 16:25:27] 日志文件: /root/clawd/logs/clawdhub-publish-from-source.log
[2026-02-01 16:25:27] 
