[2026-02-11 03:00:01] ==========================================
[2026-02-11 03:00:01] 自动清理旧文件
[2026-02-11 03:00:01] ==========================================
[2026-02-11 03:00:01] 开始时间: Wed Feb 11 03:00:01 UTC 2026
[2026-02-11 03:00:01] 保留天数: 7 天
[2026-02-11 03:00:01] 
[2026-02-11 03:00:01] 清理目录: /root/clawd/downloads
[2026-02-11 03:00:01]   ✅ 没有需要清理的文件
[2026-02-11 03:00:01] 清理目录: /root/clawd/memory/ai-content-creator
[2026-02-11 03:00:01]   ✅ 没有需要清理的文件
[2026-02-11 03:00:01] 清理目录: /root/clawd/ai-prompt-marketplace/reports
[2026-02-11 03:00:01]   ✅ 没有需要清理的文件
[2026-02-11 03:00:01] 
[2026-02-11 03:00:01] ==========================================
[2026-02-11 03:00:01] 清理完成
[2026-02-11 03:00:01] ==========================================
[2026-02-11 03:00:01] 总删除文件数: 0
[2026-02-11 03:00:01] 释放空间: 0MB (0GB)
[2026-02-11 03:00:01] 
[2026-02-11 03:00:01] 日志文件: /root/clawd/logs/cleanup/cleanup-2026-02-11-0300.log
[2026-02-11 03:00:01] 
[2026-02-11 03:00:01] 旧日志已清理（保留最近 30 天）
[2026-02-11 03:00:01] ==========================================
[2026-02-12 03:00:01] ==========================================
[2026-02-12 03:00:01] 自动清理旧文件
[2026-02-12 03:00:01] ==========================================
[2026-02-12 03:00:01] 开始时间: Thu Feb 12 03:00:01 UTC 2026
[2026-02-12 03:00:01] 保留天数: 7 天
[2026-02-12 03:00:01] 
[2026-02-12 03:00:01] 清理目录: /root/clawd/downloads
[2026-02-12 03:00:01]   ✅ 没有需要清理的文件
[2026-02-12 03:00:01] 清理目录: /root/clawd/memory/ai-content-creator
[2026-02-12 03:00:01]   ✅ 没有需要清理的文件
[2026-02-12 03:00:01] 清理目录: /root/clawd/ai-prompt-marketplace/reports
[2026-02-12 03:00:01]   ✅ 没有需要清理的文件
[2026-02-12 03:00:01] 
[2026-02-12 03:00:01] ==========================================
[2026-02-12 03:00:01] 清理完成
[2026-02-12 03:00:01] ==========================================
[2026-02-12 03:00:01] 总删除文件数: 0
[2026-02-12 03:00:01] 释放空间: 0MB (0GB)
[2026-02-12 03:00:01] 
[2026-02-12 03:00:01] 日志文件: /root/clawd/logs/cleanup/cleanup-2026-02-12-0300.log
[2026-02-12 03:00:01] 
[2026-02-12 03:00:01] 旧日志已清理（保留最近 30 天）
[2026-02-12 03:00:01] ==========================================
