[2026-02-09T09:00:01+00:00] [INFO] Starting daily research push
[2026-02-09T09:00:01+00:00] [INFO] Date: 2026-02-09
[2026-02-09T09:00:01+00:00] [INFO] Checking AI Research Hub results...
[2026-02-09T09:00:01+00:00] [INFO] Found AI Research Hub summary: /root/clawd/memory/ai-research/ai-research-summary-20260209_080001.md
[2026-02-09T09:00:01+00:00] [INFO] AI Research Hub: 0
0 topics, 0 results
[2026-02-09T09:00:01+00:00] [INFO] Checking Content Discovery Assistant results...
[2026-02-09T09:00:01+00:00] [INFO] Found Content Discovery Assistant report: /root/clawd/projects/info-search/data/hotspots/hotspot-report-20260209_080001.md
[2026-02-09T09:00:01+00:00] [INFO] Content Discovery Assistant: 10 hotspots
[2026-02-09T09:00:01+00:00] [INFO] Sending message to Slack channel: C0ABSK92X4G
error: unknown option '--message-from-stdin'
[2026-02-09T09:00:19+00:00] [INFO] ✅ Successfully sent to Slack
[0;32m✅ 已成功推送到 Slack #clawdbot[0m
[0;34m📊 统计: 2 个搜索系统已运行[0m

==========================================
[2026-02-09T09:00:19+00:00] [INFO] Daily research push completed
==========================================

日志文件: /root/clawd/logs/daily-research-push/daily-research-push-20260209-090001.log

[2026-02-10T09:00:01+00:00] [INFO] Starting daily research push
[2026-02-10T09:00:01+00:00] [INFO] Date: 2026-02-10
[2026-02-10T09:00:01+00:00] [INFO] Checking AI Research Hub results...
[2026-02-10T09:00:02+00:00] [INFO] Found AI Research Hub summary: /root/clawd/memory/ai-research/ai-research-summary-20260210_080001.md
[2026-02-10T09:00:02+00:00] [INFO] AI Research Hub: 0
0 topics, 0 results
[2026-02-10T09:00:02+00:00] [INFO] Checking Content Discovery Assistant results...
[2026-02-10T09:00:02+00:00] [INFO] Found Content Discovery Assistant report: /root/clawd/projects/info-search/data/hotspots/hotspot-report-20260210_083001.md
[2026-02-10T09:00:02+00:00] [INFO] Content Discovery Assistant: 10 hotspots
[2026-02-10T09:00:02+00:00] [INFO] Sending message to Slack channel: C0ABSK92X4G
error: unknown option '--message-from-stdin'
[2026-02-10T09:00:20+00:00] [INFO] ✅ Successfully sent to Slack
[0;32m✅ 已成功推送到 Slack #clawdbot[0m
[0;34m📊 统计: 2 个搜索系统已运行[0m

==========================================
[2026-02-10T09:00:20+00:00] [INFO] Daily research push completed
==========================================

日志文件: /root/clawd/logs/daily-research-push/daily-research-push-20260210-090001.log

[2026-02-11T09:00:01+00:00] [INFO] Starting daily research push
[2026-02-11T09:00:01+00:00] [INFO] Date: 2026-02-11
[2026-02-11T09:00:02+00:00] [INFO] Checking AI Research Hub results...
[2026-02-11T09:00:02+00:00] [INFO] Found AI Research Hub summary: /root/clawd/memory/ai-research/ai-research-summary-20260211_080001.md
[2026-02-11T09:00:02+00:00] [INFO] AI Research Hub: 0
0 topics, 0 results
[2026-02-11T09:00:02+00:00] [INFO] Checking Content Discovery Assistant results...
[2026-02-11T09:00:02+00:00] [INFO] Found Content Discovery Assistant report: /root/clawd/projects/info-search/data/hotspots/hotspot-report-20260211_083001.md
[2026-02-11T09:00:02+00:00] [INFO] Content Discovery Assistant: 10 hotspots
[2026-02-11T09:00:02+00:00] [INFO] Sending message to Slack channel: C0ABSK92X4G
error: unknown option '--message-from-stdin'
[2026-02-11T09:00:20+00:00] [INFO] ✅ Successfully sent to Slack
[0;32m✅ 已成功推送到 Slack #clawdbot[0m
[0;34m📊 统计: 2 个搜索系统已运行[0m

==========================================
[2026-02-11T09:00:20+00:00] [INFO] Daily research push completed
==========================================

日志文件: /root/clawd/logs/daily-research-push/daily-research-push-20260211-090001.log

[2026-02-12T09:00:01+00:00] [INFO] Starting daily research push
[2026-02-12T09:00:01+00:00] [INFO] Date: 2026-02-12
[2026-02-12T09:00:01+00:00] [INFO] Checking AI Research Hub results...
[2026-02-12T09:00:01+00:00] [INFO] Found AI Research Hub summary: /root/clawd/memory/ai-research/ai-research-summary-20260212_080001.md
[2026-02-12T09:00:01+00:00] [INFO] AI Research Hub: 0
0 topics, 0 results
[2026-02-12T09:00:01+00:00] [INFO] Checking Content Discovery Assistant results...
[2026-02-12T09:00:01+00:00] [INFO] Found Content Discovery Assistant report: /root/clawd/projects/info-search/data/hotspots/hotspot-report-20260212_083001.md
[2026-02-12T09:00:01+00:00] [INFO] Content Discovery Assistant: 10 hotspots
[2026-02-12T09:00:01+00:00] [INFO] Sending message to Slack channel: C0ABSK92X4G
error: unknown option '--message-from-stdin'
[2026-02-12T09:00:19+00:00] [INFO] ✅ Successfully sent to Slack
[0;32m✅ 已成功推送到 Slack #clawdbot[0m
[0;34m📊 统计: 2 个搜索系统已运行[0m

==========================================
[2026-02-12T09:00:19+00:00] [INFO] Daily research push completed
==========================================

日志文件: /root/clawd/logs/daily-research-push/daily-research-push-20260212-090001.log

