📚 Daily Growth Tutorial Generator
📅 Date: 2026-02-09
⏰ Time: 02:00:01

📖 Reading memory: /root/clawd/memory/2026-02-08.md
✅ Found 53 growth points

📝 Generating tutorial 1/5: 其他
📝 Generating tutorial 2/5: 其他
📝 Generating tutorial 3/5: 技术成长
📝 Generating tutorial 4/5: 项目管理
📝 Generating tutorial 5/5: 其他

============================================================
📊 **Tutorial Generation Summary**
============================================================

**Date**: 2026-02-09
**Source Memory**: 2026-02-08.md
**Growth Points Found**: 53
**Tutorials Generated**: 5

**Tutorial Directory**: /root/clawd/tutorials/daily-growth
**Index File**: /root/clawd/tutorials/daily-growth-index.md

✅ Tutorial generation completed successfully!

📚 Daily Growth Tutorial Generator
📅 Date: 2026-02-10
⏰ Time: 02:00:01

📖 Reading memory: /root/clawd/memory/2026-02-09.md
✅ Found 37 growth points

📝 Generating tutorial 1/5: 最佳实践
📝 Generating tutorial 2/5: 其他
📝 Generating tutorial 3/5: 项目管理
📝 Generating tutorial 4/5: 其他
📝 Generating tutorial 5/5: 项目管理

============================================================
📊 **Tutorial Generation Summary**
============================================================

**Date**: 2026-02-10
**Source Memory**: 2026-02-09.md
**Growth Points Found**: 37
**Tutorials Generated**: 5

**Tutorial Directory**: /root/clawd/tutorials/daily-growth
**Index File**: /root/clawd/tutorials/daily-growth-index.md

✅ Tutorial generation completed successfully!

📚 Daily Growth Tutorial Generator
📅 Date: 2026-02-11
⏰ Time: 02:00:01

📖 Reading memory: /root/clawd/memory/2026-02-10.md
✅ Found 1 growth points

📝 Generating tutorial 1/5: 其他

============================================================
📊 **Tutorial Generation Summary**
============================================================

**Date**: 2026-02-11
**Source Memory**: 2026-02-10.md
**Growth Points Found**: 1
**Tutorials Generated**: 1

**Tutorial Directory**: /root/clawd/tutorials/daily-growth
**Index File**: /root/clawd/tutorials/daily-growth-index.md

✅ Tutorial generation completed successfully!

📚 Daily Growth Tutorial Generator
📅 Date: 2026-02-12
⏰ Time: 02:00:01

📖 Reading memory: /root/clawd/memory/2026-02-11.md
⚠️  No growth points found in memory
