2026-02-05 08:03:30,965 - enhance-content - INFO - Starting content enhancement...
2026-02-05 08:03:30,965 - enhance-content - INFO - Reading from /root/clawd/data/prompts/filtered/filtered-20260205-080306.jsonl
2026-02-05 08:03:30,965 - enhance-content - INFO - Loaded 0 items
2026-02-05 08:03:30,965 - enhance-content - INFO - Saving 0 enhanced items to /root/clawd/data/prompts/enhanced/enhanced-20260205-080330.jsonl...
2026-02-05 08:03:30,966 - enhance-content - INFO - Saved 0 enhanced items to /root/clawd/data/prompts/enhanced/enhanced-20260205-080330.jsonl
2026-02-05 08:03:30,966 - enhance-content - INFO - Enhancement completed: 0 items saved to /root/clawd/data/prompts/enhanced/enhanced-20260205-080330.jsonl
2026-02-05 08:03:30,966 - enhance-content - INFO - Report saved to /root/clawd/data/prompts/enhanced/report-20260205-080330.json
2026-02-05 08:19:49,097 - enhance-content - INFO - Starting content enhancement...
2026-02-05 08:19:49,097 - enhance-content - INFO - Reading from /root/clawd/data/prompts/filtered/filtered-20260205-081934.jsonl
2026-02-05 08:19:49,098 - enhance-content - INFO - Loaded 0 items
2026-02-05 08:19:49,098 - enhance-content - INFO - Saving 0 enhanced items to /root/clawd/data/prompts/enhanced/enhanced-20260205-081949.jsonl...
2026-02-05 08:19:49,098 - enhance-content - INFO - Saved 0 enhanced items to /root/clawd/data/prompts/enhanced/enhanced-20260205-081949.jsonl
2026-02-05 08:19:49,098 - enhance-content - INFO - Enhancement completed: 0 items saved to /root/clawd/data/prompts/enhanced/enhanced-20260205-081949.jsonl
2026-02-05 08:19:49,098 - enhance-content - INFO - Report saved to /root/clawd/data/prompts/enhanced/report-20260205-081949.json
2026-02-05 11:33:22,497 - enhance-content - INFO - Starting content enhancement...
2026-02-05 11:33:22,498 - enhance-content - INFO - Reading from /root/clawd/data/prompts/filtered/filtered-20260205-081934.jsonl
2026-02-05 11:33:22,498 - enhance-content - INFO - Loaded 0 items
2026-02-05 11:33:22,498 - enhance-content - INFO - Saving 0 enhanced items to /root/clawd/data/prompts/enhanced/enhanced-20260205-113322.jsonl...
2026-02-05 11:33:22,498 - enhance-content - INFO - Saved 0 enhanced items to /root/clawd/data/prompts/enhanced/enhanced-20260205-113322.jsonl
2026-02-05 11:33:22,498 - enhance-content - INFO - Enhancement completed: 0 items saved to /root/clawd/data/prompts/enhanced/enhanced-20260205-113322.jsonl
2026-02-05 11:33:22,498 - enhance-content - INFO - Report saved to /root/clawd/data/prompts/enhanced/report-20260205-113322.json
2026-02-05 12:48:54,654 - enhance-content - INFO - Starting content enhancement...
2026-02-05 12:48:54,655 - enhance-content - INFO - Reading from /root/clawd/data/prompts/filtered/filtered-20260205-081934.jsonl
2026-02-05 12:48:54,655 - enhance-content - INFO - Loaded 0 items
2026-02-05 12:48:54,655 - enhance-content - INFO - Saving 0 enhanced items to /root/clawd/data/prompts/enhanced/enhanced-20260205-124854.jsonl...
2026-02-05 12:48:54,655 - enhance-content - INFO - Saved 0 enhanced items to /root/clawd/data/prompts/enhanced/enhanced-20260205-124854.jsonl
2026-02-05 12:48:54,655 - enhance-content - INFO - Enhancement completed: 0 items saved to /root/clawd/data/prompts/enhanced/enhanced-20260205-124854.jsonl
2026-02-05 12:48:54,656 - enhance-content - INFO - Report saved to /root/clawd/data/prompts/enhanced/report-20260205-124854.json
2026-02-05 13:03:51,720 - enhance-content - INFO - Starting content enhancement...
2026-02-05 13:03:51,720 - enhance-content - INFO - Reading from /root/clawd/data/prompts/filtered/filtered-20260205-130351.jsonl
2026-02-05 13:03:51,720 - enhance-content - INFO - Loaded 0 items
2026-02-05 13:03:51,720 - enhance-content - INFO - Saving 0 enhanced items to /root/clawd/data/prompts/enhanced/enhanced-20260205-130351.jsonl...
2026-02-05 13:03:51,721 - enhance-content - INFO - Saved 0 enhanced items to /root/clawd/data/prompts/enhanced/enhanced-20260205-130351.jsonl
2026-02-05 13:03:51,721 - enhance-content - INFO - Enhancement completed: 0 items saved to /root/clawd/data/prompts/enhanced/enhanced-20260205-130351.jsonl
2026-02-05 13:03:51,721 - enhance-content - INFO - Report saved to /root/clawd/data/prompts/enhanced/report-20260205-130351.json
2026-02-05 13:21:17,516 - enhance-content - INFO - Starting content enhancement...
2026-02-05 13:21:17,516 - enhance-content - INFO - Reading from /root/clawd/data/prompts/filtered/filtered-20260205-132117.jsonl
2026-02-05 13:21:17,516 - enhance-content - INFO - Loaded 0 items
2026-02-05 13:21:17,517 - enhance-content - INFO - Saving 0 enhanced items to /root/clawd/data/prompts/enhanced/enhanced-20260205-132117.jsonl...
2026-02-05 13:21:17,517 - enhance-content - INFO - Saved 0 enhanced items to /root/clawd/data/prompts/enhanced/enhanced-20260205-132117.jsonl
2026-02-05 13:21:17,517 - enhance-content - INFO - Enhancement completed: 0 items saved to /root/clawd/data/prompts/enhanced/enhanced-20260205-132117.jsonl
2026-02-05 13:21:17,517 - enhance-content - INFO - Report saved to /root/clawd/data/prompts/enhanced/report-20260205-132117.json
2026-02-05 14:11:53,996 - enhance-content - INFO - Starting content enhancement...
2026-02-05 14:11:53,997 - enhance-content - INFO - Reading from /root/clawd/data/prompts/filtered/filtered-20260205-141153.jsonl
2026-02-05 14:11:53,997 - enhance-content - INFO - Loaded 0 items
2026-02-05 14:11:53,997 - enhance-content - INFO - Saving 0 enhanced items to /root/clawd/data/prompts/enhanced/enhanced-20260205-141153.jsonl...
2026-02-05 14:11:53,998 - enhance-content - INFO - Saved 0 enhanced items to /root/clawd/data/prompts/enhanced/enhanced-20260205-141153.jsonl
2026-02-05 14:11:53,998 - enhance-content - INFO - Enhancement completed: 0 items saved to /root/clawd/data/prompts/enhanced/enhanced-20260205-141153.jsonl
2026-02-05 14:11:53,998 - enhance-content - INFO - Report saved to /root/clawd/data/prompts/enhanced/report-20260205-141153.json
2026-02-05 14:46:55,799 - enhance-content - INFO - Starting content enhancement...
2026-02-05 14:46:55,800 - enhance-content - INFO - Reading from /root/clawd/data/prompts/filtered/filtered-20260205-144655.jsonl
2026-02-05 14:46:55,800 - enhance-content - INFO - Loaded 0 items
2026-02-05 14:46:55,800 - enhance-content - INFO - Saving 0 enhanced items to /root/clawd/data/prompts/enhanced/enhanced-20260205-144655.jsonl...
2026-02-05 14:46:55,800 - enhance-content - INFO - Saved 0 enhanced items to /root/clawd/data/prompts/enhanced/enhanced-20260205-144655.jsonl
2026-02-05 14:46:55,800 - enhance-content - INFO - Enhancement completed: 0 items saved to /root/clawd/data/prompts/enhanced/enhanced-20260205-144655.jsonl
2026-02-05 14:46:55,801 - enhance-content - INFO - Report saved to /root/clawd/data/prompts/enhanced/report-20260205-144655.json
2026-02-19 09:12:54,858 - enhance-content - INFO - Starting content enhancement...
2026-02-19 09:12:54,859 - enhance-content - INFO - Reading from /root/clawd/data/prompts/filtered/filtered-20260219-091254.jsonl
2026-02-19 09:12:54,860 - enhance-content - INFO - Loaded 0 items
2026-02-19 09:12:54,860 - enhance-content - INFO - Saving 0 enhanced items to /root/clawd/data/prompts/enhanced/enhanced-20260219-091254.jsonl...
2026-02-19 09:12:54,860 - enhance-content - INFO - Saved 0 enhanced items to /root/clawd/data/prompts/enhanced/enhanced-20260219-091254.jsonl
2026-02-19 09:12:54,860 - enhance-content - INFO - Enhancement completed: 0 items saved to /root/clawd/data/prompts/enhanced/enhanced-20260219-091254.jsonl
2026-02-19 09:12:54,861 - enhance-content - INFO - Report saved to /root/clawd/data/prompts/enhanced/report-20260219-091254.json
2026-03-02 09:12:58,167 - enhance-content - INFO - Starting content enhancement...
2026-03-02 09:12:58,167 - enhance-content - INFO - Reading from /root/clawd/data/prompts/filtered/filtered-20260302-091258.jsonl
2026-03-02 09:12:58,168 - enhance-content - INFO - Loaded 0 items
2026-03-02 09:12:58,168 - enhance-content - INFO - Saving 0 enhanced items to /root/clawd/data/prompts/enhanced/enhanced-20260302-091258.jsonl...
2026-03-02 09:12:58,168 - enhance-content - INFO - Saved 0 enhanced items to /root/clawd/data/prompts/enhanced/enhanced-20260302-091258.jsonl
2026-03-02 09:12:58,168 - enhance-content - INFO - Enhancement completed: 0 items saved to /root/clawd/data/prompts/enhanced/enhanced-20260302-091258.jsonl
2026-03-02 09:12:58,168 - enhance-content - INFO - Report saved to /root/clawd/data/prompts/enhanced/report-20260302-091258.json
2026-04-02 09:01:27,224 - enhance-content - INFO - Starting content enhancement...
2026-04-02 09:01:27,225 - enhance-content - INFO - Reading from /root/clawd/data/prompts/filtered/filtered-20260302-091258.jsonl
2026-04-02 09:01:27,225 - enhance-content - INFO - Loaded 0 items
2026-04-02 09:01:27,225 - enhance-content - INFO - Saving 0 enhanced items to /root/clawd/data/prompts/enhanced/enhanced-20260402-090127.jsonl...
2026-04-02 09:01:27,226 - enhance-content - INFO - Saved 0 enhanced items to /root/clawd/data/prompts/enhanced/enhanced-20260402-090127.jsonl
2026-04-02 09:01:27,226 - enhance-content - INFO - Enhancement completed: 0 items saved to /root/clawd/data/prompts/enhanced/enhanced-20260402-090127.jsonl
2026-04-02 09:01:27,226 - enhance-content - INFO - Report saved to /root/clawd/data/prompts/enhanced/report-20260402-090127.json
2026-04-03 09:01:39,243 - enhance-content - INFO - Starting content enhancement...
2026-04-03 09:01:39,243 - enhance-content - INFO - Reading from /root/clawd/data/prompts/filtered/filtered-20260302-091258.jsonl
2026-04-03 09:01:39,244 - enhance-content - INFO - Loaded 0 items
2026-04-03 09:01:39,244 - enhance-content - INFO - Saving 0 enhanced items to /root/clawd/data/prompts/enhanced/enhanced-20260403-090139.jsonl...
2026-04-03 09:01:39,244 - enhance-content - INFO - Saved 0 enhanced items to /root/clawd/data/prompts/enhanced/enhanced-20260403-090139.jsonl
2026-04-03 09:01:39,244 - enhance-content - INFO - Enhancement completed: 0 items saved to /root/clawd/data/prompts/enhanced/enhanced-20260403-090139.jsonl
2026-04-03 09:01:39,244 - enhance-content - INFO - Report saved to /root/clawd/data/prompts/enhanced/report-20260403-090139.json
2026-04-04 09:01:24,938 - enhance-content - INFO - Starting content enhancement...
2026-04-04 09:01:24,939 - enhance-content - INFO - Reading from /root/clawd/data/prompts/filtered/filtered-20260302-091258.jsonl
2026-04-04 09:01:24,939 - enhance-content - INFO - Loaded 0 items
2026-04-04 09:01:24,939 - enhance-content - INFO - Saving 0 enhanced items to /root/clawd/data/prompts/enhanced/enhanced-20260404-090124.jsonl...
2026-04-04 09:01:24,940 - enhance-content - INFO - Saved 0 enhanced items to /root/clawd/data/prompts/enhanced/enhanced-20260404-090124.jsonl
2026-04-04 09:01:24,940 - enhance-content - INFO - Enhancement completed: 0 items saved to /root/clawd/data/prompts/enhanced/enhanced-20260404-090124.jsonl
2026-04-04 09:01:24,940 - enhance-content - INFO - Report saved to /root/clawd/data/prompts/enhanced/report-20260404-090124.json
2026-04-07 09:01:34,033 - enhance-content - INFO - Starting content enhancement...
2026-04-07 09:01:34,035 - enhance-content - INFO - Reading from /root/clawd/data/prompts/filtered/filtered-20260302-091258.jsonl
2026-04-07 09:01:34,035 - enhance-content - INFO - Loaded 0 items
2026-04-07 09:01:34,035 - enhance-content - INFO - Saving 0 enhanced items to /root/clawd/data/prompts/enhanced/enhanced-20260407-090134.jsonl...
2026-04-07 09:01:34,035 - enhance-content - INFO - Saved 0 enhanced items to /root/clawd/data/prompts/enhanced/enhanced-20260407-090134.jsonl
2026-04-07 09:01:34,036 - enhance-content - INFO - Enhancement completed: 0 items saved to /root/clawd/data/prompts/enhanced/enhanced-20260407-090134.jsonl
2026-04-07 09:01:34,036 - enhance-content - INFO - Report saved to /root/clawd/data/prompts/enhanced/report-20260407-090134.json
2026-04-08 09:01:48,250 - enhance-content - INFO - Starting content enhancement...
2026-04-08 09:01:48,251 - enhance-content - INFO - Reading from /root/clawd/data/prompts/filtered/filtered-20260302-091258.jsonl
2026-04-08 09:01:48,251 - enhance-content - INFO - Loaded 0 items
2026-04-08 09:01:48,252 - enhance-content - INFO - Saving 0 enhanced items to /root/clawd/data/prompts/enhanced/enhanced-20260408-090148.jsonl...
2026-04-08 09:01:48,252 - enhance-content - INFO - Saved 0 enhanced items to /root/clawd/data/prompts/enhanced/enhanced-20260408-090148.jsonl
2026-04-08 09:01:48,252 - enhance-content - INFO - Enhancement completed: 0 items saved to /root/clawd/data/prompts/enhanced/enhanced-20260408-090148.jsonl
2026-04-08 09:01:48,252 - enhance-content - INFO - Report saved to /root/clawd/data/prompts/enhanced/report-20260408-090148.json
2026-04-09 09:01:23,936 - enhance-content - INFO - Starting content enhancement...
2026-04-09 09:01:23,936 - enhance-content - INFO - Reading from /root/clawd/data/prompts/filtered/filtered-20260302-091258.jsonl
2026-04-09 09:01:23,936 - enhance-content - INFO - Loaded 0 items
2026-04-09 09:01:23,937 - enhance-content - INFO - Saving 0 enhanced items to /root/clawd/data/prompts/enhanced/enhanced-20260409-090123.jsonl...
2026-04-09 09:01:23,937 - enhance-content - INFO - Saved 0 enhanced items to /root/clawd/data/prompts/enhanced/enhanced-20260409-090123.jsonl
2026-04-09 09:01:23,937 - enhance-content - INFO - Enhancement completed: 0 items saved to /root/clawd/data/prompts/enhanced/enhanced-20260409-090123.jsonl
2026-04-09 09:01:23,937 - enhance-content - INFO - Report saved to /root/clawd/data/prompts/enhanced/report-20260409-090123.json
2026-05-03 09:03:08,669 - enhance-content - INFO - Starting content enhancement...
2026-05-03 09:03:08,670 - enhance-content - INFO - Reading from /root/clawd/data/prompts/filtered/filtered-20260302-091258.jsonl
2026-05-03 09:03:08,670 - enhance-content - INFO - Loaded 0 items
2026-05-03 09:03:08,670 - enhance-content - INFO - Saving 0 enhanced items to /root/clawd/data/prompts/enhanced/enhanced-20260503-090308.jsonl...
2026-05-03 09:03:08,671 - enhance-content - INFO - Saved 0 enhanced items to /root/clawd/data/prompts/enhanced/enhanced-20260503-090308.jsonl
2026-05-03 09:03:08,671 - enhance-content - INFO - Enhancement completed: 0 items saved to /root/clawd/data/prompts/enhanced/enhanced-20260503-090308.jsonl
2026-05-03 09:03:08,671 - enhance-content - INFO - Report saved to /root/clawd/data/prompts/enhanced/report-20260503-090308.json
2026-05-04 09:02:48,238 - enhance-content - INFO - Starting content enhancement...
2026-05-04 09:02:48,239 - enhance-content - INFO - Reading from /root/clawd/data/prompts/filtered/filtered-20260302-091258.jsonl
2026-05-04 09:02:48,240 - enhance-content - INFO - Loaded 0 items
2026-05-04 09:02:48,240 - enhance-content - INFO - Saving 0 enhanced items to /root/clawd/data/prompts/enhanced/enhanced-20260504-090248.jsonl...
2026-05-04 09:02:48,240 - enhance-content - INFO - Saved 0 enhanced items to /root/clawd/data/prompts/enhanced/enhanced-20260504-090248.jsonl
2026-05-04 09:02:48,240 - enhance-content - INFO - Enhancement completed: 0 items saved to /root/clawd/data/prompts/enhanced/enhanced-20260504-090248.jsonl
2026-05-04 09:02:48,240 - enhance-content - INFO - Report saved to /root/clawd/data/prompts/enhanced/report-20260504-090248.json
2026-05-06 09:01:33,064 - enhance-content - INFO - Starting content enhancement...
2026-05-06 09:01:33,065 - enhance-content - INFO - Reading from /root/clawd/data/prompts/filtered/filtered-20260302-091258.jsonl
2026-05-06 09:01:33,065 - enhance-content - INFO - Loaded 0 items
2026-05-06 09:01:33,065 - enhance-content - INFO - Saving 0 enhanced items to /root/clawd/data/prompts/enhanced/enhanced-20260506-090133.jsonl...
2026-05-06 09:01:33,065 - enhance-content - INFO - Saved 0 enhanced items to /root/clawd/data/prompts/enhanced/enhanced-20260506-090133.jsonl
2026-05-06 09:01:33,066 - enhance-content - INFO - Enhancement completed: 0 items saved to /root/clawd/data/prompts/enhanced/enhanced-20260506-090133.jsonl
2026-05-06 09:01:33,066 - enhance-content - INFO - Report saved to /root/clawd/data/prompts/enhanced/report-20260506-090133.json
2026-05-07 09:02:37,941 - enhance-content - INFO - Starting content enhancement...
2026-05-07 09:02:37,942 - enhance-content - INFO - Reading from /root/clawd/data/prompts/filtered/filtered-20260302-091258.jsonl
2026-05-07 09:02:37,942 - enhance-content - INFO - Loaded 0 items
2026-05-07 09:02:37,942 - enhance-content - INFO - Saving 0 enhanced items to /root/clawd/data/prompts/enhanced/enhanced-20260507-090237.jsonl...
2026-05-07 09:02:37,942 - enhance-content - INFO - Saved 0 enhanced items to /root/clawd/data/prompts/enhanced/enhanced-20260507-090237.jsonl
2026-05-07 09:02:37,943 - enhance-content - INFO - Enhancement completed: 0 items saved to /root/clawd/data/prompts/enhanced/enhanced-20260507-090237.jsonl
2026-05-07 09:02:37,943 - enhance-content - INFO - Report saved to /root/clawd/data/prompts/enhanced/report-20260507-090237.json
2026-05-08 09:02:08,079 - enhance-content - INFO - Starting content enhancement...
2026-05-08 09:02:08,079 - enhance-content - INFO - Reading from /root/clawd/data/prompts/filtered/filtered-20260302-091258.jsonl
2026-05-08 09:02:08,079 - enhance-content - INFO - Loaded 0 items
2026-05-08 09:02:08,080 - enhance-content - INFO - Saving 0 enhanced items to /root/clawd/data/prompts/enhanced/enhanced-20260508-090208.jsonl...
2026-05-08 09:02:08,080 - enhance-content - INFO - Saved 0 enhanced items to /root/clawd/data/prompts/enhanced/enhanced-20260508-090208.jsonl
2026-05-08 09:02:08,080 - enhance-content - INFO - Enhancement completed: 0 items saved to /root/clawd/data/prompts/enhanced/enhanced-20260508-090208.jsonl
2026-05-08 09:02:08,080 - enhance-content - INFO - Report saved to /root/clawd/data/prompts/enhanced/report-20260508-090208.json
2026-05-09 09:01:47,535 - enhance-content - INFO - Starting content enhancement...
2026-05-09 09:01:47,535 - enhance-content - INFO - Reading from /root/clawd/data/prompts/filtered/filtered-20260302-091258.jsonl
2026-05-09 09:01:47,536 - enhance-content - INFO - Loaded 0 items
2026-05-09 09:01:47,536 - enhance-content - INFO - Saving 0 enhanced items to /root/clawd/data/prompts/enhanced/enhanced-20260509-090147.jsonl...
2026-05-09 09:01:47,536 - enhance-content - INFO - Saved 0 enhanced items to /root/clawd/data/prompts/enhanced/enhanced-20260509-090147.jsonl
2026-05-09 09:01:47,536 - enhance-content - INFO - Enhancement completed: 0 items saved to /root/clawd/data/prompts/enhanced/enhanced-20260509-090147.jsonl
2026-05-09 09:01:47,536 - enhance-content - INFO - Report saved to /root/clawd/data/prompts/enhanced/report-20260509-090147.json
2026-06-02 09:02:04,948 - enhance-content - INFO - Starting content enhancement...
2026-06-02 09:02:04,949 - enhance-content - INFO - Reading from /root/clawd/data/prompts/filtered/filtered-20260302-091258.jsonl
2026-06-02 09:02:04,950 - enhance-content - INFO - Loaded 0 items
2026-06-02 09:02:04,950 - enhance-content - INFO - Saving 0 enhanced items to /root/clawd/data/prompts/enhanced/enhanced-20260602-090204.jsonl...
2026-06-02 09:02:04,950 - enhance-content - INFO - Saved 0 enhanced items to /root/clawd/data/prompts/enhanced/enhanced-20260602-090204.jsonl
2026-06-02 09:02:04,950 - enhance-content - INFO - Enhancement completed: 0 items saved to /root/clawd/data/prompts/enhanced/enhanced-20260602-090204.jsonl
2026-06-02 09:02:04,951 - enhance-content - INFO - Report saved to /root/clawd/data/prompts/enhanced/report-20260602-090204.json
2026-06-03 09:01:36,338 - enhance-content - INFO - Starting content enhancement...
2026-06-03 09:01:36,339 - enhance-content - INFO - Reading from /root/clawd/data/prompts/filtered/filtered-20260302-091258.jsonl
2026-06-03 09:01:36,339 - enhance-content - INFO - Loaded 0 items
2026-06-03 09:01:36,339 - enhance-content - INFO - Saving 0 enhanced items to /root/clawd/data/prompts/enhanced/enhanced-20260603-090136.jsonl...
2026-06-03 09:01:36,339 - enhance-content - INFO - Saved 0 enhanced items to /root/clawd/data/prompts/enhanced/enhanced-20260603-090136.jsonl
2026-06-03 09:01:36,340 - enhance-content - INFO - Enhancement completed: 0 items saved to /root/clawd/data/prompts/enhanced/enhanced-20260603-090136.jsonl
2026-06-03 09:01:36,340 - enhance-content - INFO - Report saved to /root/clawd/data/prompts/enhanced/report-20260603-090136.json
2026-06-05 09:01:16,457 - enhance-content - INFO - Starting content enhancement...
2026-06-05 09:01:16,458 - enhance-content - INFO - Reading from /root/clawd/data/prompts/filtered/filtered-20260302-091258.jsonl
2026-06-05 09:01:16,458 - enhance-content - INFO - Loaded 0 items
2026-06-05 09:01:16,458 - enhance-content - INFO - Saving 0 enhanced items to /root/clawd/data/prompts/enhanced/enhanced-20260605-090116.jsonl...
2026-06-05 09:01:16,458 - enhance-content - INFO - Saved 0 enhanced items to /root/clawd/data/prompts/enhanced/enhanced-20260605-090116.jsonl
2026-06-05 09:01:16,458 - enhance-content - INFO - Enhancement completed: 0 items saved to /root/clawd/data/prompts/enhanced/enhanced-20260605-090116.jsonl
2026-06-05 09:01:16,459 - enhance-content - INFO - Report saved to /root/clawd/data/prompts/enhanced/report-20260605-090116.json
2026-06-06 09:01:25,002 - enhance-content - INFO - Starting content enhancement...
2026-06-06 09:01:25,003 - enhance-content - INFO - Reading from /root/clawd/data/prompts/filtered/filtered-20260302-091258.jsonl
2026-06-06 09:01:25,003 - enhance-content - INFO - Loaded 0 items
2026-06-06 09:01:25,003 - enhance-content - INFO - Saving 0 enhanced items to /root/clawd/data/prompts/enhanced/enhanced-20260606-090125.jsonl...
2026-06-06 09:01:25,003 - enhance-content - INFO - Saved 0 enhanced items to /root/clawd/data/prompts/enhanced/enhanced-20260606-090125.jsonl
2026-06-06 09:01:25,003 - enhance-content - INFO - Enhancement completed: 0 items saved to /root/clawd/data/prompts/enhanced/enhanced-20260606-090125.jsonl
2026-06-06 09:01:25,004 - enhance-content - INFO - Report saved to /root/clawd/data/prompts/enhanced/report-20260606-090125.json
2026-06-09 09:02:00,361 - enhance-content - INFO - Starting content enhancement...
2026-06-09 09:02:00,361 - enhance-content - INFO - Reading from /root/clawd/data/prompts/filtered/filtered-20260302-091258.jsonl
2026-06-09 09:02:00,362 - enhance-content - INFO - Loaded 0 items
2026-06-09 09:02:00,362 - enhance-content - INFO - Saving 0 enhanced items to /root/clawd/data/prompts/enhanced/enhanced-20260609-090200.jsonl...
2026-06-09 09:02:00,362 - enhance-content - INFO - Saved 0 enhanced items to /root/clawd/data/prompts/enhanced/enhanced-20260609-090200.jsonl
2026-06-09 09:02:00,362 - enhance-content - INFO - Enhancement completed: 0 items saved to /root/clawd/data/prompts/enhanced/enhanced-20260609-090200.jsonl
2026-06-09 09:02:00,362 - enhance-content - INFO - Report saved to /root/clawd/data/prompts/enhanced/report-20260609-090200.json
2026-06-10 09:01:17,265 - enhance-content - INFO - Starting content enhancement...
2026-06-10 09:01:17,266 - enhance-content - INFO - Reading from /root/clawd/data/prompts/filtered/filtered-20260302-091258.jsonl
2026-06-10 09:01:17,266 - enhance-content - INFO - Loaded 0 items
2026-06-10 09:01:17,266 - enhance-content - INFO - Saving 0 enhanced items to /root/clawd/data/prompts/enhanced/enhanced-20260610-090117.jsonl...
2026-06-10 09:01:17,267 - enhance-content - INFO - Saved 0 enhanced items to /root/clawd/data/prompts/enhanced/enhanced-20260610-090117.jsonl
2026-06-10 09:01:17,267 - enhance-content - INFO - Enhancement completed: 0 items saved to /root/clawd/data/prompts/enhanced/enhanced-20260610-090117.jsonl
2026-06-10 09:01:17,267 - enhance-content - INFO - Report saved to /root/clawd/data/prompts/enhanced/report-20260610-090117.json
2026-06-11 09:01:34,269 - enhance-content - INFO - Starting content enhancement...
2026-06-11 09:01:34,270 - enhance-content - INFO - Reading from /root/clawd/data/prompts/filtered/filtered-20260302-091258.jsonl
2026-06-11 09:01:34,270 - enhance-content - INFO - Loaded 0 items
2026-06-11 09:01:34,270 - enhance-content - INFO - Saving 0 enhanced items to /root/clawd/data/prompts/enhanced/enhanced-20260611-090134.jsonl...
2026-06-11 09:01:34,270 - enhance-content - INFO - Saved 0 enhanced items to /root/clawd/data/prompts/enhanced/enhanced-20260611-090134.jsonl
2026-06-11 09:01:34,271 - enhance-content - INFO - Enhancement completed: 0 items saved to /root/clawd/data/prompts/enhanced/enhanced-20260611-090134.jsonl
2026-06-11 09:01:34,271 - enhance-content - INFO - Report saved to /root/clawd/data/prompts/enhanced/report-20260611-090134.json
2026-06-12 09:01:15,885 - enhance-content - INFO - Starting content enhancement...
2026-06-12 09:01:15,886 - enhance-content - INFO - Reading from /root/clawd/data/prompts/filtered/filtered-20260302-091258.jsonl
2026-06-12 09:01:15,886 - enhance-content - INFO - Loaded 0 items
2026-06-12 09:01:15,886 - enhance-content - INFO - Saving 0 enhanced items to /root/clawd/data/prompts/enhanced/enhanced-20260612-090115.jsonl...
2026-06-12 09:01:15,887 - enhance-content - INFO - Saved 0 enhanced items to /root/clawd/data/prompts/enhanced/enhanced-20260612-090115.jsonl
2026-06-12 09:01:15,887 - enhance-content - INFO - Enhancement completed: 0 items saved to /root/clawd/data/prompts/enhanced/enhanced-20260612-090115.jsonl
2026-06-12 09:01:15,887 - enhance-content - INFO - Report saved to /root/clawd/data/prompts/enhanced/report-20260612-090115.json
2026-06-13 09:00:46,924 - enhance-content - INFO - Starting content enhancement...
2026-06-13 09:00:46,924 - enhance-content - INFO - Reading from /root/clawd/data/prompts/filtered/filtered-20260302-091258.jsonl
2026-06-13 09:00:46,925 - enhance-content - INFO - Loaded 0 items
2026-06-13 09:00:46,925 - enhance-content - INFO - Saving 0 enhanced items to /root/clawd/data/prompts/enhanced/enhanced-20260613-090046.jsonl...
2026-06-13 09:00:46,925 - enhance-content - INFO - Saved 0 enhanced items to /root/clawd/data/prompts/enhanced/enhanced-20260613-090046.jsonl
2026-06-13 09:00:46,925 - enhance-content - INFO - Enhancement completed: 0 items saved to /root/clawd/data/prompts/enhanced/enhanced-20260613-090046.jsonl
2026-06-13 09:00:46,925 - enhance-content - INFO - Report saved to /root/clawd/data/prompts/enhanced/report-20260613-090046.json
2026-06-14 09:02:11,918 - enhance-content - INFO - Starting content enhancement...
2026-06-14 09:02:11,919 - enhance-content - INFO - Reading from /root/clawd/data/prompts/filtered/filtered-20260302-091258.jsonl
2026-06-14 09:02:11,919 - enhance-content - INFO - Loaded 0 items
2026-06-14 09:02:11,919 - enhance-content - INFO - Saving 0 enhanced items to /root/clawd/data/prompts/enhanced/enhanced-20260614-090211.jsonl...
2026-06-14 09:02:11,920 - enhance-content - INFO - Saved 0 enhanced items to /root/clawd/data/prompts/enhanced/enhanced-20260614-090211.jsonl
2026-06-14 09:02:11,920 - enhance-content - INFO - Enhancement completed: 0 items saved to /root/clawd/data/prompts/enhanced/enhanced-20260614-090211.jsonl
2026-06-14 09:02:11,920 - enhance-content - INFO - Report saved to /root/clawd/data/prompts/enhanced/report-20260614-090211.json
2026-06-15 09:01:17,983 - enhance-content - INFO - Starting content enhancement...
2026-06-15 09:01:17,984 - enhance-content - INFO - Reading from /root/clawd/data/prompts/filtered/filtered-20260302-091258.jsonl
2026-06-15 09:01:17,984 - enhance-content - INFO - Loaded 0 items
2026-06-15 09:01:17,984 - enhance-content - INFO - Saving 0 enhanced items to /root/clawd/data/prompts/enhanced/enhanced-20260615-090117.jsonl...
2026-06-15 09:01:17,985 - enhance-content - INFO - Saved 0 enhanced items to /root/clawd/data/prompts/enhanced/enhanced-20260615-090117.jsonl
2026-06-15 09:01:17,985 - enhance-content - INFO - Enhancement completed: 0 items saved to /root/clawd/data/prompts/enhanced/enhanced-20260615-090117.jsonl
2026-06-15 09:01:17,985 - enhance-content - INFO - Report saved to /root/clawd/data/prompts/enhanced/report-20260615-090117.json
2026-06-16 09:01:14,136 - enhance-content - INFO - Starting content enhancement...
2026-06-16 09:01:14,137 - enhance-content - INFO - Reading from /root/clawd/data/prompts/filtered/filtered-20260302-091258.jsonl
2026-06-16 09:01:14,137 - enhance-content - INFO - Loaded 0 items
2026-06-16 09:01:14,137 - enhance-content - INFO - Saving 0 enhanced items to /root/clawd/data/prompts/enhanced/enhanced-20260616-090114.jsonl...
2026-06-16 09:01:14,137 - enhance-content - INFO - Saved 0 enhanced items to /root/clawd/data/prompts/enhanced/enhanced-20260616-090114.jsonl
2026-06-16 09:01:14,137 - enhance-content - INFO - Enhancement completed: 0 items saved to /root/clawd/data/prompts/enhanced/enhanced-20260616-090114.jsonl
2026-06-16 09:01:14,138 - enhance-content - INFO - Report saved to /root/clawd/data/prompts/enhanced/report-20260616-090114.json
2026-06-17 09:01:30,142 - enhance-content - INFO - Starting content enhancement...
2026-06-17 09:01:30,143 - enhance-content - INFO - Reading from /root/clawd/data/prompts/filtered/filtered-20260302-091258.jsonl
2026-06-17 09:01:30,143 - enhance-content - INFO - Loaded 0 items
2026-06-17 09:01:30,143 - enhance-content - INFO - Saving 0 enhanced items to /root/clawd/data/prompts/enhanced/enhanced-20260617-090130.jsonl...
2026-06-17 09:01:30,143 - enhance-content - INFO - Saved 0 enhanced items to /root/clawd/data/prompts/enhanced/enhanced-20260617-090130.jsonl
2026-06-17 09:01:30,143 - enhance-content - INFO - Enhancement completed: 0 items saved to /root/clawd/data/prompts/enhanced/enhanced-20260617-090130.jsonl
2026-06-17 09:01:30,144 - enhance-content - INFO - Report saved to /root/clawd/data/prompts/enhanced/report-20260617-090130.json
2026-06-18 09:01:50,054 - enhance-content - INFO - Starting content enhancement...
2026-06-18 09:01:50,054 - enhance-content - INFO - Reading from /root/clawd/data/prompts/filtered/filtered-20260302-091258.jsonl
2026-06-18 09:01:50,055 - enhance-content - INFO - Loaded 0 items
2026-06-18 09:01:50,055 - enhance-content - INFO - Saving 0 enhanced items to /root/clawd/data/prompts/enhanced/enhanced-20260618-090150.jsonl...
2026-06-18 09:01:50,055 - enhance-content - INFO - Saved 0 enhanced items to /root/clawd/data/prompts/enhanced/enhanced-20260618-090150.jsonl
2026-06-18 09:01:50,055 - enhance-content - INFO - Enhancement completed: 0 items saved to /root/clawd/data/prompts/enhanced/enhanced-20260618-090150.jsonl
2026-06-18 09:01:50,055 - enhance-content - INFO - Report saved to /root/clawd/data/prompts/enhanced/report-20260618-090150.json
2026-06-19 09:01:28,281 - enhance-content - INFO - Starting content enhancement...
2026-06-19 09:01:28,281 - enhance-content - INFO - Reading from /root/clawd/data/prompts/filtered/filtered-20260302-091258.jsonl
2026-06-19 09:01:28,281 - enhance-content - INFO - Loaded 0 items
2026-06-19 09:01:28,282 - enhance-content - INFO - Saving 0 enhanced items to /root/clawd/data/prompts/enhanced/enhanced-20260619-090128.jsonl...
2026-06-19 09:01:28,282 - enhance-content - INFO - Saved 0 enhanced items to /root/clawd/data/prompts/enhanced/enhanced-20260619-090128.jsonl
2026-06-19 09:01:28,282 - enhance-content - INFO - Enhancement completed: 0 items saved to /root/clawd/data/prompts/enhanced/enhanced-20260619-090128.jsonl
2026-06-19 09:01:28,282 - enhance-content - INFO - Report saved to /root/clawd/data/prompts/enhanced/report-20260619-090128.json
2026-06-20 09:01:17,729 - enhance-content - INFO - Starting content enhancement...
2026-06-20 09:01:17,730 - enhance-content - INFO - Reading from /root/clawd/data/prompts/filtered/filtered-20260302-091258.jsonl
2026-06-20 09:01:17,731 - enhance-content - INFO - Loaded 0 items
2026-06-20 09:01:17,731 - enhance-content - INFO - Saving 0 enhanced items to /root/clawd/data/prompts/enhanced/enhanced-20260620-090117.jsonl...
2026-06-20 09:01:17,731 - enhance-content - INFO - Saved 0 enhanced items to /root/clawd/data/prompts/enhanced/enhanced-20260620-090117.jsonl
2026-06-20 09:01:17,731 - enhance-content - INFO - Enhancement completed: 0 items saved to /root/clawd/data/prompts/enhanced/enhanced-20260620-090117.jsonl
2026-06-20 09:01:17,731 - enhance-content - INFO - Report saved to /root/clawd/data/prompts/enhanced/report-20260620-090117.json
2026-06-21 09:01:25,799 - enhance-content - INFO - Starting content enhancement...
2026-06-21 09:01:25,799 - enhance-content - INFO - Reading from /root/clawd/data/prompts/filtered/filtered-20260302-091258.jsonl
2026-06-21 09:01:25,800 - enhance-content - INFO - Loaded 0 items
2026-06-21 09:01:25,800 - enhance-content - INFO - Saving 0 enhanced items to /root/clawd/data/prompts/enhanced/enhanced-20260621-090125.jsonl...
2026-06-21 09:01:25,800 - enhance-content - INFO - Saved 0 enhanced items to /root/clawd/data/prompts/enhanced/enhanced-20260621-090125.jsonl
2026-06-21 09:01:25,800 - enhance-content - INFO - Enhancement completed: 0 items saved to /root/clawd/data/prompts/enhanced/enhanced-20260621-090125.jsonl
2026-06-21 09:01:25,800 - enhance-content - INFO - Report saved to /root/clawd/data/prompts/enhanced/report-20260621-090125.json
2026-06-23 09:01:14,867 - enhance-content - INFO - Starting content enhancement...
2026-06-23 09:01:14,868 - enhance-content - INFO - Reading from /root/clawd/data/prompts/filtered/filtered-20260302-091258.jsonl
2026-06-23 09:01:14,868 - enhance-content - INFO - Loaded 0 items
2026-06-23 09:01:14,868 - enhance-content - INFO - Saving 0 enhanced items to /root/clawd/data/prompts/enhanced/enhanced-20260623-090114.jsonl...
2026-06-23 09:01:14,868 - enhance-content - INFO - Saved 0 enhanced items to /root/clawd/data/prompts/enhanced/enhanced-20260623-090114.jsonl
2026-06-23 09:01:14,868 - enhance-content - INFO - Enhancement completed: 0 items saved to /root/clawd/data/prompts/enhanced/enhanced-20260623-090114.jsonl
2026-06-23 09:01:14,869 - enhance-content - INFO - Report saved to /root/clawd/data/prompts/enhanced/report-20260623-090114.json
2026-06-24 09:01:29,495 - enhance-content - INFO - Starting content enhancement...
2026-06-24 09:01:29,496 - enhance-content - INFO - Reading from /root/clawd/data/prompts/filtered/filtered-20260302-091258.jsonl
2026-06-24 09:01:29,496 - enhance-content - INFO - Loaded 0 items
2026-06-24 09:01:29,496 - enhance-content - INFO - Saving 0 enhanced items to /root/clawd/data/prompts/enhanced/enhanced-20260624-090129.jsonl...
2026-06-24 09:01:29,497 - enhance-content - INFO - Saved 0 enhanced items to /root/clawd/data/prompts/enhanced/enhanced-20260624-090129.jsonl
2026-06-24 09:01:29,497 - enhance-content - INFO - Enhancement completed: 0 items saved to /root/clawd/data/prompts/enhanced/enhanced-20260624-090129.jsonl
2026-06-24 09:01:29,497 - enhance-content - INFO - Report saved to /root/clawd/data/prompts/enhanced/report-20260624-090129.json
2026-06-25 09:01:27,934 - enhance-content - INFO - Starting content enhancement...
2026-06-25 09:01:27,935 - enhance-content - INFO - Reading from /root/clawd/data/prompts/filtered/filtered-20260302-091258.jsonl
2026-06-25 09:01:27,935 - enhance-content - INFO - Loaded 0 items
2026-06-25 09:01:27,935 - enhance-content - INFO - Saving 0 enhanced items to /root/clawd/data/prompts/enhanced/enhanced-20260625-090127.jsonl...
2026-06-25 09:01:27,935 - enhance-content - INFO - Saved 0 enhanced items to /root/clawd/data/prompts/enhanced/enhanced-20260625-090127.jsonl
2026-06-25 09:01:27,935 - enhance-content - INFO - Enhancement completed: 0 items saved to /root/clawd/data/prompts/enhanced/enhanced-20260625-090127.jsonl
2026-06-25 09:01:27,936 - enhance-content - INFO - Report saved to /root/clawd/data/prompts/enhanced/report-20260625-090127.json
2026-06-26 09:01:14,558 - enhance-content - INFO - Starting content enhancement...
2026-06-26 09:01:14,559 - enhance-content - INFO - Reading from /root/clawd/data/prompts/filtered/filtered-20260302-091258.jsonl
2026-06-26 09:01:14,559 - enhance-content - INFO - Loaded 0 items
2026-06-26 09:01:14,559 - enhance-content - INFO - Saving 0 enhanced items to /root/clawd/data/prompts/enhanced/enhanced-20260626-090114.jsonl...
2026-06-26 09:01:14,559 - enhance-content - INFO - Saved 0 enhanced items to /root/clawd/data/prompts/enhanced/enhanced-20260626-090114.jsonl
2026-06-26 09:01:14,559 - enhance-content - INFO - Enhancement completed: 0 items saved to /root/clawd/data/prompts/enhanced/enhanced-20260626-090114.jsonl
2026-06-26 09:01:14,559 - enhance-content - INFO - Report saved to /root/clawd/data/prompts/enhanced/report-20260626-090114.json
2026-06-30 09:01:21,894 - enhance-content - INFO - Starting content enhancement...
2026-06-30 09:01:21,895 - enhance-content - INFO - Reading from /root/clawd/data/prompts/filtered/filtered-20260302-091258.jsonl
2026-06-30 09:01:21,895 - enhance-content - INFO - Loaded 0 items
2026-06-30 09:01:21,895 - enhance-content - INFO - Saving 0 enhanced items to /root/clawd/data/prompts/enhanced/enhanced-20260630-090121.jsonl...
2026-06-30 09:01:21,896 - enhance-content - INFO - Saved 0 enhanced items to /root/clawd/data/prompts/enhanced/enhanced-20260630-090121.jsonl
2026-06-30 09:01:21,896 - enhance-content - INFO - Enhancement completed: 0 items saved to /root/clawd/data/prompts/enhanced/enhanced-20260630-090121.jsonl
2026-06-30 09:01:21,896 - enhance-content - INFO - Report saved to /root/clawd/data/prompts/enhanced/report-20260630-090121.json
2026-07-01 09:01:17,544 - enhance-content - INFO - Starting content enhancement...
2026-07-01 09:01:17,545 - enhance-content - INFO - Reading from /root/clawd/data/prompts/filtered/filtered-20260302-091258.jsonl
2026-07-01 09:01:17,545 - enhance-content - INFO - Loaded 0 items
2026-07-01 09:01:17,545 - enhance-content - INFO - Saving 0 enhanced items to /root/clawd/data/prompts/enhanced/enhanced-20260701-090117.jsonl...
2026-07-01 09:01:17,546 - enhance-content - INFO - Saved 0 enhanced items to /root/clawd/data/prompts/enhanced/enhanced-20260701-090117.jsonl
2026-07-01 09:01:17,547 - enhance-content - INFO - Enhancement completed: 0 items saved to /root/clawd/data/prompts/enhanced/enhanced-20260701-090117.jsonl
2026-07-01 09:01:17,547 - enhance-content - INFO - Report saved to /root/clawd/data/prompts/enhanced/report-20260701-090117.json
2026-07-02 09:01:16,752 - enhance-content - INFO - Starting content enhancement...
2026-07-02 09:01:16,753 - enhance-content - INFO - Reading from /root/clawd/data/prompts/filtered/filtered-20260302-091258.jsonl
2026-07-02 09:01:16,753 - enhance-content - INFO - Loaded 0 items
2026-07-02 09:01:16,753 - enhance-content - INFO - Saving 0 enhanced items to /root/clawd/data/prompts/enhanced/enhanced-20260702-090116.jsonl...
2026-07-02 09:01:16,753 - enhance-content - INFO - Saved 0 enhanced items to /root/clawd/data/prompts/enhanced/enhanced-20260702-090116.jsonl
2026-07-02 09:01:16,753 - enhance-content - INFO - Enhancement completed: 0 items saved to /root/clawd/data/prompts/enhanced/enhanced-20260702-090116.jsonl
2026-07-02 09:01:16,754 - enhance-content - INFO - Report saved to /root/clawd/data/prompts/enhanced/report-20260702-090116.json
