- Preparing a-b-test-variations@1.0.0
✔ OK. Published a-b-test-variations@1.0.0 (k973yp5kmq04snyrdk3qrwr51n80j7v3)
- Preparing animated-product-explainer@1.0.0
✔ OK. Published animated-product-explainer@1.0.0 (k9713r62kc5qfddxw2a4wb09a580kjw1)
- Preparing before-after-transformation-video@1.0.0
✔ OK. Published before-after-transformation-video@1.0.0 (k9790c4d2btdhvwz3bnwtaafjx80kpws)
- Preparing brand-story-video@1.0.0
✔ OK. Published brand-story-video@1.0.0 (k977tpshkwbtkrss3kxn75wbgd80kn0y)
- Preparing cinematic-product-film@1.0.0
✔ OK. Published cinematic-product-film@1.0.0 (k97evn22tyakh8m03bjx5bqb8n80kec6)
- Preparing lifestyle-product-shot@1.0.0
✔ OK. Published lifestyle-product-shot@1.0.0 (k974b58fyjtwtd3534jxtwxf3980k40e)
- Preparing lifestyle-scene-video@1.0.0
✔ OK. Published lifestyle-scene-video@1.0.0 (k9781cscn8bsq17hr4g1bkchjn80jpqt)
- Preparing marketing-promo-video@1.0.0
✔ OK. Published marketing-promo-video@1.0.0 (k9713bn9dgayq4m6gbtbt9fwqh80jf9d)
- Preparing product-comparison-video@1.0.0
✔ OK. Published product-comparison-video@1.0.0 (k973v9ybggrwbqg7247q5nzg9d80kwsh)
- Preparing product-detail-shot@1.0.0
✔ OK. Published product-detail-shot@1.0.0 (k97chhz2cbme1khacry5ahj14h80jxpg)
- Preparing product-showcase-video@1.0.0
✔ OK. Published product-showcase-video@1.0.0 (k97fc238eh8vw73eq770nn95c980k8cc)
- Preparing product-studio-shot@1.0.0
✔ OK. Published product-studio-shot@1.0.0 (k970qskwmwkfhcq6pw1pv4kwj180km37)
- Preparing product-tutorial-video@1.0.0
✔ OK. Published product-tutorial-video@1.0.0 (k972ysfm0wcg47qta7xqha57ad80jtc3)
- Preparing quick-demo-video@1.0.0
✔ OK. Published quick-demo-video@1.0.0 (k97e30emhjxj3fbebgshsppc3d80jxgx)
- Preparing seasonal-campaign-video@1.0.0
✔ OK. Published seasonal-campaign-video@1.0.0 (k97fh5znywq2z2rgq4e4609zv180ks67)
- Preparing seasonal-product-image@1.0.0
✔ OK. Published seasonal-product-image@1.0.0 (k971yjemh573bd1ydkcm2sq6m180kvez)
- Preparing social-media-carousel@1.0.0
✔ OK. Published social-media-carousel@1.0.0 (k970z6z8eqstjt1zz1m08s77w980j715)
- Preparing social-media-story-video@1.0.0
✔ OK. Published social-media-story-video@1.0.0 (k97d5eb67pmn6bb0n75x05qwkh80ktpn)
- Preparing testimonial-montage@1.0.0
✔ OK. Published testimonial-montage@1.0.0 (k9709k44nwh2cwqmf8htb0j40x80j0ce)
- Preparing unboxing-experience-video@1.0.0
✔ OK. Published unboxing-experience-video@1.0.0 (k976xeygkq4h8g9pjb7vxcm18h80kgc8)
