[2026-02-11 04:00:01] ==========================================
[2026-02-11 04:00:01] Rclone 多云备份
[2026-02-11 04:00:01] ==========================================
[2026-02-11 04:00:01] 开始时间: Wed Feb 11 04:00:01 UTC 2026
[2026-02-11 04:00:01] 本地目录: /root/clawd/downloads
[2026-02-11 04:00:01] 远程路径: baidu:/ai-content-creator/downloads
[2026-02-11 04:00:01] 
[2026-02-11 04:00:01] ❌ rclone 未安装
[2026-02-11 04:00:01] 正在安装 rclone...
  % Total    % Received % Xferd  Average Speed   Time    Time     Time  Current
                                 Dload  Upload   Total   Spent    Left  Speed
  0     0    0     0    0     0      0      0 --:--:-- --:--:-- --:--:--     0100  4734  100  4734    0     0   5619      0 --:--:-- --:--:-- --:--:--  5629
Archive:  rclone-current-linux-amd64.zip
   creating: tmp_unzip_dir_for_rclone/rclone-v1.73.0-linux-amd64/
  inflating: tmp_unzip_dir_for_rclone/rclone-v1.73.0-linux-amd64/rclone  [binary]
  inflating: tmp_unzip_dir_for_rclone/rclone-v1.73.0-linux-amd64/README.txt  [text]  
  inflating: tmp_unzip_dir_for_rclone/rclone-v1.73.0-linux-amd64/README.html  [text]  
  inflating: tmp_unzip_dir_for_rclone/rclone-v1.73.0-linux-amd64/rclone.1  [text]  
  inflating: tmp_unzip_dir_for_rclone/rclone-v1.73.0-linux-amd64/git-log.txt  [text]  
Purging old database entries in /usr/share/man...
Processing manual pages under /usr/share/man...
Checking for stray cats under /usr/share/man...
Checking for stray cats under /var/cache/man...
Purging old database entries in /usr/share/man/id...
Processing manual pages under /usr/share/man/id...
Checking for stray cats under /usr/share/man/id...
Checking for stray cats under /var/cache/man/id...
Purging old database entries in /usr/share/man/da...
Processing manual pages under /usr/share/man/da...
Checking for stray cats under /usr/share/man/da...
Checking for stray cats under /var/cache/man/da...
Purging old database entries in /usr/share/man/pt...
Processing manual pages under /usr/share/man/pt...
Checking for stray cats under /usr/share/man/pt...
Checking for stray cats under /var/cache/man/pt...
Purging old database entries in /usr/share/man/fi...
Processing manual pages under /usr/share/man/fi...
Checking for stray cats under /usr/share/man/fi...
Checking for stray cats under /var/cache/man/fi...
Purging old database entries in /usr/share/man/sr...
Processing manual pages under /usr/share/man/sr...
Checking for stray cats under /usr/share/man/sr...
Checking for stray cats under /var/cache/man/sr...
Purging old database entries in /usr/share/man/sv...
Processing manual pages under /usr/share/man/sv...
Checking for stray cats under /usr/share/man/sv...
Checking for stray cats under /var/cache/man/sv...
Purging old database entries in /usr/share/man/hu...
Processing manual pages under /usr/share/man/hu...
Checking for stray cats under /usr/share/man/hu...
Checking for stray cats under /var/cache/man/hu...
Purging old database entries in /usr/share/man/ru...
Processing manual pages under /usr/share/man/ru...
Checking for stray cats under /usr/share/man/ru...
Checking for stray cats under /var/cache/man/ru...
Purging old database entries in /usr/share/man/ja...
Processing manual pages under /usr/share/man/ja...
Checking for stray cats under /usr/share/man/ja...
Checking for stray cats under /var/cache/man/ja...
Purging old database entries in /usr/share/man/tr...
Processing manual pages under /usr/share/man/tr...
Checking for stray cats under /usr/share/man/tr...
Checking for stray cats under /var/cache/man/tr...
Purging old database entries in /usr/share/man/uk...
Processing manual pages under /usr/share/man/uk...
Checking for stray cats under /usr/share/man/uk...
Checking for stray cats under /var/cache/man/uk...
Purging old database entries in /usr/share/man/nl...
Processing manual pages under /usr/share/man/nl...
Checking for stray cats under /usr/share/man/nl...
Checking for stray cats under /var/cache/man/nl...
Purging old database entries in /usr/share/man/ko...
Processing manual pages under /usr/share/man/ko...
Checking for stray cats under /usr/share/man/ko...
Checking for stray cats under /var/cache/man/ko...
Purging old database entries in /usr/share/man/zh_CN...
Processing manual pages under /usr/share/man/zh_CN...
Checking for stray cats under /usr/share/man/zh_CN...
Checking for stray cats under /var/cache/man/zh_CN...
Purging old database entries in /usr/share/man/ro...
Processing manual pages under /usr/share/man/ro...
Checking for stray cats under /usr/share/man/ro...
Checking for stray cats under /var/cache/man/ro...
Purging old database entries in /usr/share/man/es...
Processing manual pages under /usr/share/man/es...
Checking for stray cats under /usr/share/man/es...
Checking for stray cats under /var/cache/man/es...
Purging old database entries in /usr/share/man/cs...
Processing manual pages under /usr/share/man/cs...
Checking for stray cats under /usr/share/man/cs...
Checking for stray cats under /var/cache/man/cs...
Purging old database entries in /usr/share/man/zh_TW...
Processing manual pages under /usr/share/man/zh_TW...
Checking for stray cats under /usr/share/man/zh_TW...
Checking for stray cats under /var/cache/man/zh_TW...
Purging old database entries in /usr/share/man/pt_BR...
Processing manual pages under /usr/share/man/pt_BR...
Checking for stray cats under /usr/share/man/pt_BR...
CheckiUpdating index cache for path `/usr/local/man/man1'. Wait...
ng for stray cats under /var/cache/man/pt_BR...
Purging old database entries in /usr/share/man/hr...
Processing manual pages under /usr/share/man/hr...
Checking for stray cats under /usr/share/man/hr...
Checking for stray cats under /var/cache/man/hr...
Purging old database entries in /usr/share/man/pl...
Processing manual pages under /usr/share/man/pl...
Checking for stray cats under /usr/share/man/pl...
Checking for stray cats under /var/cache/man/pl...
Purging old database entries in /usr/share/man/fr...
Processing manual pages under /usr/share/man/fr...
Checking for stray cats under /usr/share/man/fr...
Checking for stray cats under /var/cache/man/fr...
Purging old database entries in /usr/share/man/de...
Processing manual pages under /usr/share/man/de...
Checking for stray cats under /usr/share/man/de...
Checking for stray cats under /var/cache/man/de...
Purging old database entries in /usr/share/man/it...
Processing manual pages under /usr/share/man/it...
Checking for stray cats under /usr/share/man/it...
Checking for stray cats under /var/cache/man/it...
Purging old database entries in /usr/share/man/sl...
Processing manual pages under /usr/share/man/sl...
Checking for stray cats under /usr/share/man/sl...
Checking for stray cats under /var/cache/man/sl...
Processing manual pages under /usr/local/man...
done.
Checking for stray cats under /usr/local/man...
Checking for stray cats under /var/cache/man/oldlocal...
1 man subdirectory contained newer manual pages.
1 manual page was added.
0 stray cats were added.
0 old database entries were purged.

rclone v1.73.0 has successfully installed.
Now run "rclone config" for setup. Check https://rclone.org/docs/ for more details.

[2026-02-11 04:01:57] ✅ rclone 安装成功
[2026-02-11 04:01:57] ⚠️  rclone 配置文件不存在
[2026-02-11 04:01:57] 需要先配置 rclone
[2026-02-11 04:01:57] 
[2026-02-11 04:01:57] 配置步骤：
[2026-02-11 04:01:57] 1. 运行: rclone config
[2026-02-11 04:01:57] 2. 添加远程存储（百度云、阿里云盘等）
[2026-02-11 04:01:57] 3. 保存配置
[2026-02-11 04:01:57] 
[2026-02-11 04:01:57] 配置完成后，备份脚本将自动运行
[2026-02-12 04:00:01] ==========================================
[2026-02-12 04:00:01] Rclone 多云备份
[2026-02-12 04:00:01] ==========================================
[2026-02-12 04:00:01] 开始时间: Thu Feb 12 04:00:01 UTC 2026
[2026-02-12 04:00:01] 本地目录: /root/clawd/downloads
[2026-02-12 04:00:01] 远程路径: baidu:/ai-content-creator/downloads
[2026-02-12 04:00:01] 
[2026-02-12 04:00:01] ⚠️  rclone 配置文件不存在
[2026-02-12 04:00:01] 需要先配置 rclone
[2026-02-12 04:00:01] 
[2026-02-12 04:00:01] 配置步骤：
[2026-02-12 04:00:01] 1. 运行: rclone config
[2026-02-12 04:00:01] 2. 添加远程存储（百度云、阿里云盘等）
[2026-02-12 04:00:01] 3. 保存配置
[2026-02-12 04:00:01] 
[2026-02-12 04:00:01] 配置完成后，备份脚本将自动运行
