2026-02-05 08:02:07,576 - score-content - INFO - Starting content scoring...
2026-02-05 08:02:07,577 - score-content - INFO - Reading from /root/clawd/data/prompts/classified/classified-20260205-080113.jsonl
2026-02-05 08:02:07,577 - score-content - INFO - Loaded 4 items
2026-02-05 08:02:07,578 - score-content - INFO - Saving 4 scored items to /root/clawd/data/prompts/scored/scored-20260205-080207.jsonl...
2026-02-05 08:02:07,578 - score-content - INFO - Saved 4 scored items to /root/clawd/data/prompts/scored/scored-20260205-080207.jsonl
2026-02-05 08:02:07,578 - score-content - INFO - Scoring completed: 4 items saved to /root/clawd/data/prompts/scored/scored-20260205-080207.jsonl
2026-02-05 08:02:07,578 - score-content - INFO - Report saved to /root/clawd/data/prompts/scored/report-20260205-080207.json
2026-02-05 08:11:01,144 - score-content - INFO - Starting content scoring...
2026-02-05 08:11:01,144 - score-content - INFO - Reading from /root/clawd/data/prompts/classified/classified-20260205-081101.jsonl
2026-02-05 08:11:01,144 - score-content - INFO - Loaded 0 items
2026-02-05 08:11:01,145 - score-content - INFO - Saving 0 scored items to /root/clawd/data/prompts/scored/scored-20260205-081101.jsonl...
2026-02-05 08:11:01,145 - score-content - INFO - Saved 0 scored items to /root/clawd/data/prompts/scored/scored-20260205-081101.jsonl
2026-02-05 08:11:01,145 - score-content - INFO - Scoring completed: 0 items saved to /root/clawd/data/prompts/scored/scored-20260205-081101.jsonl
2026-02-05 08:11:01,145 - score-content - INFO - Report saved to /root/clawd/data/prompts/scored/report-20260205-081101.json
2026-02-05 08:17:23,495 - score-content - INFO - Starting content scoring...
2026-02-05 08:17:23,495 - score-content - INFO - Reading from /root/clawd/data/prompts/classified/classified-20260205-081709.jsonl
2026-02-05 08:17:23,507 - score-content - INFO - Loaded 362 items
2026-02-05 08:17:23,536 - score-content - INFO - Saving 362 scored items to /root/clawd/data/prompts/scored/scored-20260205-081723.jsonl...
2026-02-05 08:17:23,551 - score-content - INFO - Saved 362 scored items to /root/clawd/data/prompts/scored/scored-20260205-081723.jsonl
2026-02-05 08:17:23,552 - score-content - INFO - Scoring completed: 362 items saved to /root/clawd/data/prompts/scored/scored-20260205-081723.jsonl
2026-02-05 08:17:23,553 - score-content - INFO - Report saved to /root/clawd/data/prompts/scored/report-20260205-081723.json
2026-02-05 08:27:17,636 - score-content - INFO - Starting content scoring...
2026-02-05 08:27:17,636 - score-content - INFO - Reading from /root/clawd/data/prompts/classified/classified-20260205-082717.jsonl
2026-02-05 08:27:17,636 - score-content - INFO - Loaded 0 items
2026-02-05 08:27:17,637 - score-content - INFO - Saving 0 scored items to /root/clawd/data/prompts/scored/scored-20260205-082717.jsonl...
2026-02-05 08:27:17,637 - score-content - INFO - Saved 0 scored items to /root/clawd/data/prompts/scored/scored-20260205-082717.jsonl
2026-02-05 08:27:17,637 - score-content - INFO - Scoring completed: 0 items saved to /root/clawd/data/prompts/scored/scored-20260205-082717.jsonl
2026-02-05 08:27:17,637 - score-content - INFO - Report saved to /root/clawd/data/prompts/scored/report-20260205-082717.json
2026-02-05 11:17:52,493 - score-content - INFO - Starting content scoring...
2026-02-05 11:17:52,494 - score-content - INFO - Reading from /root/clawd/data/prompts/classified/classified-20260205-111704.jsonl
2026-02-05 11:17:52,494 - score-content - INFO - Loaded 0 items
2026-02-05 11:17:52,494 - score-content - INFO - Saving 0 scored items to /root/clawd/data/prompts/scored/scored-20260205-111752.jsonl...
2026-02-05 11:17:52,494 - score-content - INFO - Saved 0 scored items to /root/clawd/data/prompts/scored/scored-20260205-111752.jsonl
2026-02-05 11:17:52,494 - score-content - INFO - Scoring completed: 0 items saved to /root/clawd/data/prompts/scored/scored-20260205-111752.jsonl
2026-02-05 11:17:52,495 - score-content - INFO - Report saved to /root/clawd/data/prompts/scored/report-20260205-111752.json
2026-02-05 11:33:22,127 - score-content - INFO - Starting content scoring...
2026-02-05 11:33:22,127 - score-content - INFO - Reading from /root/clawd/data/prompts/classified/classified-20260205-113322.jsonl
2026-02-05 11:33:22,128 - score-content - INFO - Loaded 0 items
2026-02-05 11:33:22,128 - score-content - INFO - Saving 0 scored items to /root/clawd/data/prompts/scored/scored-20260205-113322.jsonl...
2026-02-05 11:33:22,128 - score-content - INFO - Saved 0 scored items to /root/clawd/data/prompts/scored/scored-20260205-113322.jsonl
2026-02-05 11:33:22,128 - score-content - INFO - Scoring completed: 0 items saved to /root/clawd/data/prompts/scored/scored-20260205-113322.jsonl
2026-02-05 11:33:22,128 - score-content - INFO - Report saved to /root/clawd/data/prompts/scored/report-20260205-113322.json
2026-02-05 12:48:54,295 - score-content - INFO - Starting content scoring...
2026-02-05 12:48:54,296 - score-content - INFO - Reading from /root/clawd/data/prompts/classified/classified-20260205-124854.jsonl
2026-02-05 12:48:54,296 - score-content - INFO - Loaded 0 items
2026-02-05 12:48:54,296 - score-content - INFO - Saving 0 scored items to /root/clawd/data/prompts/scored/scored-20260205-124854.jsonl...
2026-02-05 12:48:54,296 - score-content - INFO - Saved 0 scored items to /root/clawd/data/prompts/scored/scored-20260205-124854.jsonl
2026-02-05 12:48:54,297 - score-content - INFO - Scoring completed: 0 items saved to /root/clawd/data/prompts/scored/scored-20260205-124854.jsonl
2026-02-05 12:48:54,297 - score-content - INFO - Report saved to /root/clawd/data/prompts/scored/report-20260205-124854.json
2026-02-05 12:57:50,347 - score-content - INFO - Starting content scoring...
2026-02-05 12:57:50,348 - score-content - INFO - Reading from /root/clawd/data/prompts/classified/classified-20260205-125746.jsonl
2026-02-05 12:57:50,366 - score-content - INFO - Loaded 601 items
2026-02-05 12:57:50,409 - score-content - INFO - Saving 601 scored items to /root/clawd/data/prompts/scored/scored-20260205-125750.jsonl...
2026-02-05 12:57:50,434 - score-content - INFO - Saved 601 scored items to /root/clawd/data/prompts/scored/scored-20260205-125750.jsonl
2026-02-05 12:57:50,435 - score-content - INFO - Scoring completed: 601 items saved to /root/clawd/data/prompts/scored/scored-20260205-125750.jsonl
2026-02-05 12:57:50,436 - score-content - INFO - Report saved to /root/clawd/data/prompts/scored/report-20260205-125750.json
2026-02-05 13:03:51,167 - score-content - INFO - Starting content scoring...
2026-02-05 13:03:51,168 - score-content - INFO - Reading from /root/clawd/data/prompts/classified/classified-20260205-130351.jsonl
2026-02-05 13:03:51,203 - score-content - INFO - Loaded 980 items
2026-02-05 13:03:51,355 - score-content - INFO - Saving 980 scored items to /root/clawd/data/prompts/scored/scored-20260205-130351.jsonl...
2026-02-05 13:03:51,402 - score-content - INFO - Saved 980 scored items to /root/clawd/data/prompts/scored/scored-20260205-130351.jsonl
2026-02-05 13:03:51,404 - score-content - INFO - Scoring completed: 980 items saved to /root/clawd/data/prompts/scored/scored-20260205-130351.jsonl
2026-02-05 13:03:51,404 - score-content - INFO - Report saved to /root/clawd/data/prompts/scored/report-20260205-130351.json
2026-02-05 13:05:27,792 - score-content - INFO - Starting content scoring...
2026-02-05 13:05:27,792 - score-content - INFO - Reading from /root/clawd/data/prompts/classified/classified-20260205-130520.jsonl
2026-02-05 13:05:27,829 - score-content - INFO - Loaded 980 items
2026-02-05 13:05:27,981 - score-content - INFO - Saving 980 scored items to /root/clawd/data/prompts/scored/scored-20260205-130527.jsonl...
2026-02-05 13:05:28,028 - score-content - INFO - Saved 980 scored items to /root/clawd/data/prompts/scored/scored-20260205-130527.jsonl
2026-02-05 13:05:28,030 - score-content - INFO - Scoring completed: 980 items saved to /root/clawd/data/prompts/scored/scored-20260205-130527.jsonl
2026-02-05 13:05:28,030 - score-content - INFO - Report saved to /root/clawd/data/prompts/scored/report-20260205-130527.json
2026-02-05 13:11:46,706 - score-content - INFO - Starting content scoring...
2026-02-05 13:11:46,707 - score-content - INFO - Reading from /root/clawd/data/prompts/classified/classified-20260205-130520.jsonl
2026-02-05 13:11:46,742 - score-content - INFO - Loaded 980 items
2026-02-05 13:11:46,901 - score-content - INFO - Saving 980 scored items to /root/clawd/data/prompts/scored/scored-20260205-131146.jsonl...
2026-02-05 13:11:46,948 - score-content - INFO - Saved 980 scored items to /root/clawd/data/prompts/scored/scored-20260205-131146.jsonl
2026-02-05 13:11:46,950 - score-content - INFO - Scoring completed: 980 items saved to /root/clawd/data/prompts/scored/scored-20260205-131146.jsonl
2026-02-05 13:11:46,950 - score-content - INFO - Report saved to /root/clawd/data/prompts/scored/report-20260205-131146.json
2026-02-05 13:13:32,335 - score-content - INFO - Starting content scoring...
2026-02-05 13:13:32,335 - score-content - INFO - Reading cleaned data from /root/clawd/data/prompts/cleaned/cleaned-20260205-131130.jsonl
2026-02-05 13:13:32,341 - score-content - INFO - Loaded 150 items
2026-02-05 13:13:32,363 - score-content - INFO - Saving 150 scored items to /root/clawd/data/prompts/scored/scored-20260205-131332.jsonl...
2026-02-05 13:13:32,371 - score-content - INFO - Saved 150 scored items to /root/clawd/data/prompts/scored/scored-20260205-131332.jsonl
2026-02-05 13:13:32,372 - score-content - INFO - Scoring completed: 150 items saved to /root/clawd/data/prompts/scored/scored-20260205-131332.jsonl
2026-02-05 13:13:32,372 - score-content - INFO - Report saved to /root/clawd/data/prompts/scored/report-20260205-131332.json
2026-02-05 13:21:17,242 - score-content - INFO - Starting content scoring...
2026-02-05 13:21:17,243 - score-content - INFO - Reading cleaned data from /root/clawd/data/prompts/cleaned/cleaned-20260205-132117.jsonl
2026-02-05 13:21:17,249 - score-content - INFO - Loaded 151 items
2026-02-05 13:21:17,271 - score-content - INFO - Saving 151 scored items to /root/clawd/data/prompts/scored/scored-20260205-132117.jsonl...
2026-02-05 13:21:17,278 - score-content - INFO - Saved 151 scored items to /root/clawd/data/prompts/scored/scored-20260205-132117.jsonl
2026-02-05 13:21:17,279 - score-content - INFO - Scoring completed: 151 items saved to /root/clawd/data/prompts/scored/scored-20260205-132117.jsonl
2026-02-05 13:21:17,279 - score-content - INFO - Report saved to /root/clawd/data/prompts/scored/report-20260205-132117.json
2026-02-05 14:11:53,745 - score-content - INFO - Starting content scoring...
2026-02-05 14:11:53,746 - score-content - INFO - Reading cleaned data from /root/clawd/data/prompts/cleaned/cleaned-20260205-141153.jsonl
2026-02-05 14:11:53,748 - score-content - INFO - Loaded 35 items
2026-02-05 14:11:53,762 - score-content - INFO - Saving 35 scored items to /root/clawd/data/prompts/scored/scored-20260205-141153.jsonl...
2026-02-05 14:11:53,765 - score-content - INFO - Saved 35 scored items to /root/clawd/data/prompts/scored/scored-20260205-141153.jsonl
2026-02-05 14:11:53,765 - score-content - INFO - Scoring completed: 35 items saved to /root/clawd/data/prompts/scored/scored-20260205-141153.jsonl
2026-02-05 14:11:53,766 - score-content - INFO - Report saved to /root/clawd/data/prompts/scored/report-20260205-141153.json
2026-02-05 14:46:55,552 - score-content - INFO - Starting content scoring...
2026-02-05 14:46:55,552 - score-content - INFO - Reading cleaned data from /root/clawd/data/prompts/cleaned/cleaned-20260205-141153.jsonl
2026-02-05 14:46:55,555 - score-content - INFO - Loaded 35 items
2026-02-05 14:46:55,569 - score-content - INFO - Saving 35 scored items to /root/clawd/data/prompts/scored/scored-20260205-144655.jsonl...
2026-02-05 14:46:55,572 - score-content - INFO - Saved 35 scored items to /root/clawd/data/prompts/scored/scored-20260205-144655.jsonl
2026-02-05 14:46:55,572 - score-content - INFO - Scoring completed: 35 items saved to /root/clawd/data/prompts/scored/scored-20260205-144655.jsonl
2026-02-05 14:46:55,572 - score-content - INFO - Report saved to /root/clawd/data/prompts/scored/report-20260205-144655.json
2026-02-19 09:12:54,598 - score-content - INFO - Starting content scoring...
2026-02-19 09:12:54,599 - score-content - INFO - Reading cleaned data from /root/clawd/data/prompts/cleaned/cleaned-20260205-141153.jsonl
2026-02-19 09:12:54,602 - score-content - INFO - Loaded 35 items
2026-02-19 09:12:54,616 - score-content - INFO - Saving 35 scored items to /root/clawd/data/prompts/scored/scored-20260219-091254.jsonl...
2026-02-19 09:12:54,619 - score-content - INFO - Saved 35 scored items to /root/clawd/data/prompts/scored/scored-20260219-091254.jsonl
2026-02-19 09:12:54,620 - score-content - INFO - Scoring completed: 35 items saved to /root/clawd/data/prompts/scored/scored-20260219-091254.jsonl
2026-02-19 09:12:54,620 - score-content - INFO - Report saved to /root/clawd/data/prompts/scored/report-20260219-091254.json
2026-03-02 09:12:57,900 - score-content - INFO - Starting content scoring...
2026-03-02 09:12:57,901 - score-content - INFO - Reading cleaned data from /root/clawd/data/prompts/cleaned/cleaned-20260205-141153.jsonl
2026-03-02 09:12:57,904 - score-content - INFO - Loaded 35 items
2026-03-02 09:12:57,918 - score-content - INFO - Saving 35 scored items to /root/clawd/data/prompts/scored/scored-20260302-091257.jsonl...
2026-03-02 09:12:57,921 - score-content - INFO - Saved 35 scored items to /root/clawd/data/prompts/scored/scored-20260302-091257.jsonl
2026-03-02 09:12:57,922 - score-content - INFO - Scoring completed: 35 items saved to /root/clawd/data/prompts/scored/scored-20260302-091257.jsonl
2026-03-02 09:12:57,922 - score-content - INFO - Report saved to /root/clawd/data/prompts/scored/report-20260302-091257.json
2026-04-02 09:01:26,808 - score-content - INFO - Starting content scoring...
2026-04-02 09:01:26,809 - score-content - INFO - Reading cleaned data from /root/clawd/data/prompts/cleaned/cleaned-20260205-141153.jsonl
2026-04-02 09:01:26,812 - score-content - INFO - Loaded 35 items
2026-04-02 09:01:26,827 - score-content - INFO - Saving 35 scored items to /root/clawd/data/prompts/scored/scored-20260402-090126.jsonl...
2026-04-02 09:01:26,830 - score-content - INFO - Saved 35 scored items to /root/clawd/data/prompts/scored/scored-20260402-090126.jsonl
2026-04-02 09:01:26,830 - score-content - INFO - Scoring completed: 35 items saved to /root/clawd/data/prompts/scored/scored-20260402-090126.jsonl
2026-04-02 09:01:26,831 - score-content - INFO - Report saved to /root/clawd/data/prompts/scored/report-20260402-090126.json
2026-04-03 09:01:38,814 - score-content - INFO - Starting content scoring...
2026-04-03 09:01:38,814 - score-content - INFO - Reading cleaned data from /root/clawd/data/prompts/cleaned/cleaned-20260205-141153.jsonl
2026-04-03 09:01:38,817 - score-content - INFO - Loaded 35 items
2026-04-03 09:01:38,832 - score-content - INFO - Saving 35 scored items to /root/clawd/data/prompts/scored/scored-20260403-090138.jsonl...
2026-04-03 09:01:38,835 - score-content - INFO - Saved 35 scored items to /root/clawd/data/prompts/scored/scored-20260403-090138.jsonl
2026-04-03 09:01:38,836 - score-content - INFO - Scoring completed: 35 items saved to /root/clawd/data/prompts/scored/scored-20260403-090138.jsonl
2026-04-03 09:01:38,836 - score-content - INFO - Report saved to /root/clawd/data/prompts/scored/report-20260403-090138.json
2026-04-04 09:01:24,517 - score-content - INFO - Starting content scoring...
2026-04-04 09:01:24,518 - score-content - INFO - Reading cleaned data from /root/clawd/data/prompts/cleaned/cleaned-20260205-141153.jsonl
2026-04-04 09:01:24,521 - score-content - INFO - Loaded 35 items
2026-04-04 09:01:24,536 - score-content - INFO - Saving 35 scored items to /root/clawd/data/prompts/scored/scored-20260404-090124.jsonl...
2026-04-04 09:01:24,540 - score-content - INFO - Saved 35 scored items to /root/clawd/data/prompts/scored/scored-20260404-090124.jsonl
2026-04-04 09:01:24,540 - score-content - INFO - Scoring completed: 35 items saved to /root/clawd/data/prompts/scored/scored-20260404-090124.jsonl
2026-04-04 09:01:24,540 - score-content - INFO - Report saved to /root/clawd/data/prompts/scored/report-20260404-090124.json
2026-04-07 09:01:33,608 - score-content - INFO - Starting content scoring...
2026-04-07 09:01:33,609 - score-content - INFO - Reading cleaned data from /root/clawd/data/prompts/cleaned/cleaned-20260205-141153.jsonl
2026-04-07 09:01:33,611 - score-content - INFO - Loaded 35 items
2026-04-07 09:01:33,626 - score-content - INFO - Saving 35 scored items to /root/clawd/data/prompts/scored/scored-20260407-090133.jsonl...
2026-04-07 09:01:33,629 - score-content - INFO - Saved 35 scored items to /root/clawd/data/prompts/scored/scored-20260407-090133.jsonl
2026-04-07 09:01:33,629 - score-content - INFO - Scoring completed: 35 items saved to /root/clawd/data/prompts/scored/scored-20260407-090133.jsonl
2026-04-07 09:01:33,629 - score-content - INFO - Report saved to /root/clawd/data/prompts/scored/report-20260407-090133.json
2026-04-08 09:01:47,825 - score-content - INFO - Starting content scoring...
2026-04-08 09:01:47,825 - score-content - INFO - Reading cleaned data from /root/clawd/data/prompts/cleaned/cleaned-20260205-141153.jsonl
2026-04-08 09:01:47,828 - score-content - INFO - Loaded 35 items
2026-04-08 09:01:47,843 - score-content - INFO - Saving 35 scored items to /root/clawd/data/prompts/scored/scored-20260408-090147.jsonl...
2026-04-08 09:01:47,846 - score-content - INFO - Saved 35 scored items to /root/clawd/data/prompts/scored/scored-20260408-090147.jsonl
2026-04-08 09:01:47,846 - score-content - INFO - Scoring completed: 35 items saved to /root/clawd/data/prompts/scored/scored-20260408-090147.jsonl
2026-04-08 09:01:47,847 - score-content - INFO - Report saved to /root/clawd/data/prompts/scored/report-20260408-090147.json
2026-04-09 09:01:23,509 - score-content - INFO - Starting content scoring...
2026-04-09 09:01:23,510 - score-content - INFO - Reading cleaned data from /root/clawd/data/prompts/cleaned/cleaned-20260205-141153.jsonl
2026-04-09 09:01:23,513 - score-content - INFO - Loaded 35 items
2026-04-09 09:01:23,527 - score-content - INFO - Saving 35 scored items to /root/clawd/data/prompts/scored/scored-20260409-090123.jsonl...
2026-04-09 09:01:23,530 - score-content - INFO - Saved 35 scored items to /root/clawd/data/prompts/scored/scored-20260409-090123.jsonl
2026-04-09 09:01:23,530 - score-content - INFO - Scoring completed: 35 items saved to /root/clawd/data/prompts/scored/scored-20260409-090123.jsonl
2026-04-09 09:01:23,531 - score-content - INFO - Report saved to /root/clawd/data/prompts/scored/report-20260409-090123.json
2026-05-03 09:03:08,251 - score-content - INFO - Starting content scoring...
2026-05-03 09:03:08,253 - score-content - INFO - Reading cleaned data from /root/clawd/data/prompts/cleaned/cleaned-20260205-141153.jsonl
2026-05-03 09:03:08,256 - score-content - INFO - Loaded 35 items
2026-05-03 09:03:08,270 - score-content - INFO - Saving 35 scored items to /root/clawd/data/prompts/scored/scored-20260503-090308.jsonl...
2026-05-03 09:03:08,273 - score-content - INFO - Saved 35 scored items to /root/clawd/data/prompts/scored/scored-20260503-090308.jsonl
2026-05-03 09:03:08,273 - score-content - INFO - Scoring completed: 35 items saved to /root/clawd/data/prompts/scored/scored-20260503-090308.jsonl
2026-05-03 09:03:08,274 - score-content - INFO - Report saved to /root/clawd/data/prompts/scored/report-20260503-090308.json
2026-05-04 09:02:47,812 - score-content - INFO - Starting content scoring...
2026-05-04 09:02:47,813 - score-content - INFO - Reading cleaned data from /root/clawd/data/prompts/cleaned/cleaned-20260205-141153.jsonl
2026-05-04 09:02:47,817 - score-content - INFO - Loaded 35 items
2026-05-04 09:02:47,831 - score-content - INFO - Saving 35 scored items to /root/clawd/data/prompts/scored/scored-20260504-090247.jsonl...
2026-05-04 09:02:47,834 - score-content - INFO - Saved 35 scored items to /root/clawd/data/prompts/scored/scored-20260504-090247.jsonl
2026-05-04 09:02:47,834 - score-content - INFO - Scoring completed: 35 items saved to /root/clawd/data/prompts/scored/scored-20260504-090247.jsonl
2026-05-04 09:02:47,835 - score-content - INFO - Report saved to /root/clawd/data/prompts/scored/report-20260504-090247.json
2026-05-06 09:01:32,646 - score-content - INFO - Starting content scoring...
2026-05-06 09:01:32,647 - score-content - INFO - Reading cleaned data from /root/clawd/data/prompts/cleaned/cleaned-20260205-141153.jsonl
2026-05-06 09:01:32,650 - score-content - INFO - Loaded 35 items
2026-05-06 09:01:32,665 - score-content - INFO - Saving 35 scored items to /root/clawd/data/prompts/scored/scored-20260506-090132.jsonl...
2026-05-06 09:01:32,668 - score-content - INFO - Saved 35 scored items to /root/clawd/data/prompts/scored/scored-20260506-090132.jsonl
2026-05-06 09:01:32,668 - score-content - INFO - Scoring completed: 35 items saved to /root/clawd/data/prompts/scored/scored-20260506-090132.jsonl
2026-05-06 09:01:32,669 - score-content - INFO - Report saved to /root/clawd/data/prompts/scored/report-20260506-090132.json
2026-05-07 09:02:37,512 - score-content - INFO - Starting content scoring...
2026-05-07 09:02:37,513 - score-content - INFO - Reading cleaned data from /root/clawd/data/prompts/cleaned/cleaned-20260205-141153.jsonl
2026-05-07 09:02:37,516 - score-content - INFO - Loaded 35 items
2026-05-07 09:02:37,531 - score-content - INFO - Saving 35 scored items to /root/clawd/data/prompts/scored/scored-20260507-090237.jsonl...
2026-05-07 09:02:37,535 - score-content - INFO - Saved 35 scored items to /root/clawd/data/prompts/scored/scored-20260507-090237.jsonl
2026-05-07 09:02:37,535 - score-content - INFO - Scoring completed: 35 items saved to /root/clawd/data/prompts/scored/scored-20260507-090237.jsonl
2026-05-07 09:02:37,535 - score-content - INFO - Report saved to /root/clawd/data/prompts/scored/report-20260507-090237.json
2026-05-08 09:02:07,642 - score-content - INFO - Starting content scoring...
2026-05-08 09:02:07,643 - score-content - INFO - Reading cleaned data from /root/clawd/data/prompts/cleaned/cleaned-20260205-141153.jsonl
2026-05-08 09:02:07,646 - score-content - INFO - Loaded 35 items
2026-05-08 09:02:07,661 - score-content - INFO - Saving 35 scored items to /root/clawd/data/prompts/scored/scored-20260508-090207.jsonl...
2026-05-08 09:02:07,664 - score-content - INFO - Saved 35 scored items to /root/clawd/data/prompts/scored/scored-20260508-090207.jsonl
2026-05-08 09:02:07,664 - score-content - INFO - Scoring completed: 35 items saved to /root/clawd/data/prompts/scored/scored-20260508-090207.jsonl
2026-05-08 09:02:07,665 - score-content - INFO - Report saved to /root/clawd/data/prompts/scored/report-20260508-090207.json
2026-05-09 09:01:47,123 - score-content - INFO - Starting content scoring...
2026-05-09 09:01:47,123 - score-content - INFO - Reading cleaned data from /root/clawd/data/prompts/cleaned/cleaned-20260205-141153.jsonl
2026-05-09 09:01:47,126 - score-content - INFO - Loaded 35 items
2026-05-09 09:01:47,141 - score-content - INFO - Saving 35 scored items to /root/clawd/data/prompts/scored/scored-20260509-090147.jsonl...
2026-05-09 09:01:47,144 - score-content - INFO - Saved 35 scored items to /root/clawd/data/prompts/scored/scored-20260509-090147.jsonl
2026-05-09 09:01:47,144 - score-content - INFO - Scoring completed: 35 items saved to /root/clawd/data/prompts/scored/scored-20260509-090147.jsonl
2026-05-09 09:01:47,144 - score-content - INFO - Report saved to /root/clawd/data/prompts/scored/report-20260509-090147.json
2026-06-02 09:02:04,537 - score-content - INFO - Starting content scoring...
2026-06-02 09:02:04,538 - score-content - INFO - Reading cleaned data from /root/clawd/data/prompts/cleaned/cleaned-20260205-141153.jsonl
2026-06-02 09:02:04,541 - score-content - INFO - Loaded 35 items
2026-06-02 09:02:04,556 - score-content - INFO - Saving 35 scored items to /root/clawd/data/prompts/scored/scored-20260602-090204.jsonl...
2026-06-02 09:02:04,559 - score-content - INFO - Saved 35 scored items to /root/clawd/data/prompts/scored/scored-20260602-090204.jsonl
2026-06-02 09:02:04,559 - score-content - INFO - Scoring completed: 35 items saved to /root/clawd/data/prompts/scored/scored-20260602-090204.jsonl
2026-06-02 09:02:04,559 - score-content - INFO - Report saved to /root/clawd/data/prompts/scored/report-20260602-090204.json
2026-06-03 09:01:35,896 - score-content - INFO - Starting content scoring...
2026-06-03 09:01:35,897 - score-content - INFO - Reading cleaned data from /root/clawd/data/prompts/cleaned/cleaned-20260205-141153.jsonl
2026-06-03 09:01:35,900 - score-content - INFO - Loaded 35 items
2026-06-03 09:01:35,915 - score-content - INFO - Saving 35 scored items to /root/clawd/data/prompts/scored/scored-20260603-090135.jsonl...
2026-06-03 09:01:35,918 - score-content - INFO - Saved 35 scored items to /root/clawd/data/prompts/scored/scored-20260603-090135.jsonl
2026-06-03 09:01:35,918 - score-content - INFO - Scoring completed: 35 items saved to /root/clawd/data/prompts/scored/scored-20260603-090135.jsonl
2026-06-03 09:01:35,919 - score-content - INFO - Report saved to /root/clawd/data/prompts/scored/report-20260603-090135.json
2026-06-05 09:01:16,035 - score-content - INFO - Starting content scoring...
2026-06-05 09:01:16,037 - score-content - INFO - Reading cleaned data from /root/clawd/data/prompts/cleaned/cleaned-20260205-141153.jsonl
2026-06-05 09:01:16,039 - score-content - INFO - Loaded 35 items
2026-06-05 09:01:16,054 - score-content - INFO - Saving 35 scored items to /root/clawd/data/prompts/scored/scored-20260605-090116.jsonl...
2026-06-05 09:01:16,057 - score-content - INFO - Saved 35 scored items to /root/clawd/data/prompts/scored/scored-20260605-090116.jsonl
2026-06-05 09:01:16,057 - score-content - INFO - Scoring completed: 35 items saved to /root/clawd/data/prompts/scored/scored-20260605-090116.jsonl
2026-06-05 09:01:16,058 - score-content - INFO - Report saved to /root/clawd/data/prompts/scored/report-20260605-090116.json
2026-06-06 09:01:24,584 - score-content - INFO - Starting content scoring...
2026-06-06 09:01:24,585 - score-content - INFO - Reading cleaned data from /root/clawd/data/prompts/cleaned/cleaned-20260205-141153.jsonl
2026-06-06 09:01:24,588 - score-content - INFO - Loaded 35 items
2026-06-06 09:01:24,603 - score-content - INFO - Saving 35 scored items to /root/clawd/data/prompts/scored/scored-20260606-090124.jsonl...
2026-06-06 09:01:24,606 - score-content - INFO - Saved 35 scored items to /root/clawd/data/prompts/scored/scored-20260606-090124.jsonl
2026-06-06 09:01:24,606 - score-content - INFO - Scoring completed: 35 items saved to /root/clawd/data/prompts/scored/scored-20260606-090124.jsonl
2026-06-06 09:01:24,607 - score-content - INFO - Report saved to /root/clawd/data/prompts/scored/report-20260606-090124.json
2026-06-09 09:01:59,951 - score-content - INFO - Starting content scoring...
2026-06-09 09:01:59,952 - score-content - INFO - Reading cleaned data from /root/clawd/data/prompts/cleaned/cleaned-20260205-141153.jsonl
2026-06-09 09:01:59,955 - score-content - INFO - Loaded 35 items
2026-06-09 09:01:59,970 - score-content - INFO - Saving 35 scored items to /root/clawd/data/prompts/scored/scored-20260609-090159.jsonl...
2026-06-09 09:01:59,973 - score-content - INFO - Saved 35 scored items to /root/clawd/data/prompts/scored/scored-20260609-090159.jsonl
2026-06-09 09:01:59,973 - score-content - INFO - Scoring completed: 35 items saved to /root/clawd/data/prompts/scored/scored-20260609-090159.jsonl
2026-06-09 09:01:59,974 - score-content - INFO - Report saved to /root/clawd/data/prompts/scored/report-20260609-090159.json
2026-06-10 09:01:16,851 - score-content - INFO - Starting content scoring...
2026-06-10 09:01:16,851 - score-content - INFO - Reading cleaned data from /root/clawd/data/prompts/cleaned/cleaned-20260205-141153.jsonl
2026-06-10 09:01:16,854 - score-content - INFO - Loaded 35 items
2026-06-10 09:01:16,869 - score-content - INFO - Saving 35 scored items to /root/clawd/data/prompts/scored/scored-20260610-090116.jsonl...
2026-06-10 09:01:16,872 - score-content - INFO - Saved 35 scored items to /root/clawd/data/prompts/scored/scored-20260610-090116.jsonl
2026-06-10 09:01:16,872 - score-content - INFO - Scoring completed: 35 items saved to /root/clawd/data/prompts/scored/scored-20260610-090116.jsonl
2026-06-10 09:01:16,872 - score-content - INFO - Report saved to /root/clawd/data/prompts/scored/report-20260610-090116.json
2026-06-11 09:01:33,843 - score-content - INFO - Starting content scoring...
2026-06-11 09:01:33,844 - score-content - INFO - Reading cleaned data from /root/clawd/data/prompts/cleaned/cleaned-20260205-141153.jsonl
2026-06-11 09:01:33,846 - score-content - INFO - Loaded 35 items
2026-06-11 09:01:33,861 - score-content - INFO - Saving 35 scored items to /root/clawd/data/prompts/scored/scored-20260611-090133.jsonl...
2026-06-11 09:01:33,864 - score-content - INFO - Saved 35 scored items to /root/clawd/data/prompts/scored/scored-20260611-090133.jsonl
2026-06-11 09:01:33,865 - score-content - INFO - Scoring completed: 35 items saved to /root/clawd/data/prompts/scored/scored-20260611-090133.jsonl
2026-06-11 09:01:33,865 - score-content - INFO - Report saved to /root/clawd/data/prompts/scored/report-20260611-090133.json
2026-06-12 09:01:15,419 - score-content - INFO - Starting content scoring...
2026-06-12 09:01:15,420 - score-content - INFO - Reading cleaned data from /root/clawd/data/prompts/cleaned/cleaned-20260205-141153.jsonl
2026-06-12 09:01:15,422 - score-content - INFO - Loaded 35 items
2026-06-12 09:01:15,438 - score-content - INFO - Saving 35 scored items to /root/clawd/data/prompts/scored/scored-20260612-090115.jsonl...
2026-06-12 09:01:15,441 - score-content - INFO - Saved 35 scored items to /root/clawd/data/prompts/scored/scored-20260612-090115.jsonl
2026-06-12 09:01:15,441 - score-content - INFO - Scoring completed: 35 items saved to /root/clawd/data/prompts/scored/scored-20260612-090115.jsonl
2026-06-12 09:01:15,442 - score-content - INFO - Report saved to /root/clawd/data/prompts/scored/report-20260612-090115.json
2026-06-13 09:00:46,499 - score-content - INFO - Starting content scoring...
2026-06-13 09:00:46,500 - score-content - INFO - Reading cleaned data from /root/clawd/data/prompts/cleaned/cleaned-20260205-141153.jsonl
2026-06-13 09:00:46,503 - score-content - INFO - Loaded 35 items
2026-06-13 09:00:46,517 - score-content - INFO - Saving 35 scored items to /root/clawd/data/prompts/scored/scored-20260613-090046.jsonl...
2026-06-13 09:00:46,521 - score-content - INFO - Saved 35 scored items to /root/clawd/data/prompts/scored/scored-20260613-090046.jsonl
2026-06-13 09:00:46,521 - score-content - INFO - Scoring completed: 35 items saved to /root/clawd/data/prompts/scored/scored-20260613-090046.jsonl
2026-06-13 09:00:46,521 - score-content - INFO - Report saved to /root/clawd/data/prompts/scored/report-20260613-090046.json
2026-06-14 09:02:11,512 - score-content - INFO - Starting content scoring...
2026-06-14 09:02:11,512 - score-content - INFO - Reading cleaned data from /root/clawd/data/prompts/cleaned/cleaned-20260205-141153.jsonl
2026-06-14 09:02:11,515 - score-content - INFO - Loaded 35 items
2026-06-14 09:02:11,529 - score-content - INFO - Saving 35 scored items to /root/clawd/data/prompts/scored/scored-20260614-090211.jsonl...
2026-06-14 09:02:11,533 - score-content - INFO - Saved 35 scored items to /root/clawd/data/prompts/scored/scored-20260614-090211.jsonl
2026-06-14 09:02:11,533 - score-content - INFO - Scoring completed: 35 items saved to /root/clawd/data/prompts/scored/scored-20260614-090211.jsonl
2026-06-14 09:02:11,533 - score-content - INFO - Report saved to /root/clawd/data/prompts/scored/report-20260614-090211.json
2026-06-15 09:01:17,581 - score-content - INFO - Starting content scoring...
2026-06-15 09:01:17,582 - score-content - INFO - Reading cleaned data from /root/clawd/data/prompts/cleaned/cleaned-20260205-141153.jsonl
2026-06-15 09:01:17,584 - score-content - INFO - Loaded 35 items
2026-06-15 09:01:17,599 - score-content - INFO - Saving 35 scored items to /root/clawd/data/prompts/scored/scored-20260615-090117.jsonl...
2026-06-15 09:01:17,602 - score-content - INFO - Saved 35 scored items to /root/clawd/data/prompts/scored/scored-20260615-090117.jsonl
2026-06-15 09:01:17,602 - score-content - INFO - Scoring completed: 35 items saved to /root/clawd/data/prompts/scored/scored-20260615-090117.jsonl
2026-06-15 09:01:17,603 - score-content - INFO - Report saved to /root/clawd/data/prompts/scored/report-20260615-090117.json
2026-06-16 09:01:13,696 - score-content - INFO - Starting content scoring...
2026-06-16 09:01:13,696 - score-content - INFO - Reading cleaned data from /root/clawd/data/prompts/cleaned/cleaned-20260205-141153.jsonl
2026-06-16 09:01:13,700 - score-content - INFO - Loaded 35 items
2026-06-16 09:01:13,715 - score-content - INFO - Saving 35 scored items to /root/clawd/data/prompts/scored/scored-20260616-090113.jsonl...
2026-06-16 09:01:13,718 - score-content - INFO - Saved 35 scored items to /root/clawd/data/prompts/scored/scored-20260616-090113.jsonl
2026-06-16 09:01:13,718 - score-content - INFO - Scoring completed: 35 items saved to /root/clawd/data/prompts/scored/scored-20260616-090113.jsonl
2026-06-16 09:01:13,718 - score-content - INFO - Report saved to /root/clawd/data/prompts/scored/report-20260616-090113.json
2026-06-17 09:01:29,727 - score-content - INFO - Starting content scoring...
2026-06-17 09:01:29,727 - score-content - INFO - Reading cleaned data from /root/clawd/data/prompts/cleaned/cleaned-20260205-141153.jsonl
2026-06-17 09:01:29,730 - score-content - INFO - Loaded 35 items
2026-06-17 09:01:29,745 - score-content - INFO - Saving 35 scored items to /root/clawd/data/prompts/scored/scored-20260617-090129.jsonl...
2026-06-17 09:01:29,748 - score-content - INFO - Saved 35 scored items to /root/clawd/data/prompts/scored/scored-20260617-090129.jsonl
2026-06-17 09:01:29,748 - score-content - INFO - Scoring completed: 35 items saved to /root/clawd/data/prompts/scored/scored-20260617-090129.jsonl
2026-06-17 09:01:29,748 - score-content - INFO - Report saved to /root/clawd/data/prompts/scored/report-20260617-090129.json
2026-06-18 09:01:49,627 - score-content - INFO - Starting content scoring...
2026-06-18 09:01:49,627 - score-content - INFO - Reading cleaned data from /root/clawd/data/prompts/cleaned/cleaned-20260205-141153.jsonl
2026-06-18 09:01:49,631 - score-content - INFO - Loaded 35 items
2026-06-18 09:01:49,646 - score-content - INFO - Saving 35 scored items to /root/clawd/data/prompts/scored/scored-20260618-090149.jsonl...
2026-06-18 09:01:49,649 - score-content - INFO - Saved 35 scored items to /root/clawd/data/prompts/scored/scored-20260618-090149.jsonl
2026-06-18 09:01:49,649 - score-content - INFO - Scoring completed: 35 items saved to /root/clawd/data/prompts/scored/scored-20260618-090149.jsonl
2026-06-18 09:01:49,649 - score-content - INFO - Report saved to /root/clawd/data/prompts/scored/report-20260618-090149.json
2026-06-19 09:01:27,884 - score-content - INFO - Starting content scoring...
2026-06-19 09:01:27,885 - score-content - INFO - Reading cleaned data from /root/clawd/data/prompts/cleaned/cleaned-20260205-141153.jsonl
2026-06-19 09:01:27,887 - score-content - INFO - Loaded 35 items
2026-06-19 09:01:27,902 - score-content - INFO - Saving 35 scored items to /root/clawd/data/prompts/scored/scored-20260619-090127.jsonl...
2026-06-19 09:01:27,905 - score-content - INFO - Saved 35 scored items to /root/clawd/data/prompts/scored/scored-20260619-090127.jsonl
2026-06-19 09:01:27,905 - score-content - INFO - Scoring completed: 35 items saved to /root/clawd/data/prompts/scored/scored-20260619-090127.jsonl
2026-06-19 09:01:27,905 - score-content - INFO - Report saved to /root/clawd/data/prompts/scored/report-20260619-090127.json
2026-06-20 09:01:17,318 - score-content - INFO - Starting content scoring...
2026-06-20 09:01:17,319 - score-content - INFO - Reading cleaned data from /root/clawd/data/prompts/cleaned/cleaned-20260205-141153.jsonl
2026-06-20 09:01:17,322 - score-content - INFO - Loaded 35 items
2026-06-20 09:01:17,336 - score-content - INFO - Saving 35 scored items to /root/clawd/data/prompts/scored/scored-20260620-090117.jsonl...
2026-06-20 09:01:17,339 - score-content - INFO - Saved 35 scored items to /root/clawd/data/prompts/scored/scored-20260620-090117.jsonl
2026-06-20 09:01:17,340 - score-content - INFO - Scoring completed: 35 items saved to /root/clawd/data/prompts/scored/scored-20260620-090117.jsonl
2026-06-20 09:01:17,340 - score-content - INFO - Report saved to /root/clawd/data/prompts/scored/report-20260620-090117.json
2026-06-21 09:01:25,393 - score-content - INFO - Starting content scoring...
2026-06-21 09:01:25,394 - score-content - INFO - Reading cleaned data from /root/clawd/data/prompts/cleaned/cleaned-20260205-141153.jsonl
2026-06-21 09:01:25,396 - score-content - INFO - Loaded 35 items
2026-06-21 09:01:25,411 - score-content - INFO - Saving 35 scored items to /root/clawd/data/prompts/scored/scored-20260621-090125.jsonl...
2026-06-21 09:01:25,414 - score-content - INFO - Saved 35 scored items to /root/clawd/data/prompts/scored/scored-20260621-090125.jsonl
2026-06-21 09:01:25,414 - score-content - INFO - Scoring completed: 35 items saved to /root/clawd/data/prompts/scored/scored-20260621-090125.jsonl
2026-06-21 09:01:25,415 - score-content - INFO - Report saved to /root/clawd/data/prompts/scored/report-20260621-090125.json
2026-06-23 09:01:14,416 - score-content - INFO - Starting content scoring...
2026-06-23 09:01:14,417 - score-content - INFO - Reading cleaned data from /root/clawd/data/prompts/cleaned/cleaned-20260205-141153.jsonl
2026-06-23 09:01:14,420 - score-content - INFO - Loaded 35 items
2026-06-23 09:01:14,435 - score-content - INFO - Saving 35 scored items to /root/clawd/data/prompts/scored/scored-20260623-090114.jsonl...
2026-06-23 09:01:14,438 - score-content - INFO - Saved 35 scored items to /root/clawd/data/prompts/scored/scored-20260623-090114.jsonl
2026-06-23 09:01:14,438 - score-content - INFO - Scoring completed: 35 items saved to /root/clawd/data/prompts/scored/scored-20260623-090114.jsonl
2026-06-23 09:01:14,438 - score-content - INFO - Report saved to /root/clawd/data/prompts/scored/report-20260623-090114.json
2026-06-24 09:01:29,075 - score-content - INFO - Starting content scoring...
2026-06-24 09:01:29,076 - score-content - INFO - Reading cleaned data from /root/clawd/data/prompts/cleaned/cleaned-20260205-141153.jsonl
2026-06-24 09:01:29,079 - score-content - INFO - Loaded 35 items
2026-06-24 09:01:29,095 - score-content - INFO - Saving 35 scored items to /root/clawd/data/prompts/scored/scored-20260624-090129.jsonl...
2026-06-24 09:01:29,099 - score-content - INFO - Saved 35 scored items to /root/clawd/data/prompts/scored/scored-20260624-090129.jsonl
2026-06-24 09:01:29,099 - score-content - INFO - Scoring completed: 35 items saved to /root/clawd/data/prompts/scored/scored-20260624-090129.jsonl
2026-06-24 09:01:29,099 - score-content - INFO - Report saved to /root/clawd/data/prompts/scored/report-20260624-090129.json
2026-06-25 09:01:27,523 - score-content - INFO - Starting content scoring...
2026-06-25 09:01:27,524 - score-content - INFO - Reading cleaned data from /root/clawd/data/prompts/cleaned/cleaned-20260205-141153.jsonl
2026-06-25 09:01:27,526 - score-content - INFO - Loaded 35 items
2026-06-25 09:01:27,541 - score-content - INFO - Saving 35 scored items to /root/clawd/data/prompts/scored/scored-20260625-090127.jsonl...
2026-06-25 09:01:27,544 - score-content - INFO - Saved 35 scored items to /root/clawd/data/prompts/scored/scored-20260625-090127.jsonl
2026-06-25 09:01:27,545 - score-content - INFO - Scoring completed: 35 items saved to /root/clawd/data/prompts/scored/scored-20260625-090127.jsonl
2026-06-25 09:01:27,545 - score-content - INFO - Report saved to /root/clawd/data/prompts/scored/report-20260625-090127.json
2026-06-26 09:01:14,148 - score-content - INFO - Starting content scoring...
2026-06-26 09:01:14,148 - score-content - INFO - Reading cleaned data from /root/clawd/data/prompts/cleaned/cleaned-20260205-141153.jsonl
2026-06-26 09:01:14,151 - score-content - INFO - Loaded 35 items
2026-06-26 09:01:14,168 - score-content - INFO - Saving 35 scored items to /root/clawd/data/prompts/scored/scored-20260626-090114.jsonl...
2026-06-26 09:01:14,171 - score-content - INFO - Saved 35 scored items to /root/clawd/data/prompts/scored/scored-20260626-090114.jsonl
2026-06-26 09:01:14,171 - score-content - INFO - Scoring completed: 35 items saved to /root/clawd/data/prompts/scored/scored-20260626-090114.jsonl
2026-06-26 09:01:14,172 - score-content - INFO - Report saved to /root/clawd/data/prompts/scored/report-20260626-090114.json
2026-06-30 09:01:21,457 - score-content - INFO - Starting content scoring...
2026-06-30 09:01:21,458 - score-content - INFO - Reading cleaned data from /root/clawd/data/prompts/cleaned/cleaned-20260205-141153.jsonl
2026-06-30 09:01:21,460 - score-content - INFO - Loaded 35 items
2026-06-30 09:01:21,476 - score-content - INFO - Saving 35 scored items to /root/clawd/data/prompts/scored/scored-20260630-090121.jsonl...
2026-06-30 09:01:21,479 - score-content - INFO - Saved 35 scored items to /root/clawd/data/prompts/scored/scored-20260630-090121.jsonl
2026-06-30 09:01:21,479 - score-content - INFO - Scoring completed: 35 items saved to /root/clawd/data/prompts/scored/scored-20260630-090121.jsonl
2026-06-30 09:01:21,479 - score-content - INFO - Report saved to /root/clawd/data/prompts/scored/report-20260630-090121.json
2026-07-01 09:01:17,105 - score-content - INFO - Starting content scoring...
2026-07-01 09:01:17,105 - score-content - INFO - Reading cleaned data from /root/clawd/data/prompts/cleaned/cleaned-20260205-141153.jsonl
2026-07-01 09:01:17,108 - score-content - INFO - Loaded 35 items
2026-07-01 09:01:17,123 - score-content - INFO - Saving 35 scored items to /root/clawd/data/prompts/scored/scored-20260701-090117.jsonl...
2026-07-01 09:01:17,126 - score-content - INFO - Saved 35 scored items to /root/clawd/data/prompts/scored/scored-20260701-090117.jsonl
2026-07-01 09:01:17,126 - score-content - INFO - Scoring completed: 35 items saved to /root/clawd/data/prompts/scored/scored-20260701-090117.jsonl
2026-07-01 09:01:17,126 - score-content - INFO - Report saved to /root/clawd/data/prompts/scored/report-20260701-090117.json
2026-07-02 09:01:16,316 - score-content - INFO - Starting content scoring...
2026-07-02 09:01:16,317 - score-content - INFO - Reading cleaned data from /root/clawd/data/prompts/cleaned/cleaned-20260205-141153.jsonl
2026-07-02 09:01:16,321 - score-content - INFO - Loaded 35 items
2026-07-02 09:01:16,336 - score-content - INFO - Saving 35 scored items to /root/clawd/data/prompts/scored/scored-20260702-090116.jsonl...
2026-07-02 09:01:16,339 - score-content - INFO - Saved 35 scored items to /root/clawd/data/prompts/scored/scored-20260702-090116.jsonl
2026-07-02 09:01:16,339 - score-content - INFO - Scoring completed: 35 items saved to /root/clawd/data/prompts/scored/scored-20260702-090116.jsonl
2026-07-02 09:01:16,339 - score-content - INFO - Report saved to /root/clawd/data/prompts/scored/report-20260702-090116.json
