2026-02-14 21:29:38,465 - __main__ - INFO - 数据清理器初始化完成（相似度阈值: 0.7）
2026-02-14 21:29:38,466 - __main__ - INFO - 开始数据清理流程（步骤: ['url', 'content', 'filter']）
2026-02-14 21:29:38,466 - __main__ - INFO - 开始 URL 去重（原始: 3 条）
2026-02-14 21:29:38,466 - __main__ - INFO - URL 去重完成: 保留 3 条，移除 0 条
2026-02-14 21:29:38,466 - __main__ - INFO - 开始内容去重（原始: 3 条，阈值: 0.7）
2026-02-14 21:29:38,467 - __main__ - INFO - 内容去重完成: 保留 3 条，移除 0 条
2026-02-14 21:29:38,467 - __main__ - INFO - 开始过滤无效内容（原始: 3 条）
2026-02-14 21:29:38,467 - __main__ - INFO - 过滤完成: 保留 3 条，移除 0 条
2026-02-14 21:29:38,467 - __main__ - INFO - 数据清理完成: 3 → 3 (保留率: 100.0%)
2026-02-14 21:29:38,468 - __main__ - INFO - 结果已保存到: /tmp/cleaned-results.json
2026-02-14 21:31:24,287 - __main__ - INFO - 数据清理器初始化完成（相似度阈值: 0.7）
2026-02-14 21:31:24,287 - __main__ - INFO - 开始数据清理流程（步骤: ['url', 'content', 'filter']）
2026-02-14 21:31:24,287 - __main__ - INFO - 开始 URL 去重（原始: 3 条）
2026-02-14 21:31:24,287 - __main__ - INFO - URL 去重完成: 保留 3 条，移除 0 条
2026-02-14 21:31:24,287 - __main__ - INFO - 开始内容去重（原始: 3 条，阈值: 0.7）
2026-02-14 21:31:24,288 - __main__ - INFO - 内容去重完成: 保留 3 条，移除 0 条
2026-02-14 21:31:24,288 - __main__ - INFO - 开始过滤无效内容（原始: 3 条）
2026-02-14 21:31:24,288 - __main__ - INFO - 过滤完成: 保留 3 条，移除 0 条
2026-02-14 21:31:24,288 - __main__ - INFO - 数据清理完成: 3 → 3 (保留率: 100.0%)
2026-02-14 21:31:24,289 - __main__ - INFO - 结果已保存到: /tmp/test-cleaned-results.json
2026-02-14 21:40:58,969 - __main__ - INFO - 数据清理器初始化完成（相似度阈值: 0.7）
2026-02-14 21:40:58,970 - __main__ - INFO - 开始数据清理流程（步骤: ['url', 'content', 'filter']）
2026-02-14 21:40:58,970 - __main__ - INFO - 开始 URL 去重（原始: 5 条）
2026-02-14 21:40:58,970 - __main__ - INFO - URL 去重完成: 保留 5 条，移除 0 条
2026-02-14 21:40:58,970 - __main__ - INFO - 开始内容去重（原始: 5 条，阈值: 0.7）
2026-02-14 21:40:58,971 - __main__ - INFO - 内容去重完成: 保留 5 条，移除 0 条
2026-02-14 21:40:58,971 - __main__ - INFO - 开始过滤无效内容（原始: 5 条）
2026-02-14 21:40:58,971 - __main__ - INFO - 过滤完成: 保留 5 条，移除 0 条
2026-02-14 21:40:58,972 - __main__ - INFO - 数据清理完成: 5 → 5 (保留率: 100.0%)
2026-02-14 22:32:02,872 - __main__ - INFO - 数据清理器初始化完成（相似度阈值: 0.7）
2026-02-14 22:32:02,872 - __main__ - INFO - 开始数据清理流程（步骤: ['url', 'content', 'filter']）
2026-02-14 22:32:02,872 - __main__ - INFO - 开始 URL 去重（原始: 10 条）
2026-02-14 22:32:02,872 - __main__ - INFO - URL 去重完成: 保留 10 条，移除 0 条
2026-02-14 22:32:02,873 - __main__ - INFO - 开始内容去重（原始: 10 条，阈值: 0.7）
2026-02-14 22:32:02,878 - __main__ - INFO - 内容去重完成: 保留 10 条，移除 0 条
2026-02-14 22:32:02,878 - __main__ - INFO - 开始过滤无效内容（原始: 10 条）
2026-02-14 22:32:02,878 - __main__ - INFO - 过滤完成: 保留 10 条，移除 0 条
2026-02-14 22:32:02,878 - __main__ - INFO - 数据清理完成: 10 → 10 (保留率: 100.0%)
2026-02-14 22:32:02,879 - __main__ - INFO - 结果已保存到: /tmp/seedance-cleaned.json
