=== 检查时间: Sat Feb 14 05:04:13 CST 2026 ===
审查代理状态:
/root/clawd/scripts/check-review-agent.sh: line 18: sessions_history: command not found

开发代理状态:
/root/clawd/scripts/check-review-agent.sh: line 24: sessions_history: command not found

-------------------

=== 检查时间: Sat Feb 14 05:34:15 CST 2026 ===
审查代理状态:
/root/clawd/scripts/check-review-agent.sh: line 18: sessions_history: command not found

开发代理状态:
/root/clawd/scripts/check-review-agent.sh: line 24: sessions_history: command not found

-------------------

=== 检查时间: Sat Feb 14 06:04:14 CST 2026 ===
审查代理状态:
/root/clawd/scripts/check-review-agent.sh: line 18: sessions_history: command not found

开发代理状态:
/root/clawd/scripts/check-review-agent.sh: line 24: sessions_history: command not found

-------------------

=== 检查时间: Sat Feb 14 06:34:16 CST 2026 ===
审查代理状态:
/root/clawd/scripts/check-review-agent.sh: line 18: sessions_history: command not found

开发代理状态:
/root/clawd/scripts/check-review-agent.sh: line 24: sessions_history: command not found

-------------------

=== 检查时间: Sat Feb 14 07:04:54 CST 2026 ===
审查代理状态:
/root/clawd/scripts/check-review-agent.sh: line 18: sessions_history: command not found

开发代理状态:
/root/clawd/scripts/check-review-agent.sh: line 24: sessions_history: command not found

-------------------

