[2026-02-08T22:54:19+08:00] [INFO] Starting daily growth to tutorial generation
[2026-02-08T22:54:19+08:00] [INFO] Extracting growth points from memory
[2026-02-08T22:54:19+08:00] [INFO] Reading memory file: /root/clawd/memory/2026-02-07.md
[2026-02-08T22:54:19+08:00] [INFO] Found 101 growth points
[2026-02-08T22:54:19+08:00] [INFO] Updated index with: [] 其他
[2026-02-08T22:54:19+08:00] [INFO] Generated tutorial: -其他.md
[2026-02-08T22:54:19+08:00] [INFO] Updated index with: [] 其他
[2026-02-08T22:54:19+08:00] [INFO] Generated tutorial: -其他.md
[2026-02-08T22:54:19+08:00] [INFO] Updated index with: [] 其他
[2026-02-08T22:54:19+08:00] [INFO] Generated tutorial: -其他.md
[2026-02-08T22:54:19+08:00] [INFO] Updated index with: [] 其他
[2026-02-08T22:54:19+08:00] [INFO] Generated tutorial: -其他.md
[2026-02-08T22:54:19+08:00] [INFO] Updated index with: [] 其他
[2026-02-08T22:54:19+08:00] [INFO] Generated tutorial: -其他.md
[2026-02-08T22:54:19+08:00] [INFO] Updated index with: [] 其他
[2026-02-08T22:54:19+08:00] [INFO] Generated tutorial: -其他.md
[2026-02-08T22:54:19+08:00] [INFO] Updated index with: [] 其他
[2026-02-08T22:54:19+08:00] [INFO] Generated tutorial: -其他.md
[2026-02-08T22:54:19+08:00] [INFO] Updated index with: [] 其他
[2026-02-08T22:54:19+08:00] [INFO] Generated tutorial: -其他.md
[2026-02-08T22:54:19+08:00] [INFO] Updated index with: [] 其他
[2026-02-08T22:54:19+08:00] [INFO] Generated tutorial: -其他.md
[2026-02-08T22:54:19+08:00] [INFO] Updated index with: [] 其他
[2026-02-08T22:54:19+08:00] [INFO] Generated tutorial: -其他.md
[2026-02-08T22:54:19+08:00] [INFO] Updated index with: [] 其他
[2026-02-08T22:54:19+08:00] [INFO] Generated tutorial: -其他.md
[2026-02-08T22:54:19+08:00] [INFO] Updated index with: [] 其他
[2026-02-08T22:54:19+08:00] [INFO] Generated tutorial: -其他.md
[2026-02-08T22:54:19+08:00] [INFO] Updated index with: [] 其他
[2026-02-08T22:54:19+08:00] [INFO] Generated tutorial: -其他.md
[2026-02-08T22:54:19+08:00] [INFO] Updated index with: [] 其他
[2026-02-08T22:54:19+08:00] [INFO] Generated tutorial: -其他.md
[2026-02-08T22:54:19+08:00] [INFO] Updated index with: [] 其他
[2026-02-08T22:54:19+08:00] [INFO] Generated tutorial: -其他.md
[2026-02-08T22:54:19+08:00] [INFO] Updated index with: [] 其他
[2026-02-08T22:54:19+08:00] [INFO] Generated tutorial: -其他.md
[2026-02-08T22:54:19+08:00] [INFO] Updated index with: [] 其他
[2026-02-08T22:54:19+08:00] [INFO] Generated tutorial: -其他.md
[2026-02-08T22:54:19+08:00] [INFO] Updated index with: [] 其他
[2026-02-08T22:54:19+08:00] [INFO] Generated tutorial: -其他.md
[2026-02-08T22:54:19+08:00] [INFO] Updated index with: [] 项目管理
[2026-02-08T22:54:19+08:00] [INFO] Generated tutorial: -项目管理.md
[2026-02-08T22:54:19+08:00] [INFO] Updated index with: [] 其他
[2026-02-08T22:54:19+08:00] [INFO] Generated tutorial: -其他.md
[2026-02-08T22:54:19+08:00] [INFO] Updated index with: [] 其他
[2026-02-08T22:54:19+08:00] [INFO] Generated tutorial: -其他.md
[2026-02-08T22:54:19+08:00] [INFO] Updated index with: [] 其他
[2026-02-08T22:54:19+08:00] [INFO] Generated tutorial: -其他.md
[2026-02-08T22:54:19+08:00] [INFO] Updated index with: [] 其他
[2026-02-08T22:54:19+08:00] [INFO] Generated tutorial: -其他.md
[2026-02-08T22:54:19+08:00] [INFO] Updated index with: [] 其他
