[0;34m[INFO][0m ==========================================
[0;34m[INFO][0m 步骤 1: 收集 AI 提示词
[0;34m[INFO][0m ==========================================
[0;34m[INFO][0m 发现 X 搜索工具，尝试搜索 AI 提示词...
2026-03-06 09:01:03,359 - search_x_prompts - INFO - ================================================================================
2026-03-06 09:01:03,359 - search_x_prompts - INFO - 🔍 开始搜索 X (Twitter) 获取 AI 提示词（优化版）
2026-03-06 09:01:03,359 - search_x_prompts - INFO - ================================================================================
2026-03-06 09:01:03,379 - search_x_prompts - ERROR - 环境变量 TWITTER_API_KEY 未设置
2026-03-06 09:01:03,380 - search_x_prompts - ERROR - ❌ TWITTER_API_KEY 环境变量未设置
[0;32m[SUCCESS][0m 步骤 1 完成: 共收集 0 个提示词
[0;34m[INFO][0m ==========================================
[0;34m[INFO][0m 步骤 2: 评估提示词质量
[0;34m[INFO][0m ==========================================
[1;33m[WARN][0m 没有提示词需要评估
[0;34m[INFO][0m ==========================================
[0;34m[INFO][0m 步骤 3: 转换提示词为 Skill
[0;34m[INFO][0m ==========================================
[1;33m[WARN][0m 没有高质量提示词需要转换
[0;34m[INFO][0m ==========================================
[0;34m[INFO][0m 步骤 4: 发布 Skill 到 ClawdHub
[0;34m[INFO][0m ==========================================
[0;34m[INFO][0m 检查 ClawdHub 配置...
[0;32m[SUCCESS][0m ClawdHub 配置正常
[1;33m[WARN][0m 未找到转换后的 Skill 目录
[0;34m[INFO][0m ==========================================
[0;34m[INFO][0m 生成工作流报告
[0;34m[INFO][0m ==========================================
[0;32m[SUCCESS][0m 报告已生成: /root/clawd/memory/prompt-workflow/workflow_report_20260306-090103.md
