========================================
AI Content Creator 自动化工作流
========================================

开始时间: Tue Feb 10 09:51:14 CST 2026
搜索主题: AI技术发展趋势2026
PPT 页数: 10

========================================
步骤 1: AI 搜索
========================================

1.1 百度学术检索...
   找到论文: 10 篇
1.2 百度搜索...
   找到文章: 0 篇
   ✅ AI 搜索完成

========================================
步骤 2: 生成 PPT 大纲
========================================

{
  "chat_id": "",
  "errno": 0,
  "is_end": false,
  "outline": "",
  "query": "AI技术发展趋势2026",
  "query_id": "",
  "requestId": "966323b8-3add-4b8f-bf36-b0a48fc8b2ab",
  "status": "问题理解中",
  "title": ""
}
{
  "chat_id": "",
  "errno": 0,
  "is_end": false,
  "outline": "",
  "query": "AI技术发展趋势2026",
  "query_id": "",
  "requestId": "966323b8-3add-4b8f-bf36-b0a48fc8b2ab",
  "status": "网页检索中",
  "title": ""
}
{
  "chat_id": "",
  "errno": 0,
  "is_end": false,
  "outline": "",
  "query": "AI技术发展趋势2026",
  "query_id": "",
  "requestId": "966323b8-3add-4b8f-bf36-b0a48fc8b2ab",
  "status": "信息总结中",
  "title": ""
}
{
  "chat_id": "261575198110210",
  "errno": 0,
  "is_end": false,
  "outline": "# 2026年全球人工智能发展趋势前瞻\n",
  "query": "AI技术发展趋势2026",
  "query_id": "301473721230210",
  "requestId": "966323b8-3add-4b8f-bf36-b0a48fc8b2ab",
  "status": "大纲生成中",
  "title": "2026年全球人工智能发展趋势前瞻\n"
}
{
  "chat_id": "261575198110210",
  "errno": 0,
  "is_end": false,
  "outline": "",
  "query": "AI技术发展趋势2026",
  "query_id": "301473721230210",
  "requestId": "966323b8-3add-4b8f-bf36-b0a48fc8b2ab",
  "status": "大纲生成中",
  "title": "2026年全球人工智能发展趋势前瞻\n"
}
{
  "chat_id": "261575198110210",
  "errno": 0,
  "is_end": false,
  "outline": "",
  "query": "AI技术发展趋势2026",
  "query_id": "301473721230210",
  "requestId": "966323b8-3add-4b8f-bf36-b0a48fc8b2ab",
  "status": "大纲生成中",
  "title": "2026年全球人工智能发展趋势前瞻\n"
}
{
  "chat_id": "261575198110210",
  "errno": 0,
  "is_end": false,
  "outline": "",
  "query": "AI技术发展趋势2026",
  "query_id": "301473721230210",
  "requestId": "966323b8-3add-4b8f-bf36-b0a48fc8b2ab",
  "status": "大纲生成中",
  "title": "2026年全球人工智能发展趋势前瞻\n"
}
{
  "chat_id": "261575198110210",
  "errno": 0,
  "is_end": false,
  "outline": "",
  "query": "AI技术发展趋势2026",
  "query_id": "301473721230210",
  "requestId": "966323b8-3add-4b8f-bf36-b0a48fc8b2ab",
  "status": "大纲生成中",
  "title": "2026年全球人工智能发展趋势前瞻\n"
}
{
  "chat_id": "261575198110210",
  "errno": 0,
  "is_end": false,
  "outline": "* 全球AI产业规模与格局\n",
  "query": "AI技术发展趋势2026",
  "query_id": "301473721230210",
  "requestId": "966323b8-3add-4b8f-bf36-b0a48fc8b2ab",
  "status": "大纲生成中",
  "title": "2026年全球人工智能发展趋势前瞻\n"
}
{
  "chat_id": "261575198110210",
  "errno": 0,
  "is_end": false,
  "outline": "",
  "query": "AI技术发展趋势2026",
  "query_id": "301473721230210",
  "requestId": "966323b8-3add-4b8f-bf36-b0a48fc8b2ab",
  "status": "大纲生成中",
  "title": "2026年全球人工智能发展趋势前瞻\n"
}
{
  "chat_id": "261575198110210",
  "errno": 0,
  "is_end": false,
  "outline": "",
  "query": "AI技术发展趋势2026",
  "query_id": "301473721230210",
  "requestId": "966323b8-3add-4b8f-bf36-b0a48fc8b2ab",
  "status": "大纲生成中",
  "title": "2026年全球人工智能发展趋势前瞻\n"
}
{
  "chat_id": "261575198110210",
  "errno": 0,
  "is_end": false,
  "outline": "",
  "query": "AI技术发展趋势2026",
  "query_id": "301473721230210",
  "requestId": "966323b8-3add-4b8f-bf36-b0a48fc8b2ab",
  "status": "大纲生成中",
  "title": "2026年全球人工智能发展趋势前瞻\n"
}
{
  "chat_id": "261575198110210",
  "errno": 0,
  "is_end": false,
  "outline": "",
  "query": "AI技术发展趋势2026",
  "query_id": "301473721230210",
  "requestId": "966323b8-3add-4b8f-bf36-b0a48fc8b2ab",
  "status": "大纲生成中",
  "title": "2026年全球人工智能发展趋势前瞻\n"
}
{
  "chat_id": "261575198110210",
  "errno": 0,
  "is_end": false,
  "outline": "",
  "query": "AI技术发展趋势2026",
  "query_id": "301473721230210",
  "requestId": "966323b8-3add-4b8f-bf36-b0a48fc8b2ab",
  "status": "大纲生成中",
  "title": "2026年全球人工智能发展趋势前瞻\n"
}
{
  "chat_id": "261575198110210",
  "errno": 0,
  "is_end": false,
  "outline": "",
  "query": "AI技术发展趋势2026",
  "query_id": "301473721230210",
  "requestId": "966323b8-3add-4b8f-bf36-b0a48fc8b2ab",
  "status": "大纲生成中",
  "title": "2026年全球人工智能发展趋势前瞻\n"
}
{
  "chat_id": "261575198110210",
  "errno": 0,
  "is_end": false,
  "outline": "",
  "query": "AI技术发展趋势2026",
  "query_id": "301473721230210",
  "requestId": "966323b8-3add-4b8f-bf36-b0a48fc8b2ab",
  "status": "大纲生成中",
  "title": "2026年全球人工智能发展趋势前瞻\n"
}
{
  "chat_id": "261575198110210",
  "errno": 0,
  "is_end": false,
  "outline": "",
  "query": "AI技术发展趋势2026",
  "query_id": "301473721230210",
  "requestId": "966323b8-3add-4b8f-bf36-b0a48fc8b2ab",
  "status": "大纲生成中",
  "title": "2026年全球人工智能发展趋势前瞻\n"
}
{
  "chat_id": "261575198110210",
  "errno": 0,
  "is_end": false,
  "outline": "  * 中国AI核心产业规模突破1.2万亿元\n",
  "query": "AI技术发展趋势2026",
  "query_id": "301473721230210",
  "requestId": "966323b8-3add-4b8f-bf36-b0a48fc8b2ab",
  "status": "大纲生成中",
  "title": "2026年全球人工智能发展趋势前瞻\n"
}
{
  "chat_id": "261575198110210",
  "errno": 0,
  "is_end": false,
  "outline": "",
  "query": "AI技术发展趋势2026",
  "query_id": "301473721230210",
  "requestId": "966323b8-3add-4b8f-bf36-b0a48fc8b2ab",
  "status": "大纲生成中",
  "title": "2026年全球人工智能发展趋势前瞻\n"
}
{
  "chat_id": "261575198110210",
  "errno": 0,
  "is_end": false,
  "outline": "",
  "query": "AI技术发展趋势2026",
  "query_id": "301473721230210",
  "requestId": "966323b8-3add-4b8f-bf36-b0a48fc8b2ab",
  "status": "大纲生成中",
  "title": "2026年全球人工智能发展趋势前瞻\n"
}
{
  "chat_id": "261575198110210",
  "errno": 0,
  "is_end": false,
  "outline": "",
  "query": "AI技术发展趋势2026",
  "query_id": "301473721230210",
  "requestId": "966323b8-3add-4b8f-bf36-b0a48fc8b2ab",
  "status": "大纲生成中",
  "title": "2026年全球人工智能发展趋势前瞻\n"
}
{
  "chat_id": "261575198110210",
  "errno": 0,
  "is_end": false,
  "outline": "",
  "query": "AI技术发展趋势2026",
  "query_id": "301473721230210",
  "requestId": "966323b8-3add-4b8f-bf36-b0a48fc8b2ab",
  "status": "大纲生成中",
  "title": "2026年全球人工智能发展趋势前瞻\n"
}
{
  "chat_id": "261575198110210",
  "errno": 0,
  "is_end": false,
  "outline": "",
  "query": "AI技术发展趋势2026",
  "query_id": "301473721230210",
  "requestId": "966323b8-3add-4b8f-bf36-b0a48fc8b2ab",
  "status": "大纲生成中",
  "title": "2026年全球人工智能发展趋势前瞻\n"
}
{
  "chat_id": "261575198110210",
  "errno": 0,
  "is_end": false,
  "outline": "",
  "query": "AI技术发展趋势2026",
  "query_id": "301473721230210",
  "requestId": "966323b8-3add-4b8f-bf36-b0a48fc8b2ab",
  "status": "大纲生成中",
  "title": "2026年全球人工智能发展趋势前瞻\n"
}
{
  "chat_id": "261575198110210",
  "errno": 0,
  "is_end": false,
  "outline": "",
  "query": "AI技术发展趋势2026",
  "query_id": "301473721230210",
  "requestId": "966323b8-3add-4b8f-bf36-b0a48fc8b2ab",
  "status": "大纲生成中",
  "title": "2026年全球人工智能发展趋势前瞻\n"
}
{
  "chat_id": "261575198110210",
  "errno": 0,
  "is_end": false,
  "outline": "",
  "query": "AI技术发展趋势2026",
  "query_id": "301473721230210",
  "requestId": "966323b8-3add-4b8f-bf36-b0a48fc8b2ab",
  "status": "大纲生成中",
  "title": "2026年全球人工智能发展趋势前瞻\n"
}
{
  "chat_id": "261575198110210",
  "errno": 0,
  "is_end": false,
  "outline": "  * 国产开源大模型全球下载量超100亿次\n",
  "query": "AI技术发展趋势2026",
  "query_id": "301473721230210",
  "requestId": "966323b8-3add-4b8f-bf36-b0a48fc8b2ab",
  "status": "大纲生成中",
  "title": "2026年全球人工智能发展趋势前瞻\n"
}
{
  "chat_id": "261575198110210",
  "errno": 0,
  "is_end": false,
  "outline": "",
  "query": "AI技术发展趋势2026",
  "query_id": "301473721230210",
  "requestId": "966323b8-3add-4b8f-bf36-b0a48fc8b2ab",
  "status": "大纲生成中",
  "title": "2026年全球人工智能发展趋势前瞻\n"
}
{
  "chat_id": "261575198110210",
  "errno": 0,
  "is_end": false,
  "outline": "",
  "query": "AI技术发展趋势2026",
  "query_id": "301473721230210",
  "requestId": "966323b8-3add-4b8f-bf36-b0a48fc8b2ab",
  "status": "大纲生成中",
  "title": "2026年全球人工智能发展趋势前瞻\n"
}
{
  "chat_id": "261575198110210",
  "errno": 0,
  "is_end": false,
  "outline": "",
  "query": "AI技术发展趋势2026",
  "query_id": "301473721230210",
  "requestId": "966323b8-3add-4b8f-bf36-b0a48fc8b2ab",
  "status": "大纲生成中",
  "title": "2026年全球人工智能发展趋势前瞻\n"
}
{
  "chat_id": "261575198110210",
  "errno": 0,
  "is_end": false,
  "outline": "",
  "query": "AI技术发展趋势2026",
  "query_id": "301473721230210",
  "requestId": "966323b8-3add-4b8f-bf36-b0a48fc8b2ab",
  "status": "大纲生成中",
  "title": "2026年全球人工智能发展趋势前瞻\n"
}
{
  "chat_id": "261575198110210",
  "errno": 0,
  "is_end": false,
  "outline": "",
  "query": "AI技术发展趋势2026",
  "query_id": "301473721230210",
  "requestId": "966323b8-3add-4b8f-bf36-b0a48fc8b2ab",
  "status": "大纲生成中",
  "title": "2026年全球人工智能发展趋势前瞻\n"
}
{
  "chat_id": "261575198110210",
  "errno": 0,
  "is_end": false,
  "outline": "  * 中国AI专利全球占比达60%\n",
  "query": "AI技术发展趋势2026",
  "query_id": "301473721230210",
  "requestId": "966323b8-3add-4b8f-bf36-b0a48fc8b2ab",
  "status": "大纲生成中",
  "title": "2026年全球人工智能发展趋势前瞻\n"
}
{
  "chat_id": "261575198110210",
  "errno": 0,
  "is_end": false,
  "outline": "",
  "query": "AI技术发展趋势2026",
  "query_id": "301473721230210",
  "requestId": "966323b8-3add-4b8f-bf36-b0a48fc8b2ab",
  "status": "大纲生成中",
  "title": "2026年全球人工智能发展趋势前瞻\n"
}
{
  "chat_id": "261575198110210",
  "errno": 0,
  "is_end": false,
  "outline": "",
  "query": "AI技术发展趋势2026",
  "query_id": "301473721230210",
  "requestId": "966323b8-3add-4b8f-bf36-b0a48fc8b2ab",
  "status": "大纲生成中",
  "title": "2026年全球人工智能发展趋势前瞻\n"
}
{
  "chat_id": "261575198110210",
  "errno": 0,
  "is_end": false,
  "outline": "* 技术演进方向\n",
  "query": "AI技术发展趋势2026",
  "query_id": "301473721230210",
  "requestId": "966323b8-3add-4b8f-bf36-b0a48fc8b2ab",
  "status": "大纲生成中",
  "title": "2026年全球人工智能发展趋势前瞻\n"
}
{
  "chat_id": "261575198110210",
  "errno": 0,
  "is_end": false,
  "outline": "",
  "query": "AI技术发展趋势2026",
  "query_id": "301473721230210",
  "requestId": "966323b8-3add-4b8f-bf36-b0a48fc8b2ab",
  "status": "大纲生成中",
  "title": "2026年全球人工智能发展趋势前瞻\n"
}
{
  "chat_id": "261575198110210",
  "errno": 0,
  "is_end": false,
  "outline": "",
  "query": "AI技术发展趋势2026",
  "query_id": "301473721230210",
  "requestId": "966323b8-3add-4b8f-bf36-b0a48fc8b2ab",
  "status": "大纲生成中",
  "title": "2026年全球人工智能发展趋势前瞻\n"
}
{
  "chat_id": "261575198110210",
  "errno": 0,
  "is_end": false,
  "outline": "",
  "query": "AI技术发展趋势2026",
  "query_id": "301473721230210",
  "requestId": "966323b8-3add-4b8f-bf36-b0a48fc8b2ab",
  "status": "大纲生成中",
  "title": "2026年全球人工智能发展趋势前瞻\n"
}
{
  "chat_id": "261575198110210",
  "errno": 0,
  "is_end": false,
  "outline": "",
  "query": "AI技术发展趋势2026",
  "query_id": "301473721230210",
  "requestId": "966323b8-3add-4b8f-bf36-b0a48fc8b2ab",
  "status": "大纲生成中",
  "title": "2026年全球人工智能发展趋势前瞻\n"
}
{
  "chat_id": "261575198110210",
  "errno": 0,
  "is_end": false,
  "outline": "",
  "query": "AI技术发展趋势2026",
  "query_id": "301473721230210",
  "requestId": "966323b8-3add-4b8f-bf36-b0a48fc8b2ab",
  "status": "大纲生成中",
  "title": "2026年全球人工智能发展趋势前瞻\n"
}
{
  "chat_id": "261575198110210",
  "errno": 0,
  "is_end": false,
  "outline": "",
  "query": "AI技术发展趋势2026",
  "query_id": "301473721230210",
  "requestId": "966323b8-3add-4b8f-bf36-b0a48fc8b2ab",
  "status": "大纲生成中",
  "title": "2026年全球人工智能发展趋势前瞻\n"
}
{
  "chat_id": "261575198110210",
  "errno": 0,
  "is_end": false,
  "outline": "",
  "query": "AI技术发展趋势2026",
  "query_id": "301473721230210",
  "requestId": "966323b8-3add-4b8f-bf36-b0a48fc8b2ab",
  "status": "大纲生成中",
  "title": "2026年全球人工智能发展趋势前瞻\n"
}
{
  "chat_id": "261575198110210",
  "errno": 0,
  "is_end": false,
  "outline": "  * 大模型竞赛：规模与效率双提升\n",
  "query": "AI技术发展趋势2026",
  "query_id": "301473721230210",
  "requestId": "966323b8-3add-4b8f-bf36-b0a48fc8b2ab",
  "status": "大纲生成中",
  "title": "2026年全球人工智能发展趋势前瞻\n"
}
{
  "chat_id": "261575198110210",
  "errno": 0,
  "is_end": false,
  "outline": "",
  "query": "AI技术发展趋势2026",
  "query_id": "301473721230210",
  "requestId": "966323b8-3add-4b8f-bf36-b0a48fc8b2ab",
  "status": "大纲生成中",
  "title": "2026年全球人工智能发展趋势前瞻\n"
}
{
  "chat_id": "261575198110210",
  "errno": 0,
  "is_end": false,
  "outline": "",
  "query": "AI技术发展趋势2026",
  "query_id": "301473721230210",
  "requestId": "966323b8-3add-4b8f-bf36-b0a48fc8b2ab",
  "status": "大纲生成中",
  "title": "2026年全球人工智能发展趋势前瞻\n"
}
{
  "chat_id": "261575198110210",
  "errno": 0,
  "is_end": false,
  "outline": "",
  "query": "AI技术发展趋势2026",
  "query_id": "301473721230210",
  "requestId": "966323b8-3add-4b8f-bf36-b0a48fc8b2ab",
  "status": "大纲生成中",
  "title": "2026年全球人工智能发展趋势前瞻\n"
}
{
  "chat_id": "261575198110210",
  "errno": 0,
  "is_end": false,
  "outline": "",
  "query": "AI技术发展趋势2026",
  "query_id": "301473721230210",
  "requestId": "966323b8-3add-4b8f-bf36-b0a48fc8b2ab",
  "status": "大纲生成中",
  "title": "2026年全球人工智能发展趋势前瞻\n"
}
{
  "chat_id": "261575198110210",
  "errno": 0,
  "is_end": false,
  "outline": "",
  "query": "AI技术发展趋势2026",
  "query_id": "301473721230210",
  "requestId": "966323b8-3add-4b8f-bf36-b0a48fc8b2ab",
  "status": "大纲生成中",
  "title": "2026年全球人工智能发展趋势前瞻\n"
}
{
  "chat_id": "261575198110210",
  "errno": 0,
  "is_end": false,
  "outline": "",
  "query": "AI技术发展趋势2026",
  "query_id": "301473721230210",
  "requestId": "966323b8-3add-4b8f-bf36-b0a48fc8b2ab",
  "status": "大纲生成中",
  "title": "2026年全球人工智能发展趋势前瞻\n"
}
{
  "chat_id": "261575198110210",
  "errno": 0,
  "is_end": false,
  "outline": "",
  "query": "AI技术发展趋势2026",
  "query_id": "301473721230210",
  "requestId": "966323b8-3add-4b8f-bf36-b0a48fc8b2ab",
  "status": "大纲生成中",
  "title": "2026年全球人工智能发展趋势前瞻\n"
}
{
  "chat_id": "261575198110210",
  "errno": 0,
  "is_end": false,
  "outline": "  * 智能体普及：40%企业应用嵌入任务型AI\n",
  "query": "AI技术发展趋势2026",
  "query_id": "301473721230210",
  "requestId": "966323b8-3add-4b8f-bf36-b0a48fc8b2ab",
  "status": "大纲生成中",
  "title": "2026年全球人工智能发展趋势前瞻\n"
}
{
  "chat_id": "261575198110210",
  "errno": 0,
  "is_end": false,
  "outline": "",
  "query": "AI技术发展趋势2026",
  "query_id": "301473721230210",
  "requestId": "966323b8-3add-4b8f-bf36-b0a48fc8b2ab",
  "status": "大纲生成中",
  "title": "2026年全球人工智能发展趋势前瞻\n"
}
{
  "chat_id": "261575198110210",
  "errno": 0,
  "is_end": false,
  "outline": "",
  "query": "AI技术发展趋势2026",
  "query_id": "301473721230210",
  "requestId": "966323b8-3add-4b8f-bf36-b0a48fc8b2ab",
  "status": "大纲生成中",
  "title": "2026年全球人工智能发展趋势前瞻\n"
}
{
  "chat_id": "261575198110210",
  "errno": 0,
  "is_end": false,
  "outline": "",
  "query": "AI技术发展趋势2026",
  "query_id": "301473721230210",
  "requestId": "966323b8-3add-4b8f-bf36-b0a48fc8b2ab",
  "status": "大纲生成中",
  "title": "2026年全球人工智能发展趋势前瞻\n"
}
{
  "chat_id": "261575198110210",
  "errno": 0,
  "is_end": false,
  "outline": "",
  "query": "AI技术发展趋势2026",
  "query_id": "301473721230210",
  "requestId": "966323b8-3add-4b8f-bf36-b0a48fc8b2ab",
  "status": "大纲生成中",
  "title": "2026年全球人工智能发展趋势前瞻\n"
}
{
  "chat_id": "261575198110210",
  "errno": 0,
  "is_end": false,
  "outline": "",
  "query": "AI技术发展趋势2026",
  "query_id": "301473721230210",
  "requestId": "966323b8-3add-4b8f-bf36-b0a48fc8b2ab",
  "status": "大纲生成中",
  "title": "2026年全球人工智能发展趋势前瞻\n"
}
{
  "chat_id": "261575198110210",
  "errno": 0,
  "is_end": false,
  "outline": "  * 空间智能成为新前沿\n",
  "query": "AI技术发展趋势2026",
  "query_id": "301473721230210",
  "requestId": "966323b8-3add-4b8f-bf36-b0a48fc8b2ab",
  "status": "大纲生成中",
  "title": "2026年全球人工智能发展趋势前瞻\n"
}
{
  "chat_id": "261575198110210",
  "errno": 0,
  "is_end": false,
  "outline": "",
  "query": "AI技术发展趋势2026",
  "query_id": "301473721230210",
  "requestId": "966323b8-3add-4b8f-bf36-b0a48fc8b2ab",
  "status": "大纲生成中",
  "title": "2026年全球人工智能发展趋势前瞻\n"
}
{
  "chat_id": "261575198110210",
  "errno": 0,
  "is_end": false,
  "outline": "",
  "query": "AI技术发展趋势2026",
  "query_id": "301473721230210",
  "requestId": "966323b8-3add-4b8f-bf36-b0a48fc8b2ab",
  "status": "大纲生成中",
  "title": "2026年全球人工智能发展趋势前瞻\n"
}
{
  "chat_id": "261575198110210",
  "errno": 0,
  "is_end": false,
  "outline": "",
  "query": "AI技术发展趋势2026",
  "query_id": "301473721230210",
  "requestId": "966323b8-3add-4b8f-bf36-b0a48fc8b2ab",
  "status": "大纲生成中",
  "title": "2026年全球人工智能发展趋势前瞻\n"
}
{
  "chat_id": "261575198110210",
  "errno": 0,
  "is_end": false,
  "outline": "* 商业化与价值落地\n",
  "query": "AI技术发展趋势2026",
  "query_id": "301473721230210",
  "requestId": "966323b8-3add-4b8f-bf36-b0a48fc8b2ab",
  "status": "大纲生成中",
  "title": "2026年全球人工智能发展趋势前瞻\n"
}
{
  "chat_id": "261575198110210",
  "errno": 0,
  "is_end": false,
  "outline": "",
  "query": "AI技术发展趋势2026",
  "query_id": "301473721230210",
  "requestId": "966323b8-3add-4b8f-bf36-b0a48fc8b2ab",
  "status": "大纲生成中",
  "title": "2026年全球人工智能发展趋势前瞻\n"
}
{
  "chat_id": "261575198110210",
  "errno": 0,
  "is_end": false,
  "outline": "",
  "query": "AI技术发展趋势2026",
  "query_id": "301473721230210",
  "requestId": "966323b8-3add-4b8f-bf36-b0a48fc8b2ab",
  "status": "大纲生成中",
  "title": "2026年全球人工智能发展趋势前瞻\n"
}
{
  "chat_id": "261575198110210",
  "errno": 0,
  "is_end": false,
  "outline": "",
  "query": "AI技术发展趋势2026",
  "query_id": "301473721230210",
  "requestId": "966323b8-3add-4b8f-bf36-b0a48fc8b2ab",
  "status": "大纲生成中",
  "title": "2026年全球人工智能发展趋势前瞻\n"
}
{
  "chat_id": "261575198110210",
  "errno": 0,
  "is_end": false,
  "outline": "",
  "query": "AI技术发展趋势2026",
  "query_id": "301473721230210",
  "requestId": "966323b8-3add-4b8f-bf36-b0a48fc8b2ab",
  "status": "大纲生成中",
  "title": "2026年全球人工智能发展趋势前瞻\n"
}
{
  "chat_id": "261575198110210",
  "errno": 0,
  "is_end": false,
  "outline": "",
  "query": "AI技术发展趋势2026",
  "query_id": "301473721230210",
  "requestId": "966323b8-3add-4b8f-bf36-b0a48fc8b2ab",
  "status": "大纲生成中",
  "title": "2026年全球人工智能发展趋势前瞻\n"
}
{
  "chat_id": "261575198110210",
  "errno": 0,
  "is_end": false,
  "outline": "",
  "query": "AI技术发展趋势2026",
  "query_id": "301473721230210",
  "requestId": "966323b8-3add-4b8f-bf36-b0a48fc8b2ab",
  "status": "大纲生成中",
  "title": "2026年全球人工智能发展趋势前瞻\n"
}
{
  "chat_id": "261575198110210",
  "errno": 0,
  "is_end": false,
  "outline": "",
  "query": "AI技术发展趋势2026",
  "query_id": "301473721230210",
  "requestId": "966323b8-3add-4b8f-bf36-b0a48fc8b2ab",
  "status": "大纲生成中",
  "title": "2026年全球人工智能发展趋势前瞻\n"
}
{
  "chat_id": "261575198110210",
  "errno": 0,
  "is_end": false,
  "outline": "  * AI从工具转向企业“数字员工”\n",
  "query": "AI技术发展趋势2026",
  "query_id": "301473721230210",
  "requestId": "966323b8-3add-4b8f-bf36-b0a48fc8b2ab",
  "status": "大纲生成中",
  "title": "2026年全球人工智能发展趋势前瞻\n"
}
{
  "chat_id": "261575198110210",
  "errno": 0,
  "is_end": false,
  "outline": "",
  "query": "AI技术发展趋势2026",
  "query_id": "301473721230210",
  "requestId": "966323b8-3add-4b8f-bf36-b0a48fc8b2ab",
  "status": "大纲生成中",
  "title": "2026年全球人工智能发展趋势前瞻\n"
}
{
  "chat_id": "261575198110210",
  "errno": 0,
  "is_end": false,
  "outline": "",
  "query": "AI技术发展趋势2026",
  "query_id": "301473721230210",
  "requestId": "966323b8-3add-4b8f-bf36-b0a48fc8b2ab",
  "status": "大纲生成中",
  "title": "2026年全球人工智能发展趋势前瞻\n"
}
{
  "chat_id": "261575198110210",
  "errno": 0,
  "is_end": false,
  "outline": "",
  "query": "AI技术发展趋势2026",
  "query_id": "301473721230210",
  "requestId": "966323b8-3add-4b8f-bf36-b0a48fc8b2ab",
  "status": "大纲生成中",
  "title": "2026年全球人工智能发展趋势前瞻\n"
}
{
  "chat_id": "261575198110210",
  "errno": 0,
  "is_end": false,
  "outline": "",
  "query": "AI技术发展趋势2026",
  "query_id": "301473721230210",
  "requestId": "966323b8-3add-4b8f-bf36-b0a48fc8b2ab",
  "status": "大纲生成中",
  "title": "2026年全球人工智能发展趋势前瞻\n"
}
{
  "chat_id": "261575198110210",
  "errno": 0,
  "is_end": false,
  "outline": "  * 垂直行业定制化方案崛起\n",
  "query": "AI技术发展趋势2026",
  "query_id": "301473721230210",
  "requestId": "966323b8-3add-4b8f-bf36-b0a48fc8b2ab",
  "status": "大纲生成中",
  "title": "2026年全球人工智能发展趋势前瞻\n"
}
{
  "chat_id": "261575198110210",
  "errno": 0,
  "is_end": false,
  "outline": "",
  "query": "AI技术发展趋势2026",
  "query_id": "301473721230210",
  "requestId": "966323b8-3add-4b8f-bf36-b0a48fc8b2ab",
  "status": "大纲生成中",
  "title": "2026年全球人工智能发展趋势前瞻\n"
}
{
  "chat_id": "261575198110210",
  "errno": 0,
  "is_end": false,
  "outline": "",
  "query": "AI技术发展趋势2026",
  "query_id": "301473721230210",
  "requestId": "966323b8-3add-4b8f-bf36-b0a48fc8b2ab",
  "status": "大纲生成中",
  "title": "2026年全球人工智能发展趋势前瞻\n"
}
{
  "chat_id": "261575198110210",
  "errno": 0,
  "is_end": false,
  "outline": "",
  "query": "AI技术发展趋势2026",
  "query_id": "301473721230210",
  "requestId": "966323b8-3add-4b8f-bf36-b0a48fc8b2ab",
  "status": "大纲生成中",
  "title": "2026年全球人工智能发展趋势前瞻\n"
}
{
  "chat_id": "261575198110210",
  "errno": 0,
  "is_end": false,
  "outline": "",
  "query": "AI技术发展趋势2026",
  "query_id": "301473721230210",
  "requestId": "966323b8-3add-4b8f-bf36-b0a48fc8b2ab",
  "status": "大纲生成中",
  "title": "2026年全球人工智能发展趋势前瞻\n"
}
{
  "chat_id": "261575198110210",
  "errno": 0,
  "is_end": false,
  "outline": "",
  "query": "AI技术发展趋势2026",
  "query_id": "301473721230210",
  "requestId": "966323b8-3add-4b8f-bf36-b0a48fc8b2ab",
  "status": "大纲生成中",
  "title": "2026年全球人工智能发展趋势前瞻\n"
}
{
  "chat_id": "261575198110210",
  "errno": 0,
  "is_end": false,
  "outline": "  * 效能验证成为投资核心指标\n",
  "query": "AI技术发展趋势2026",
  "query_id": "301473721230210",
  "requestId": "966323b8-3add-4b8f-bf36-b0a48fc8b2ab",
  "status": "大纲生成中",
  "title": "2026年全球人工智能发展趋势前瞻\n"
}
{
  "chat_id": "261575198110210",
  "errno": 0,
  "is_end": false,
  "outline": "",
  "query": "AI技术发展趋势2026",
  "query_id": "301473721230210",
  "requestId": "966323b8-3add-4b8f-bf36-b0a48fc8b2ab",
  "status": "大纲生成中",
  "title": "2026年全球人工智能发展趋势前瞻\n"
}
{
  "chat_id": "261575198110210",
  "errno": 0,
  "is_end": false,
  "outline": "",
  "query": "AI技术发展趋势2026",
  "query_id": "301473721230210",
  "requestId": "966323b8-3add-4b8f-bf36-b0a48fc8b2ab",
  "status": "大纲生成中",
  "title": "2026年全球人工智能发展趋势前瞻\n"
}
{
  "chat_id": "261575198110210",
  "errno": 0,
  "is_end": false,
  "outline": "* 工业AI深度融合\n",
  "query": "AI技术发展趋势2026",
  "query_id": "301473721230210",
  "requestId": "966323b8-3add-4b8f-bf36-b0a48fc8b2ab",
  "status": "大纲生成中",
  "title": "2026年全球人工智能发展趋势前瞻\n"
}
{
  "chat_id": "261575198110210",
  "errno": 0,
  "is_end": false,
  "outline": "",
  "query": "AI技术发展趋势2026",
  "query_id": "301473721230210",
  "requestId": "966323b8-3add-4b8f-bf36-b0a48fc8b2ab",
  "status": "大纲生成中",
  "title": "2026年全球人工智能发展趋势前瞻\n"
}
{
  "chat_id": "261575198110210",
  "errno": 0,
  "is_end": false,
  "outline": "",
  "query": "AI技术发展趋势2026",
  "query_id": "301473721230210",
  "requestId": "966323b8-3add-4b8f-bf36-b0a48fc8b2ab",
  "status": "大纲生成中",
  "title": "2026年全球人工智能发展趋势前瞻\n"
}
{
  "chat_id": "261575198110210",
  "errno": 0,
  "is_end": false,
  "outline": "",
  "query": "AI技术发展趋势2026",
  "query_id": "301473721230210",
  "requestId": "966323b8-3add-4b8f-bf36-b0a48fc8b2ab",
  "status": "大纲生成中",
  "title": "2026年全球人工智能发展趋势前瞻\n"
}
{
  "chat_id": "261575198110210",
  "errno": 0,
  "is_end": false,
  "outline": "",
  "query": "AI技术发展趋势2026",
  "query_id": "301473721230210",
  "requestId": "966323b8-3add-4b8f-bf36-b0a48fc8b2ab",
  "status": "大纲生成中",
  "title": "2026年全球人工智能发展趋势前瞻\n"
}
{
  "chat_id": "261575198110210",
  "errno": 0,
  "is_end": false,
  "outline": "",
  "query": "AI技术发展趋势2026",
  "query_id": "301473721230210",
  "requestId": "966323b8-3add-4b8f-bf36-b0a48fc8b2ab",
  "status": "大纲生成中",
  "title": "2026年全球人工智能发展趋势前瞻\n"
}
{
  "chat_id": "261575198110210",
  "errno": 0,
  "is_end": false,
  "outline": "",
  "query": "AI技术发展趋势2026",
  "query_id": "301473721230210",
  "requestId": "966323b8-3add-4b8f-bf36-b0a48fc8b2ab",
  "status": "大纲生成中",
  "title": "2026年全球人工智能发展趋势前瞻\n"
}
{
  "chat_id": "261575198110210",
  "errno": 0,
  "is_end": false,
  "outline": "",
  "query": "AI技术发展趋势2026",
  "query_id": "301473721230210",
  "requestId": "966323b8-3add-4b8f-bf36-b0a48fc8b2ab",
  "status": "大纲生成中",
  "title": "2026年全球人工智能发展趋势前瞻\n"
}
{
  "chat_id": "261575198110210",
  "errno": 0,
  "is_end": false,
  "outline": "",
  "query": "AI技术发展趋势2026",
  "query_id": "301473721230210",
  "requestId": "966323b8-3add-4b8f-bf36-b0a48fc8b2ab",
  "status": "大纲生成中",
  "title": "2026年全球人工智能发展趋势前瞻\n"
}
{
  "chat_id": "261575198110210",
  "errno": 0,
  "is_end": false,
  "outline": "  * 工程设计到供应链全链条AI应用\n",
  "query": "AI技术发展趋势2026",
  "query_id": "301473721230210",
  "requestId": "966323b8-3add-4b8f-bf36-b0a48fc8b2ab",
  "status": "大纲生成中",
  "title": "2026年全球人工智能发展趋势前瞻\n"
}
{
  "chat_id": "261575198110210",
  "errno": 0,
  "is_end": false,
  "outline": "",
  "query": "AI技术发展趋势2026",
  "query_id": "301473721230210",
  "requestId": "966323b8-3add-4b8f-bf36-b0a48fc8b2ab",
  "status": "大纲生成中",
  "title": "2026年全球人工智能发展趋势前瞻\n"
}
{
  "chat_id": "261575198110210",
  "errno": 0,
  "is_end": false,
  "outline": "",
  "query": "AI技术发展趋势2026",
  "query_id": "301473721230210",
  "requestId": "966323b8-3add-4b8f-bf36-b0a48fc8b2ab",
  "status": "大纲生成中",
  "title": "2026年全球人工智能发展趋势前瞻\n"
}
{
  "chat_id": "261575198110210",
  "errno": 0,
  "is_end": false,
  "outline": "",
  "query": "AI技术发展趋势2026",
  "query_id": "301473721230210",
  "requestId": "966323b8-3add-4b8f-bf36-b0a48fc8b2ab",
  "status": "大纲生成中",
  "title": "2026年全球人工智能发展趋势前瞻\n"
}
{
  "chat_id": "261575198110210",
  "errno": 0,
  "is_end": false,
  "outline": "",
  "query": "AI技术发展趋势2026",
  "query_id": "301473721230210",
  "requestId": "966323b8-3add-4b8f-bf36-b0a48fc8b2ab",
  "status": "大纲生成中",
  "title": "2026年全球人工智能发展趋势前瞻\n"
}
{
  "chat_id": "261575198110210",
  "errno": 0,
  "is_end": false,
  "outline": "",
  "query": "AI技术发展趋势2026",
  "query_id": "301473721230210",
  "requestId": "966323b8-3add-4b8f-bf36-b0a48fc8b2ab",
  "status": "大纲生成中",
  "title": "2026年全球人工智能发展趋势前瞻\n"
}
{
  "chat_id": "261575198110210",
  "errno": 0,
  "is_end": false,
  "outline": "",
  "query": "AI技术发展趋势2026",
  "query_id": "301473721230210",
  "requestId": "966323b8-3add-4b8f-bf36-b0a48fc8b2ab",
  "status": "大纲生成中",
  "title": "2026年全球人工智能发展趋势前瞻\n"
}
{
  "chat_id": "261575198110210",
  "errno": 0,
  "is_end": false,
  "outline": "",
  "query": "AI技术发展趋势2026",
  "query_id": "301473721230210",
  "requestId": "966323b8-3add-4b8f-bf36-b0a48fc8b2ab",
  "status": "大纲生成中",
  "title": "2026年全球人工智能发展趋势前瞻\n"
}
{
  "chat_id": "261575198110210",
  "errno": 0,
  "is_end": false,
  "outline": "",
  "query": "AI技术发展趋势2026",
  "query_id": "301473721230210",
  "requestId": "966323b8-3add-4b8f-bf36-b0a48fc8b2ab",
  "status": "大纲生成中",
  "title": "2026年全球人工智能发展趋势前瞻\n"
}
{
  "chat_id": "261575198110210",
  "errno": 0,
  "is_end": false,
  "outline": "",
  "query": "AI技术发展趋势2026",
  "query_id": "301473721230210",
  "requestId": "966323b8-3add-4b8f-bf36-b0a48fc8b2ab",
  "status": "大纲生成中",
  "title": "2026年全球人工智能发展趋势前瞻\n"
}
{
  "chat_id": "261575198110210",
  "errno": 0,
  "is_end": false,
  "outline": "  * 从“可用”到“可控”的治理需求\n",
  "query": "AI技术发展趋势2026",
  "query_id": "301473721230210",
  "requestId": "966323b8-3add-4b8f-bf36-b0a48fc8b2ab",
  "status": "大纲生成中",
  "title": "2026年全球人工智能发展趋势前瞻\n"
}
{
  "chat_id": "261575198110210",
  "errno": 0,
  "is_end": false,
  "outline": "",
  "query": "AI技术发展趋势2026",
  "query_id": "301473721230210",
  "requestId": "966323b8-3add-4b8f-bf36-b0a48fc8b2ab",
  "status": "大纲生成中",
  "title": "2026年全球人工智能发展趋势前瞻\n"
}
{
  "chat_id": "261575198110210",
  "errno": 0,
  "is_end": false,
  "outline": "",
  "query": "AI技术发展趋势2026",
  "query_id": "301473721230210",
  "requestId": "966323b8-3add-4b8f-bf36-b0a48fc8b2ab",
  "status": "大纲生成中",
  "title": "2026年全球人工智能发展趋势前瞻\n"
}
{
  "chat_id": "261575198110210",
  "errno": 0,
  "is_end": false,
  "outline": "",
  "query": "AI技术发展趋势2026",
  "query_id": "301473721230210",
  "requestId": "966323b8-3add-4b8f-bf36-b0a48fc8b2ab",
  "status": "大纲生成中",
  "title": "2026年全球人工智能发展趋势前瞻\n"
}
{
  "chat_id": "261575198110210",
  "errno": 0,
  "is_end": false,
  "outline": "",
  "query": "AI技术发展趋势2026",
  "query_id": "301473721230210",
  "requestId": "966323b8-3add-4b8f-bf36-b0a48fc8b2ab",
  "status": "大纲生成中",
  "title": "2026年全球人工智能发展趋势前瞻\n"
}
{
  "chat_id": "261575198110210",
  "errno": 0,
  "is_end": false,
  "outline": "  * 能源管理与绿色化协同\n",
  "query": "AI技术发展趋势2026",
  "query_id": "301473721230210",
  "requestId": "966323b8-3add-4b8f-bf36-b0a48fc8b2ab",
  "status": "大纲生成中",
  "title": "2026年全球人工智能发展趋势前瞻\n"
}
{
  "chat_id": "261575198110210",
  "errno": 0,
  "is_end": false,
  "outline": "",
  "query": "AI技术发展趋势2026",
  "query_id": "301473721230210",
  "requestId": "966323b8-3add-4b8f-bf36-b0a48fc8b2ab",
  "status": "大纲生成中",
  "title": "2026年全球人工智能发展趋势前瞻\n"
}
{
  "chat_id": "261575198110210",
  "errno": 0,
  "is_end": false,
  "outline": "",
  "query": "AI技术发展趋势2026",
  "query_id": "301473721230210",
  "requestId": "966323b8-3add-4b8f-bf36-b0a48fc8b2ab",
  "status": "大纲生成中",
  "title": "2026年全球人工智能发展趋势前瞻\n"
}
{
  "chat_id": "261575198110210",
  "errno": 0,
  "is_end": false,
  "outline": "",
  "query": "AI技术发展趋势2026",
  "query_id": "301473721230210",
  "requestId": "966323b8-3add-4b8f-bf36-b0a48fc8b2ab",
  "status": "大纲生成中",
  "title": "2026年全球人工智能发展趋势前瞻\n"
}
{
  "chat_id": "261575198110210",
  "errno": 0,
  "is_end": false,
  "outline": "* 基础设施与治理挑战\n",
  "query": "AI技术发展趋势2026",
  "query_id": "301473721230210",
  "requestId": "966323b8-3add-4b8f-bf36-b0a48fc8b2ab",
  "status": "大纲生成中",
  "title": "2026年全球人工智能发展趋势前瞻\n"
}
{
  "chat_id": "261575198110210",
  "errno": 0,
  "is_end": false,
  "outline": "",
  "query": "AI技术发展趋势2026",
  "query_id": "301473721230210",
  "requestId": "966323b8-3add-4b8f-bf36-b0a48fc8b2ab",
  "status": "大纲生成中",
  "title": "2026年全球人工智能发展趋势前瞻\n"
}
{
  "chat_id": "261575198110210",
  "errno": 0,
  "is_end": false,
  "outline": "",
  "query": "AI技术发展趋势2026",
  "query_id": "301473721230210",
  "requestId": "966323b8-3add-4b8f-bf36-b0a48fc8b2ab",
  "status": "大纲生成中",
  "title": "2026年全球人工智能发展趋势前瞻\n"
}
{
  "chat_id": "261575198110210",
  "errno": 0,
  "is_end": false,
  "outline": "",
  "query": "AI技术发展趋势2026",
  "query_id": "301473721230210",
  "requestId": "966323b8-3add-4b8f-bf36-b0a48fc8b2ab",
  "status": "大纲生成中",
  "title": "2026年全球人工智能发展趋势前瞻\n"
}
{
  "chat_id": "261575198110210",
  "errno": 0,
  "is_end": false,
  "outline": "",
  "query": "AI技术发展趋势2026",
  "query_id": "301473721230210",
  "requestId": "966323b8-3add-4b8f-bf36-b0a48fc8b2ab",
  "status": "大纲生成中",
  "title": "2026年全球人工智能发展趋势前瞻\n"
}
{
  "chat_id": "261575198110210",
  "errno": 0,
  "is_end": false,
  "outline": "",
  "query": "AI技术发展趋势2026",
  "query_id": "301473721230210",
  "requestId": "966323b8-3add-4b8f-bf36-b0a48fc8b2ab",
  "status": "大纲生成中",
  "title": "2026年全球人工智能发展趋势前瞻\n"
}
{
  "chat_id": "261575198110210",
  "errno": 0,
  "is_end": false,
  "outline": "  * AI超算与机密计算需求激增\n",
  "query": "AI技术发展趋势2026",
  "query_id": "301473721230210",
  "requestId": "966323b8-3add-4b8f-bf36-b0a48fc8b2ab",
  "status": "大纲生成中",
  "title": "2026年全球人工智能发展趋势前瞻\n"
}
{
  "chat_id": "261575198110210",
  "errno": 0,
  "is_end": false,
  "outline": "",
  "query": "AI技术发展趋势2026",
  "query_id": "301473721230210",
  "requestId": "966323b8-3add-4b8f-bf36-b0a48fc8b2ab",
  "status": "大纲生成中",
  "title": "2026年全球人工智能发展趋势前瞻\n"
}
{
  "chat_id": "261575198110210",
  "errno": 0,
  "is_end": false,
  "outline": "",
  "query": "AI技术发展趋势2026",
  "query_id": "301473721230210",
  "requestId": "966323b8-3add-4b8f-bf36-b0a48fc8b2ab",
  "status": "大纲生成中",
  "title": "2026年全球人工智能发展趋势前瞻\n"
}
{
  "chat_id": "261575198110210",
  "errno": 0,
  "is_end": false,
  "outline": "",
  "query": "AI技术发展趋势2026",
  "query_id": "301473721230210",
  "requestId": "966323b8-3add-4b8f-bf36-b0a48fc8b2ab",
  "status": "大纲生成中",
  "title": "2026年全球人工智能发展趋势前瞻\n"
}
{
  "chat_id": "261575198110210",
  "errno": 0,
  "is_end": false,
  "outline": "",
  "query": "AI技术发展趋势2026",
  "query_id": "301473721230210",
  "requestId": "966323b8-3add-4b8f-bf36-b0a48fc8b2ab",
  "status": "大纲生成中",
  "title": "2026年全球人工智能发展趋势前瞻\n"
}
{
  "chat_id": "261575198110210",
  "errno": 0,
  "is_end": false,
  "outline": "",
  "query": "AI技术发展趋势2026",
  "query_id": "301473721230210",
  "requestId": "966323b8-3add-4b8f-bf36-b0a48fc8b2ab",
  "status": "大纲生成中",
  "title": "2026年全球人工智能发展趋势前瞻\n"
}
{
  "chat_id": "261575198110210",
  "errno": 0,
  "is_end": false,
  "outline": "",
  "query": "AI技术发展趋势2026",
  "query_id": "301473721230210",
  "requestId": "966323b8-3add-4b8f-bf36-b0a48fc8b2ab",
  "status": "大纲生成中",
  "title": "2026年全球人工智能发展趋势前瞻\n"
}
{
  "chat_id": "261575198110210",
  "errno": 0,
  "is_end": false,
  "outline": "  * 主动防御与信任框架普及\n",
  "query": "AI技术发展趋势2026",
  "query_id": "301473721230210",
  "requestId": "966323b8-3add-4b8f-bf36-b0a48fc8b2ab",
  "status": "大纲生成中",
  "title": "2026年全球人工智能发展趋势前瞻\n"
}
{
  "chat_id": "261575198110210",
  "errno": 0,
  "is_end": false,
  "outline": "",
  "query": "AI技术发展趋势2026",
  "query_id": "301473721230210",
  "requestId": "966323b8-3add-4b8f-bf36-b0a48fc8b2ab",
  "status": "大纲生成中",
  "title": "2026年全球人工智能发展趋势前瞻\n"
}
{
  "chat_id": "261575198110210",
  "errno": 0,
  "is_end": false,
  "outline": "",
  "query": "AI技术发展趋势2026",
  "query_id": "301473721230210",
  "requestId": "966323b8-3add-4b8f-bf36-b0a48fc8b2ab",
  "status": "大纲生成中",
  "title": "2026年全球人工智能发展趋势前瞻\n"
}
{
  "chat_id": "261575198110210",
  "errno": 0,
  "is_end": false,
  "outline": "",
  "query": "AI技术发展趋势2026",
  "query_id": "301473721230210",
  "requestId": "966323b8-3add-4b8f-bf36-b0a48fc8b2ab",
  "status": "大纲生成中",
  "title": "2026年全球人工智能发展趋势前瞻\n"
}
{
  "chat_id": "261575198110210",
  "errno": 0,
  "is_end": false,
  "outline": "",
  "query": "AI技术发展趋势2026",
  "query_id": "301473721230210",
  "requestId": "966323b8-3add-4b8f-bf36-b0a48fc8b2ab",
  "status": "大纲生成中",
  "title": "2026年全球人工智能发展趋势前瞻\n"
}
{
  "chat_id": "261575198110210",
  "errno": 0,
  "is_end": false,
  "outline": "",
  "query": "AI技术发展趋势2026",
  "query_id": "301473721230210",
  "requestId": "966323b8-3add-4b8f-bf36-b0a48fc8b2ab",
  "status": "大纲生成中",
  "title": "2026年全球人工智能发展趋势前瞻\n"
}
{
  "chat_id": "261575198110210",
  "errno": 0,
  "is_end": false,
  "outline": "  * 地缘政治驱动的区域生态分化\n",
  "query": "AI技术发展趋势2026",
  "query_id": "301473721230210",
  "requestId": "966323b8-3add-4b8f-bf36-b0a48fc8b2ab",
  "status": "大纲生成中",
  "title": "2026年全球人工智能发展趋势前瞻\n"
}
{
  "chat_id": "261575198110210",
  "errno": 0,
  "is_end": false,
  "outline": "",
  "query": "AI技术发展趋势2026",
  "query_id": "301473721230210",
  "requestId": "966323b8-3add-4b8f-bf36-b0a48fc8b2ab",
  "status": "大纲生成中",
  "title": "2026年全球人工智能发展趋势前瞻\n"
}
{
  "chat_id": "261575198110210",
  "errno": 0,
  "is_end": false,
  "outline": "",
  "query": "AI技术发展趋势2026",
  "query_id": "301473721230210",
  "requestId": "966323b8-3add-4b8f-bf36-b0a48fc8b2ab",
  "status": "大纲生成中",
  "title": "2026年全球人工智能发展趋势前瞻\n"
}
{
  "chat_id": "261575198110210",
  "errno": 0,
  "is_end": false,
  "outline": "",
  "query": "AI技术发展趋势2026",
  "query_id": "301473721230210",
  "requestId": "966323b8-3add-4b8f-bf36-b0a48fc8b2ab",
  "status": "大纲生成中",
  "title": "2026年全球人工智能发展趋势前瞻\n"
}
{
  "chat_id": "261575198110210",
  "errno": 0,
  "is_end": false,
  "outline": "* 半导体与硬件支撑\n",
  "query": "AI技术发展趋势2026",
  "query_id": "301473721230210",
  "requestId": "966323b8-3add-4b8f-bf36-b0a48fc8b2ab",
  "status": "大纲生成中",
  "title": "2026年全球人工智能发展趋势前瞻\n"
}
{
  "chat_id": "261575198110210",
  "errno": 0,
  "is_end": false,
  "outline": "",
  "query": "AI技术发展趋势2026",
  "query_id": "301473721230210",
  "requestId": "966323b8-3add-4b8f-bf36-b0a48fc8b2ab",
  "status": "大纲生成中",
  "title": "2026年全球人工智能发展趋势前瞻\n"
}
{
  "chat_id": "261575198110210",
  "errno": 0,
  "is_end": false,
  "outline": "",
  "query": "AI技术发展趋势2026",
  "query_id": "301473721230210",
  "requestId": "966323b8-3add-4b8f-bf36-b0a48fc8b2ab",
  "status": "大纲生成中",
  "title": "2026年全球人工智能发展趋势前瞻\n"
}
{
  "chat_id": "261575198110210",
  "errno": 0,
  "is_end": false,
  "outline": "",
  "query": "AI技术发展趋势2026",
  "query_id": "301473721230210",
  "requestId": "966323b8-3add-4b8f-bf36-b0a48fc8b2ab",
  "status": "大纲生成中",
  "title": "2026年全球人工智能发展趋势前瞻\n"
}
{
  "chat_id": "261575198110210",
  "errno": 0,
  "is_end": false,
  "outline": "",
  "query": "AI技术发展趋势2026",
  "query_id": "301473721230210",
  "requestId": "966323b8-3add-4b8f-bf36-b0a48fc8b2ab",
  "status": "大纲生成中",
  "title": "2026年全球人工智能发展趋势前瞻\n"
}
{
  "chat_id": "261575198110210",
  "errno": 0,
  "is_end": false,
  "outline": "",
  "query": "AI技术发展趋势2026",
  "query_id": "301473721230210",
  "requestId": "966323b8-3add-4b8f-bf36-b0a48fc8b2ab",
  "status": "大纲生成中",
  "title": "2026年全球人工智能发展趋势前瞻\n"
}
{
  "chat_id": "261575198110210",
  "errno": 0,
  "is_end": false,
  "outline": "  * 存储器产值达5516亿美元\n",
  "query": "AI技术发展趋势2026",
  "query_id": "301473721230210",
  "requestId": "966323b8-3add-4b8f-bf36-b0a48fc8b2ab",
  "status": "大纲生成中",
  "title": "2026年全球人工智能发展趋势前瞻\n"
}
{
  "chat_id": "261575198110210",
  "errno": 0,
  "is_end": false,
  "outline": "",
  "query": "AI技术发展趋势2026",
  "query_id": "301473721230210",
  "requestId": "966323b8-3add-4b8f-bf36-b0a48fc8b2ab",
  "status": "大纲生成中",
  "title": "2026年全球人工智能发展趋势前瞻\n"
}
{
  "chat_id": "261575198110210",
  "errno": 0,
  "is_end": false,
  "outline": "",
  "query": "AI技术发展趋势2026",
  "query_id": "301473721230210",
  "requestId": "966323b8-3add-4b8f-bf36-b0a48fc8b2ab",
  "status": "大纲生成中",
  "title": "2026年全球人工智能发展趋势前瞻\n"
}
{
  "chat_id": "261575198110210",
  "errno": 0,
  "is_end": false,
  "outline": "",
  "query": "AI技术发展趋势2026",
  "query_id": "301473721230210",
  "requestId": "966323b8-3add-4b8f-bf36-b0a48fc8b2ab",
  "status": "大纲生成中",
  "title": "2026年全球人工智能发展趋势前瞻\n"
}
{
  "chat_id": "261575198110210",
  "errno": 0,
  "is_end": false,
  "outline": "",
  "query": "AI技术发展趋势2026",
  "query_id": "301473721230210",
  "requestId": "966323b8-3add-4b8f-bf36-b0a48fc8b2ab",
  "status": "大纲生成中",
  "title": "2026年全球人工智能发展趋势前瞻\n"
}
{
  "chat_id": "261575198110210",
  "errno": 0,
  "is_end": false,
  "outline": "",
  "query": "AI技术发展趋势2026",
  "query_id": "301473721230210",
  "requestId": "966323b8-3add-4b8f-bf36-b0a48fc8b2ab",
  "status": "大纲生成中",
  "title": "2026年全球人工智能发展趋势前瞻\n"
}
{
  "chat_id": "261575198110210",
  "errno": 0,
  "is_end": false,
  "outline": "",
  "query": "AI技术发展趋势2026",
  "query_id": "301473721230210",
  "requestId": "966323b8-3add-4b8f-bf36-b0a48fc8b2ab",
  "status": "大纲生成中",
  "title": "2026年全球人工智能发展趋势前瞻\n"
}
{
  "chat_id": "261575198110210",
  "errno": 0,
  "is_end": false,
  "outline": "",
  "query": "AI技术发展趋势2026",
  "query_id": "301473721230210",
  "requestId": "966323b8-3add-4b8f-bf36-b0a48fc8b2ab",
  "status": "大纲生成中",
  "title": "2026年全球人工智能发展趋势前瞻\n"
}
{
  "chat_id": "261575198110210",
  "errno": 0,
  "is_end": false,
  "outline": "",
  "query": "AI技术发展趋势2026",
  "query_id": "301473721230210",
  "requestId": "966323b8-3add-4b8f-bf36-b0a48fc8b2ab",
  "status": "大纲生成中",
  "title": "2026年全球人工智能发展趋势前瞻\n"
}
{
  "chat_id": "261575198110210",
  "errno": 0,
  "is_end": false,
  "outline": "  * 晶圆代工产能与定价权博弈\n",
  "query": "AI技术发展趋势2026",
  "query_id": "301473721230210",
  "requestId": "966323b8-3add-4b8f-bf36-b0a48fc8b2ab",
  "status": "大纲生成中",
  "title": "2026年全球人工智能发展趋势前瞻\n"
}
{
  "chat_id": "261575198110210",
  "errno": 0,
  "is_end": false,
  "outline": "",
  "query": "AI技术发展趋势2026",
  "query_id": "301473721230210",
  "requestId": "966323b8-3add-4b8f-bf36-b0a48fc8b2ab",
  "status": "大纲生成中",
  "title": "2026年全球人工智能发展趋势前瞻\n"
}
{
  "chat_id": "261575198110210",
  "errno": 0,
  "is_end": false,
  "outline": "",
  "query": "AI技术发展趋势2026",
  "query_id": "301473721230210",
  "requestId": "966323b8-3add-4b8f-bf36-b0a48fc8b2ab",
  "status": "大纲生成中",
  "title": "2026年全球人工智能发展趋势前瞻\n"
}
{
  "chat_id": "261575198110210",
  "errno": 0,
  "is_end": false,
  "outline": "",
  "query": "AI技术发展趋势2026",
  "query_id": "301473721230210",
  "requestId": "966323b8-3add-4b8f-bf36-b0a48fc8b2ab",
  "status": "大纲生成中",
  "title": "2026年全球人工智能发展趋势前瞻\n"
}
{
  "chat_id": "261575198110210",
  "errno": 0,
  "is_end": false,
  "outline": "",
  "query": "AI技术发展趋势2026",
  "query_id": "301473721230210",
  "requestId": "966323b8-3add-4b8f-bf36-b0a48fc8b2ab",
  "status": "大纲生成中",
  "title": "2026年全球人工智能发展趋势前瞻\n"
}
{
  "chat_id": "261575198110210",
  "errno": 0,
  "is_end": false,
  "outline": "  * AI驱动算力基础设施升级",
  "query": "AI技术发展趋势2026",
  "query_id": "301473721230210",
  "requestId": "966323b8-3add-4b8f-bf36-b0a48fc8b2ab",
  "status": "大纲生成中",
  "title": "2026年全球人工智能发展趋势前瞻\n"
}
{
  "chat_id": "261575198110210",
  "errno": 0,
  "is_end": false,
  "outline": "",
  "query": "AI技术发展趋势2026",
  "query_id": "301473721230210",
  "requestId": "966323b8-3add-4b8f-bf36-b0a48fc8b2ab",
  "status": "大纲生成中",
  "title": "2026年全球人工智能发展趋势前瞻\n"
}
{
  "chat_id": "261575198110210",
  "errno": 0,
  "is_end": true,
  "outline": "",
  "query": "AI技术发展趋势2026",
  "query_id": "301473721230210",
  "requestId": "966323b8-3add-4b8f-bf36-b0a48fc8b2ab",
  "status": "大纲生成结束",
  "title": "2026年全球人工智能发展趋势前瞻\n"
}

   ❌ 大纲生成失败
